################################################################################
#                                                                              #
#      IAR Universal Linker V4.60I/386                                         #
#                                                                              #
#           Link time     =  02/Sep/2009  16:44:30                             #
#           Target CPU    =  ARM                                               #
#           List file     =  F:\linew\¶¹Æ¤test\an2557_DOUPI\WORM_LED\Debug\Lis #
#                            t\LED.map                                         #
#           Output file 1 =  F:\linew\¶¹Æ¤test\an2557_DOUPI\WORM_LED\Debug\Exe #
#                            \LED.d79                                          #
#                            Format: debug                                     #
#                            UBROF version 10.0.2                              #
#                            Using library modules for C-SPY (-rt)             #
#           Output file 2 =  F:\linew\¶¹Æ¤test\an2557_DOUPI\WORM_LED\Debug\Exe #
#                            \LED.hex                                          #
#                            Format: intel-extended, variant: -y(CODE)         #
#           Output file 3 =  F:\linew\¶¹Æ¤test\an2557_DOUPI\WORM_LED\Debug\Exe #
#                            \LED.bin                                          #
#                            Format: raw-binary                                #
#           Command line  =  F:\linew\¶¹Æ¤test\an2557_DOUPI\WORM_LED\Debug\Obj #
#                            \cortexm3_macro.r79                               #
#                            F:\linew\¶¹Æ¤test\an2557_DOUPI\WORM_LED\Debug\Obj #
#                            \main.r79                                         #
#                            F:\linew\¶¹Æ¤test\an2557_DOUPI\WORM_LED\Debug\Obj #
#                            \stm32f10x_flash.r79                              #
#                            F:\linew\¶¹Æ¤test\an2557_DOUPI\WORM_LED\Debug\Obj #
#                            \stm32f10x_gpio.r79                               #
#                            F:\linew\¶¹Æ¤test\an2557_DOUPI\WORM_LED\Debug\Obj #
#                            \stm32f10x_it.r79                                 #
#                            F:\linew\¶¹Æ¤test\an2557_DOUPI\WORM_LED\Debug\Obj #
#                            \stm32f10x_lib.r79                                #
#                            F:\linew\¶¹Æ¤test\an2557_DOUPI\WORM_LED\Debug\Obj #
#                            \stm32f10x_nvic.r79                               #
#                            F:\linew\¶¹Æ¤test\an2557_DOUPI\WORM_LED\Debug\Obj #
#                            \stm32f10x_rcc.r79                                #
#                            F:\linew\¶¹Æ¤test\an2557_DOUPI\WORM_LED\Debug\Obj #
#                            \stm32f10x_vector.r79                             #
#                            -o                                                #
#                            F:\linew\¶¹Æ¤test\an2557_DOUPI\WORM_LED\Debug\Exe #
#                            \LED.d79                                          #
#                            -l                                                #
#                            F:\linew\¶¹Æ¤test\an2557_DOUPI\WORM_LED\Debug\Lis #
#                            t\LED.map                                         #
#                            -xms                                              #
#                            "-ID:\Program Files\IAR Systems\Embedded Workbenc #
#                            h 4.0 Evaluation\arm\LIB\"                        #
#                            -f                                                #
#                            F:\linew\¶¹Æ¤test\an2557_DOUPI\WORM_LED\lnkarm_fl #
#                            ash.xcl                                           #
#                            (-DROMSTART=0x8002000 -DROMEND=0x807FFFF          #
#                            -DRAMSTART=0x20000000 -DRAMEND=0x2000FFFF -carm   #
#                            -Z(CODE)INTVEC=ROMSTART-ROMEND                    #
#                            -Z(CODE)ICODE,DIFUNCT=ROMSTART-ROMEND             #
#                            -Z(CODE)SWITAB=ROMSTART-ROMEND                    #
#                            -Z(CODE)CODE=ROMSTART-ROMEND                      #
#                            -Z(CONST)CODE_ID=ROMSTART-ROMEND                  #
#                            -Z(CONST)INITTAB,DATA_ID,DATA_C=ROMSTART-ROMEND   #
#                            -Z(CONST)CHECKSUM=ROMSTART-ROMEND                 #
#                            -Z(DATA)DATA_I,DATA_Z,DATA_N=RAMSTART-RAMEND      #
#                            -Z(DATA)CODE_I=RAMSTART-RAMEND -QCODE_I=CODE_ID   #
#                            -D_CSTACK_SIZE=400 -D_HEAP_SIZE=200               #
#                            -Z(DATA)CSTACK+_CSTACK_SIZE=RAMSTART-RAMEND       #
#                            -Z(DATA)HEAP+_HEAP_SIZE=RAMSTART-RAMEND           #
#                            -Ointel-extended,(CODE)=.hex) -rt                 #
#                            "D:\Program Files\IAR Systems\Embedded Workbench  #
#                            4.0 Evaluation\arm\LIB\dl7mptnnl8n.r79"           #
#                            -Oraw-binary=F:\linew\¶¹Æ¤test\an2557_DOUPI\WORM_ #
#                            LED\Debug\Exe\LED.bin                             #
#                            -s __program_start                                #
#                                                                              #
#                        Copyright 1987-2007 IAR Systems. All rights reserved. #
################################################################################





                ****************************************
                *                                      *
                *           CROSS REFERENCE            *
                *                                      *
                ****************************************

       Program entry at :           08002165  Relocatable, from module : ?CMAIN




                ****************************************
                *                                      *
                *            RUNTIME MODEL             *
                *                                      *
                ****************************************

  StackAlign4            = USED
  __cpu_mode             = __pcs__thumb
  __data_model           = absolute
  __dlib_file_descriptor = 0
  __endian               = little
  __rt_version           = 6



                ****************************************
                *                                      *
                *              MODULE MAP              *
                *                                      *
                ****************************************


  DEFINED ABSOLUTE ENTRIES
    *************************************************************************

  DEFINED ABSOLUTE ENTRIES
  PROGRAM MODULE, NAME : ?ABS_ENTRY_MOD

Absolute parts
           ENTRY                   ADDRESS         REF BY
           =====                   =======         ======
           _HEAP_SIZE              00000200 
           _CSTACK_SIZE            00000400 
           RAMEND                  2000FFFF 
           RAMSTART                20000000 
           ROMEND                  0807FFFF 
           ROMSTART                08002000 
    *************************************************************************

  FILE NAME : F:\linew\¶¹Æ¤test\an2557_DOUPI\WORM_LED\Debug\Obj\cortexm3_macro.r79
  PROGRAM MODULE, NAME : cortexm3_macro

  SEGMENTS IN THE MODULE
  ======================
CODE
  Relative segment, address: 08002194 - 0800220D (0x7a bytes), align: 2
  Segment part 0. ROOT.
           ENTRY                   ADDRESS         REF BY
           =====                   =======         ======
           __WFI                   08002195 
           __WFE                   08002199 
           __SEV                   0800219D 
           __ISB                   080021A1 
           __DSB                   080021A7 
           __DMB                   080021AD 
           __SVC                   080021B3 
           __MRS_CONTROL           080021B7 
           __MSR_CONTROL           080021BD 
           __MRS_PSP               080021C7 
           __MSR_PSP               080021CD 
           __MRS_MSP               080021D3 
           __MSR_MSP               080021D9 
           __RESETPRIMASK          080021DF        NVIC_RESETPRIMASK (stm32f10x_nvic)
           __SETPRIMASK            080021E3 
           __READ_PRIMASK          080021E7 
           __RESETFAULTMASK        080021ED 
           __SETFAULTMASK          080021F1 
           __READ_FAULTMASK        080021F5 
           __BASEPRICONFIG         080021FB 
           __GetBASEPRI            08002201 
           __REV_HalfWord          08002207 
           __REV_Word              0800220B 

    *************************************************************************

  FILE NAME : F:\linew\¶¹Æ¤test\an2557_DOUPI\WORM_LED\Debug\Obj\main.r79
  PROGRAM MODULE, NAME : main

  SEGMENTS IN THE MODULE
  ======================
CODE
  Relative segment, address: 08002210 - 08002243 (0x34 bytes), align: 2
  Segment part 2.
           ENTRY                   ADDRESS         REF BY
           =====                   =======         ======
           main                    08002211        _main (?CMAIN)
               stack 1 = 00000000 ( 00000004 )
    -------------------------------------------------------------------------
CODE
  Relative segment, address: 08002244 - 080022B1 (0x6e bytes), align: 2
  Segment part 3.             Intra module refs:   main
           ENTRY                   ADDRESS         REF BY
           =====                   =======         ======
           RCC_Configuration       08002245 
               stack 1 = 00000000 ( 00000008 )
    -------------------------------------------------------------------------
CODE
  Relative segment, address: 080022B4 - 080022D5 (0x22 bytes), align: 2
  Segment part 4.             Intra module refs:   main
           ENTRY                   ADDRESS         REF BY
           =====                   =======         ======
           GPIO_Configuration      080022B5 
               stack 1 = 00000000 ( 00000008 )
    -------------------------------------------------------------------------
CODE
  Relative segment, address: 080022D8 - 080022DB (0x4 bytes), align: 2
  Segment part 5.             Intra module refs:   GPIO_Configuration
                                                   main
    -------------------------------------------------------------------------
CODE
  Relative segment, address: 080022DC - 080022E9 (0xe bytes), align: 2
  Segment part 6.             Intra module refs:   main
           ENTRY                   ADDRESS         REF BY
           =====                   =======         ======
           NVIC_Configuration      080022DD 
               stack 1 = 00000000 ( 00000004 )
    -------------------------------------------------------------------------
CODE
  Relative segment, address: 080022EC - 080022FF (0x14 bytes), align: 2
  Segment part 7.             Intra module refs:   main
           ENTRY                   ADDRESS         REF BY
           =====                   =======         ======
           delay                   080022ED 

    *************************************************************************

  FILE NAME : F:\linew\¶¹Æ¤test\an2557_DOUPI\WORM_LED\Debug\Obj\stm32f10x_flash.r79
  PROGRAM MODULE, NAME : stm32f10x_flash

  SEGMENTS IN THE MODULE
  ======================
CODE
  Relative segment, address: 08002300 - 08002317 (0x18 bytes), align: 2
  Segment part 2.
           ENTRY                   ADDRESS         REF BY
           =====                   =======         ======
           FLASH_SetLatency        08002301        RCC_Configuration (main)
    -------------------------------------------------------------------------
CODE
  Relative segment, address: 08002318 - 0800232F (0x18 bytes), align: 2
  Segment part 4.
           ENTRY                   ADDRESS         REF BY
           =====                   =======         ======
           FLASH_PrefetchBufferCmd
                                   08002319        RCC_Configuration (main)
    -------------------------------------------------------------------------
CODE
  Relative segment, address: 08002330 - 08002333 (0x4 bytes), align: 2
  Segment part 5.             Intra module refs:   FLASH_PrefetchBufferCmd
                                                   FLASH_SetLatency

    *************************************************************************

  FILE NAME : F:\linew\¶¹Æ¤test\an2557_DOUPI\WORM_LED\Debug\Obj\stm32f10x_gpio.r79
  PROGRAM MODULE, NAME : stm32f10x_gpio

  SEGMENTS IN THE MODULE
  ======================
CODE
  Relative segment, address: 08002334 - 0800242B (0xf8 bytes), align: 2
  Segment part 4.
           ENTRY                   ADDRESS         REF BY
           =====                   =======         ======
           GPIO_Init               08002335        GPIO_Configuration (main)
               stack 1 = 00000000 ( 00000018 )
    -------------------------------------------------------------------------
CODE
  Relative segment, address: 0800242C - 08002433 (0x8 bytes), align: 2
  Segment part 10.
           ENTRY                   ADDRESS         REF BY
           =====                   =======         ======
           GPIO_SetBits            0800242D        main (main)
    -------------------------------------------------------------------------
CODE
  Relative segment, address: 08002434 - 0800243B (0x8 bytes), align: 2
  Segment part 11.
           ENTRY                   ADDRESS         REF BY
           =====                   =======         ======
           GPIO_ResetBits          08002435        main (main)

    *************************************************************************

  FILE NAME : F:\linew\¶¹Æ¤test\an2557_DOUPI\WORM_LED\Debug\Obj\stm32f10x_it.r79
  PROGRAM MODULE, NAME : stm32f10x_it

  SEGMENTS IN THE MODULE
  ======================
CODE
  Relative segment, address: 0800243C - 0800243D (0x2 bytes), align: 2
  Segment part 2.
           ENTRY                   ADDRESS         REF BY
           =====                   =======         ======
           NMIException            0800243D        __vector_table (stm32f10x_vector)
    -------------------------------------------------------------------------
CODE
  Relative segment, address: 08002440 - 08002441 (0x2 bytes), align: 2
  Segment part 3.
           ENTRY                   ADDRESS         REF BY
           =====                   =======         ======
           HardFaultException      08002441        __vector_table (stm32f10x_vector)
    -------------------------------------------------------------------------
CODE
  Relative segment, address: 08002444 - 08002445 (0x2 bytes), align: 2
  Segment part 4.
           ENTRY                   ADDRESS         REF BY
           =====                   =======         ======
           MemManageException      08002445        __vector_table (stm32f10x_vector)
    -------------------------------------------------------------------------
CODE
  Relative segment, address: 08002448 - 08002449 (0x2 bytes), align: 2
  Segment part 5.
           ENTRY                   ADDRESS         REF BY
           =====                   =======         ======
           BusFaultException       08002449        __vector_table (stm32f10x_vector)
    -------------------------------------------------------------------------
CODE
  Relative segment, address: 0800244C - 0800244D (0x2 bytes), align: 2
  Segment part 6.
           ENTRY                   ADDRESS         REF BY
           =====                   =======         ======
           UsageFaultException     0800244D        __vector_table (stm32f10x_vector)
    -------------------------------------------------------------------------
CODE
  Relative segment, address: 08002450 - 08002451 (0x2 bytes), align: 2
  Segment part 7.
           ENTRY                   ADDRESS         REF BY
           =====                   =======         ======
           DebugMonitor            08002451        __vector_table (stm32f10x_vector)
    -------------------------------------------------------------------------
CODE
  Relative segment, address: 08002454 - 08002455 (0x2 bytes), align: 2
  Segment part 8.
           ENTRY                   ADDRESS         REF BY
           =====                   =======         ======
           SVCHandler              08002455        __vector_table (stm32f10x_vector)
    -------------------------------------------------------------------------
CODE
  Relative segment, address: 08002458 - 08002459 (0x2 bytes), align: 2
  Segment part 9.
           ENTRY                   ADDRESS         REF BY
           =====                   =======         ======
           PendSVC                 08002459        __vector_table (stm32f10x_vector)
    -------------------------------------------------------------------------
CODE
  Relative segment, address: 0800245C - 0800245D (0x2 bytes), align: 2
  Segment part 10.
           ENTRY                   ADDRESS         REF BY
           =====                   =======         ======
           SysTickHandler          0800245D        __vector_table (stm32f10x_vector)
    -------------------------------------------------------------------------
CODE
  Relative segment, address: 08002460 - 08002461 (0x2 bytes), align: 2
  Segment part 11.
           ENTRY                   ADDRESS         REF BY
           =====                   =======         ======
           WWDG_IRQHandler         08002461        __vector_table (stm32f10x_vector)
    -------------------------------------------------------------------------
CODE
  Relative segment, address: 08002464 - 08002465 (0x2 bytes), align: 2
  Segment part 12.
           ENTRY                   ADDRESS         REF BY
           =====                   =======         ======
           PVD_IRQHandler          08002465        __vector_table (stm32f10x_vector)
    -------------------------------------------------------------------------
CODE
  Relative segment, address: 08002468 - 08002469 (0x2 bytes), align: 2
  Segment part 13.
           ENTRY                   ADDRESS         REF BY
           =====                   =======         ======
           TAMPER_IRQHandler       08002469        __vector_table (stm32f10x_vector)
    -------------------------------------------------------------------------
CODE
  Relative segment, address: 0800246C - 0800246D (0x2 bytes), align: 2
  Segment part 14.
           ENTRY                   ADDRESS         REF BY
           =====                   =======         ======
           RTC_IRQHandler          0800246D        __vector_table (stm32f10x_vector)
    -------------------------------------------------------------------------
CODE
  Relative segment, address: 08002470 - 08002471 (0x2 bytes), align: 2
  Segment part 15.
           ENTRY                   ADDRESS         REF BY
           =====                   =======         ======
           FLASH_IRQHandler        08002471        __vector_table (stm32f10x_vector)
    -------------------------------------------------------------------------
CODE
  Relative segment, address: 08002474 - 08002475 (0x2 bytes), align: 2
  Segment part 16.
           ENTRY                   ADDRESS         REF BY
           =====                   =======         ======
           RCC_IRQHandler          08002475        __vector_table (stm32f10x_vector)
    -------------------------------------------------------------------------
CODE
  Relative segment, address: 08002478 - 08002479 (0x2 bytes), align: 2
  Segment part 17.
           ENTRY                   ADDRESS         REF BY
           =====                   =======         ======
           EXTI0_IRQHandler        08002479        __vector_table (stm32f10x_vector)
    -------------------------------------------------------------------------
CODE
  Relative segment, address: 0800247C - 0800247D (0x2 bytes), align: 2
  Segment part 18.
           ENTRY                   ADDRESS         REF BY
           =====                   =======         ======
           EXTI1_IRQHandler        0800247D        __vector_table (stm32f10x_vector)
    -------------------------------------------------------------------------
CODE
  Relative segment, address: 08002480 - 08002481 (0x2 bytes), align: 2
  Segment part 19.
           ENTRY                   ADDRESS         REF BY
           =====                   =======         ======
           EXTI2_IRQHandler        08002481        __vector_table (stm32f10x_vector)
    -------------------------------------------------------------------------
CODE
  Relative segment, address: 08002484 - 08002485 (0x2 bytes), align: 2
  Segment part 20.
           ENTRY                   ADDRESS         REF BY
           =====                   =======         ======
           EXTI3_IRQHandler        08002485        __vector_table (stm32f10x_vector)
    -------------------------------------------------------------------------
CODE
  Relative segment, address: 08002488 - 08002489 (0x2 bytes), align: 2
  Segment part 21.
           ENTRY                   ADDRESS         REF BY
           =====                   =======         ======
           EXTI4_IRQHandler        08002489        __vector_table (stm32f10x_vector)
    -------------------------------------------------------------------------
CODE
  Relative segment, address: 0800248C - 0800248D (0x2 bytes), align: 2
  Segment part 22.
           ENTRY                   ADDRESS         REF BY
           =====                   =======         ======
           DMA1_Channel1_IRQHandler
                                   0800248D        __vector_table (stm32f10x_vector)
    -------------------------------------------------------------------------
CODE
  Relative segment, address: 08002490 - 08002491 (0x2 bytes), align: 2
  Segment part 23.
           ENTRY                   ADDRESS         REF BY
           =====                   =======         ======
           DMA1_Channel2_IRQHandler
                                   08002491        __vector_table (stm32f10x_vector)
    -------------------------------------------------------------------------
CODE
  Relative segment, address: 08002494 - 08002495 (0x2 bytes), align: 2
  Segment part 24.
           ENTRY                   ADDRESS         REF BY
           =====                   =======         ======
           DMA1_Channel3_IRQHandler
                                   08002495        __vector_table (stm32f10x_vector)
    -------------------------------------------------------------------------
CODE
  Relative segment, address: 08002498 - 08002499 (0x2 bytes), align: 2
  Segment part 25.
           ENTRY                   ADDRESS         REF BY
           =====                   =======         ======
           DMA1_Channel4_IRQHandler
                                   08002499        __vector_table (stm32f10x_vector)
    -------------------------------------------------------------------------
CODE
  Relative segment, address: 0800249C - 0800249D (0x2 bytes), align: 2
  Segment part 26.
           ENTRY                   ADDRESS         REF BY
           =====                   =======         ======
           DMA1_Channel5_IRQHandler
                                   0800249D        __vector_table (stm32f10x_vector)
    -------------------------------------------------------------------------
CODE
  Relative segment, address: 080024A0 - 080024A1 (0x2 bytes), align: 2
  Segment part 27.
           ENTRY                   ADDRESS         REF BY
           =====                   =======         ======
           DMA1_Channel6_IRQHandler
                                   080024A1        __vector_table (stm32f10x_vector)
    -------------------------------------------------------------------------
CODE
  Relative segment, address: 080024A4 - 080024A5 (0x2 bytes), align: 2
  Segment part 28.
           ENTRY                   ADDRESS         REF BY
           =====                   =======         ======
           DMA1_Channel7_IRQHandler
                                   080024A5        __vector_table (stm32f10x_vector)
    -------------------------------------------------------------------------
CODE
  Relative segment, address: 080024A8 - 080024A9 (0x2 bytes), align: 2
  Segment part 29.
           ENTRY                   ADDRESS         REF BY
           =====                   =======         ======
           ADC1_2_IRQHandler       080024A9        __vector_table (stm32f10x_vector)
    -------------------------------------------------------------------------
CODE
  Relative segment, address: 080024AC - 080024AD (0x2 bytes), align: 2
  Segment part 30.
           ENTRY                   ADDRESS         REF BY
           =====                   =======         ======
           USB_HP_CAN_TX_IRQHandler
                                   080024AD        __vector_table (stm32f10x_vector)
    -------------------------------------------------------------------------
CODE
  Relative segment, address: 080024B0 - 080024B1 (0x2 bytes), align: 2
  Segment part 31.
           ENTRY                   ADDRESS         REF BY
           =====                   =======         ======
           USB_LP_CAN_RX0_IRQHandler
                                   080024B1        __vector_table (stm32f10x_vector)
    -------------------------------------------------------------------------
CODE
  Relative segment, address: 080024B4 - 080024B5 (0x2 bytes), align: 2
  Segment part 32.
           ENTRY                   ADDRESS         REF BY
           =====                   =======         ======
           CAN_RX1_IRQHandler      080024B5        __vector_table (stm32f10x_vector)
    -------------------------------------------------------------------------
CODE
  Relative segment, address: 080024B8 - 080024B9 (0x2 bytes), align: 2
  Segment part 33.
           ENTRY                   ADDRESS         REF BY
           =====                   =======         ======
           CAN_SCE_IRQHandler      080024B9        __vector_table (stm32f10x_vector)
    -------------------------------------------------------------------------
CODE
  Relative segment, address: 080024BC - 080024BD (0x2 bytes), align: 2
  Segment part 34.
           ENTRY                   ADDRESS         REF BY
           =====                   =======         ======
           EXTI9_5_IRQHandler      080024BD        __vector_table (stm32f10x_vector)
    -------------------------------------------------------------------------
CODE
  Relative segment, address: 080024C0 - 080024C1 (0x2 bytes), align: 2
  Segment part 35.
           ENTRY                   ADDRESS         REF BY
           =====                   =======         ======
           TIM1_BRK_IRQHandler     080024C1        __vector_table (stm32f10x_vector)
    -------------------------------------------------------------------------
CODE
  Relative segment, address: 080024C4 - 080024C5 (0x2 bytes), align: 2
  Segment part 36.
           ENTRY                   ADDRESS         REF BY
           =====                   =======         ======
           TIM1_UP_IRQHandler      080024C5        __vector_table (stm32f10x_vector)
    -------------------------------------------------------------------------
CODE
  Relative segment, address: 080024C8 - 080024C9 (0x2 bytes), align: 2
  Segment part 37.
           ENTRY                   ADDRESS         REF BY
           =====                   =======         ======
           TIM1_TRG_COM_IRQHandler
                                   080024C9        __vector_table (stm32f10x_vector)
    -------------------------------------------------------------------------
CODE
  Relative segment, address: 080024CC - 080024CD (0x2 bytes), align: 2
  Segment part 38.
           ENTRY                   ADDRESS         REF BY
           =====                   =======         ======
           TIM1_CC_IRQHandler      080024CD        __vector_table (stm32f10x_vector)
    -------------------------------------------------------------------------
CODE
  Relative segment, address: 080024D0 - 080024D1 (0x2 bytes), align: 2
  Segment part 39.
           ENTRY                   ADDRESS         REF BY
           =====                   =======         ======
           TIM2_IRQHandler         080024D1        __vector_table (stm32f10x_vector)
    -------------------------------------------------------------------------
CODE
  Relative segment, address: 080024D4 - 080024D5 (0x2 bytes), align: 2
  Segment part 40.
           ENTRY                   ADDRESS         REF BY
           =====                   =======         ======
           TIM3_IRQHandler         080024D5        __vector_table (stm32f10x_vector)
    -------------------------------------------------------------------------
CODE
  Relative segment, address: 080024D8 - 080024D9 (0x2 bytes), align: 2
  Segment part 41.
           ENTRY                   ADDRESS         REF BY
           =====                   =======         ======
           TIM4_IRQHandler         080024D9        __vector_table (stm32f10x_vector)
    -------------------------------------------------------------------------
CODE
  Relative segment, address: 080024DC - 080024DD (0x2 bytes), align: 2
  Segment part 42.
           ENTRY                   ADDRESS         REF BY
           =====                   =======         ======
           I2C1_EV_IRQHandler      080024DD        __vector_table (stm32f10x_vector)
    -------------------------------------------------------------------------
CODE
  Relative segment, address: 080024E0 - 080024E1 (0x2 bytes), align: 2
  Segment part 43.
           ENTRY                   ADDRESS         REF BY
           =====                   =======         ======
           I2C1_ER_IRQHandler      080024E1        __vector_table (stm32f10x_vector)
    -------------------------------------------------------------------------
CODE
  Relative segment, address: 080024E4 - 080024E5 (0x2 bytes), align: 2
  Segment part 44.
           ENTRY                   ADDRESS         REF BY
           =====                   =======         ======
           I2C2_EV_IRQHandler      080024E5        __vector_table (stm32f10x_vector)
    -------------------------------------------------------------------------
CODE
  Relative segment, address: 080024E8 - 080024E9 (0x2 bytes), align: 2
  Segment part 45.
           ENTRY                   ADDRESS         REF BY
           =====                   =======         ======
           I2C2_ER_IRQHandler      080024E9        __vector_table (stm32f10x_vector)
    -------------------------------------------------------------------------
CODE
  Relative segment, address: 080024EC - 080024ED (0x2 bytes), align: 2
  Segment part 46.
           ENTRY                   ADDRESS         REF BY
           =====                   =======         ======
           SPI1_IRQHandler         080024ED        __vector_table (stm32f10x_vector)
    -------------------------------------------------------------------------
CODE
  Relative segment, address: 080024F0 - 080024F1 (0x2 bytes), align: 2
  Segment part 47.
           ENTRY                   ADDRESS         REF BY
           =====                   =======         ======
           SPI2_IRQHandler         080024F1        __vector_table (stm32f10x_vector)
    -------------------------------------------------------------------------
CODE
  Relative segment, address: 080024F4 - 080024F5 (0x2 bytes), align: 2
  Segment part 48.
           ENTRY                   ADDRESS         REF BY
           =====                   =======         ======
           USART1_IRQHandler       080024F5        __vector_table (stm32f10x_vector)
    -------------------------------------------------------------------------
CODE
  Relative segment, address: 080024F8 - 080024F9 (0x2 bytes), align: 2
  Segment part 49.
           ENTRY                   ADDRESS         REF BY
           =====                   =======         ======
           USART2_IRQHandler       080024F9        __vector_table (stm32f10x_vector)
    -------------------------------------------------------------------------
CODE
  Relative segment, address: 080024FC - 080024FD (0x2 bytes), align: 2
  Segment part 50.
           ENTRY                   ADDRESS         REF BY
           =====                   =======         ======
           USART3_IRQHandler       080024FD        __vector_table (stm32f10x_vector)
    -------------------------------------------------------------------------
CODE
  Relative segment, address: 08002500 - 08002501 (0x2 bytes), align: 2
  Segment part 51.
           ENTRY                   ADDRESS         REF BY
           =====                   =======         ======
           EXTI15_10_IRQHandler    08002501        __vector_table (stm32f10x_vector)
    -------------------------------------------------------------------------
CODE
  Relative segment, address: 08002504 - 08002505 (0x2 bytes), align: 2
  Segment part 52.
           ENTRY                   ADDRESS         REF BY
           =====                   =======         ======
           RTCAlarm_IRQHandler     08002505        __vector_table (stm32f10x_vector)
    -------------------------------------------------------------------------
CODE
  Relative segment, address: 08002508 - 08002509 (0x2 bytes), align: 2
  Segment part 53.
           ENTRY                   ADDRESS         REF BY
           =====                   =======         ======
           USBWakeUp_IRQHandler    08002509        __vector_table (stm32f10x_vector)
    -------------------------------------------------------------------------
CODE
  Relative segment, address: 0800250C - 0800250D (0x2 bytes), align: 2
  Segment part 54.
           ENTRY                   ADDRESS         REF BY
           =====                   =======         ======
           TIM8_BRK_IRQHandler     0800250D        __vector_table (stm32f10x_vector)
    -------------------------------------------------------------------------
CODE
  Relative segment, address: 08002510 - 08002511 (0x2 bytes), align: 2
  Segment part 55.
           ENTRY                   ADDRESS         REF BY
           =====                   =======         ======
           TIM8_UP_IRQHandler      08002511        __vector_table (stm32f10x_vector)
    -------------------------------------------------------------------------
CODE
  Relative segment, address: 08002514 - 08002515 (0x2 bytes), align: 2
  Segment part 56.
           ENTRY                   ADDRESS         REF BY
           =====                   =======         ======
           TIM8_TRG_COM_IRQHandler
                                   08002515        __vector_table (stm32f10x_vector)
    -------------------------------------------------------------------------
CODE
  Relative segment, address: 08002518 - 08002519 (0x2 bytes), align: 2
  Segment part 57.
           ENTRY                   ADDRESS         REF BY
           =====                   =======         ======
           TIM8_CC_IRQHandler      08002519        __vector_table (stm32f10x_vector)
    -------------------------------------------------------------------------
CODE
  Relative segment, address: 0800251C - 0800251D (0x2 bytes), align: 2
  Segment part 58.
           ENTRY                   ADDRESS         REF BY
           =====                   =======         ======
           ADC3_IRQHandler         0800251D        __vector_table (stm32f10x_vector)
    -------------------------------------------------------------------------
CODE
  Relative segment, address: 08002520 - 08002521 (0x2 bytes), align: 2
  Segment part 59.
           ENTRY                   ADDRESS         REF BY
           =====                   =======         ======
           FSMC_IRQHandler         08002521        __vector_table (stm32f10x_vector)
    -------------------------------------------------------------------------
CODE
  Relative segment, address: 08002524 - 08002525 (0x2 bytes), align: 2
  Segment part 60.
           ENTRY                   ADDRESS         REF BY
           =====                   =======         ======
           SDIO_IRQHandler         08002525        __vector_table (stm32f10x_vector)
    -------------------------------------------------------------------------
CODE
  Relative segment, address: 08002528 - 08002529 (0x2 bytes), align: 2
  Segment part 61.
           ENTRY                   ADDRESS         REF BY
           =====                   =======         ======
           TIM5_IRQHandler         08002529        __vector_table (stm32f10x_vector)
    -------------------------------------------------------------------------
CODE
  Relative segment, address: 0800252C - 0800252D (0x2 bytes), align: 2
  Segment part 62.
           ENTRY                   ADDRESS         REF BY
           =====                   =======         ======
           SPI3_IRQHandler         0800252D        __vector_table (stm32f10x_vector)
    -------------------------------------------------------------------------
CODE
  Relative segment, address: 08002530 - 08002531 (0x2 bytes), align: 2
  Segment part 63.
           ENTRY                   ADDRESS         REF BY
           =====                   =======         ======
           UART4_IRQHandler        08002531        __vector_table (stm32f10x_vector)
    -------------------------------------------------------------------------
CODE
  Relative segment, address: 08002534 - 08002535 (0x2 bytes), align: 2
  Segment part 64.
           ENTRY                   ADDRESS         REF BY
           =====                   =======         ======
           UART5_IRQHandler        08002535        __vector_table (stm32f10x_vector)
    -------------------------------------------------------------------------
CODE
  Relative segment, address: 08002538 - 08002539 (0x2 bytes), align: 2
  Segment part 65.
           ENTRY                   ADDRESS         REF BY
           =====                   =======         ======
           TIM6_IRQHandler         08002539        __vector_table (stm32f10x_vector)
    -------------------------------------------------------------------------
CODE
  Relative segment, address: 0800253C - 0800253D (0x2 bytes), align: 2
  Segment part 66.
           ENTRY                   ADDRESS         REF BY
           =====                   =======         ======
           TIM7_IRQHandler         0800253D        __vector_table (stm32f10x_vector)
    -------------------------------------------------------------------------
CODE
  Relative segment, address: 08002540 - 08002541 (0x2 bytes), align: 2
  Segment part 67.
           ENTRY                   ADDRESS         REF BY
           =====                   =======         ======
           DMA2_Channel1_IRQHandler
                                   08002541        __vector_table (stm32f10x_vector)
    -------------------------------------------------------------------------
CODE
  Relative segment, address: 08002544 - 08002545 (0x2 bytes), align: 2
  Segment part 68.
           ENTRY                   ADDRESS         REF BY
           =====                   =======         ======
           DMA2_Channel2_IRQHandler
                                   08002545        __vector_table (stm32f10x_vector)
    -------------------------------------------------------------------------
CODE
  Relative segment, address: 08002548 - 08002549 (0x2 bytes), align: 2
  Segment part 69.
           ENTRY                   ADDRESS         REF BY
           =====                   =======         ======
           DMA2_Channel3_IRQHandler
                                   08002549        __vector_table (stm32f10x_vector)
    -------------------------------------------------------------------------
CODE
  Relative segment, address: 0800254C - 0800254D (0x2 bytes), align: 2
  Segment part 70.
           ENTRY                   ADDRESS         REF BY
           =====                   =======         ======
           DMA2_Channel4_5_IRQHandler
                                   0800254D        __vector_table (stm32f10x_vector)

    *************************************************************************

  FILE NAME : F:\linew\¶¹Æ¤test\an2557_DOUPI\WORM_LED\Debug\Obj\stm32f10x_lib.r79
    *************************************************************************

  FILE NAME : F:\linew\¶¹Æ¤test\an2557_DOUPI\WORM_LED\Debug\Obj\stm32f10x_nvic.r79
  PROGRAM MODULE, NAME : stm32f10x_nvic

  SEGMENTS IN THE MODULE
  ======================
CODE
  Relative segment, address: 08002550 - 08002557 (0x8 bytes), align: 2
  Segment part 15.
           ENTRY                   ADDRESS         REF BY
           =====                   =======         ======
           NVIC_RESETPRIMASK       08002551        main (main)
               stack 1 = 00000000 ( 00000004 )
    -------------------------------------------------------------------------
CODE
  Relative segment, address: 08002558 - 08002567 (0x10 bytes), align: 2
  Segment part 29.
           ENTRY                   ADDRESS         REF BY
           =====                   =======         ======
           NVIC_SetVectorTable     08002559        NVIC_Configuration (main)
    -------------------------------------------------------------------------
CODE
  Relative segment, address: 08002568 - 0800256B (0x4 bytes), align: 2
  Segment part 30.            Intra module refs:   NVIC_SetVectorTable

    *************************************************************************

  FILE NAME : F:\linew\¶¹Æ¤test\an2557_DOUPI\WORM_LED\Debug\Obj\stm32f10x_rcc.r79
  PROGRAM MODULE, NAME : stm32f10x_rcc

  SEGMENTS IN THE MODULE
  ======================
DATA_Z
  Relative segment, address: 20000004 - 20000004 (0x1 bytes), align: 0
  Segment part 4.             Intra module refs:   RCC_WaitForHSEStartUp
           LOCAL                   ADDRESS         
           =====                   =======         
           HSEStatus               20000004 
    -------------------------------------------------------------------------
DATA_Z
  Relative segment, address: 20000000 - 20000003 (0x4 bytes), align: 2
  Segment part 5.             Intra module refs:   RCC_WaitForHSEStartUp
           LOCAL                   ADDRESS         
           =====                   =======         
           StartUpCounter          20000000 
    -------------------------------------------------------------------------
CODE
  Relative segment, address: 0800256C - 080025BB (0x50 bytes), align: 2
  Segment part 6.
           ENTRY                   ADDRESS         REF BY
           =====                   =======         ======
           RCC_DeInit              0800256D        RCC_Configuration (main)
    -------------------------------------------------------------------------
CODE
  Relative segment, address: 080025BC - 080025BF (0x4 bytes), align: 2
  Segment part 7.             Intra module refs:   RCC_DeInit
    -------------------------------------------------------------------------
CODE
  Relative segment, address: 080025C0 - 0800260D (0x4e bytes), align: 2
  Segment part 8.
           ENTRY                   ADDRESS         REF BY
           =====                   =======         ======
           RCC_HSEConfig           080025C1        RCC_Configuration (main)
               stack 1 = 00000000 ( 00000004 )
    -------------------------------------------------------------------------
CODE
  Relative segment, address: 08002610 - 0800265F (0x50 bytes), align: 2
  Segment part 9.
           ENTRY                   ADDRESS         REF BY
           =====                   =======         ======
           RCC_WaitForHSEStartUp   08002611        RCC_Configuration (main)
               stack 1 = 00000000 ( 00000008 )
    -------------------------------------------------------------------------
CODE
  Relative segment, address: 08002660 - 08002663 (0x4 bytes), align: 2
  Segment part 11.            Intra module refs:   RCC_DeInit
                                                   RCC_HSEConfig
    -------------------------------------------------------------------------
CODE
  Relative segment, address: 08002664 - 08002683 (0x20 bytes), align: 2
  Segment part 13.
           ENTRY                   ADDRESS         REF BY
           =====                   =======         ======
           RCC_PLLConfig           08002665        RCC_Configuration (main)
    -------------------------------------------------------------------------
CODE
  Relative segment, address: 08002684 - 08002693 (0x10 bytes), align: 2
  Segment part 14.
           ENTRY                   ADDRESS         REF BY
           =====                   =======         ======
           RCC_PLLCmd              08002685        RCC_Configuration (main)
    -------------------------------------------------------------------------
CODE
  Relative segment, address: 08002694 - 080026A9 (0x16 bytes), align: 2
  Segment part 15.
           ENTRY                   ADDRESS         REF BY
           =====                   =======         ======
           RCC_SYSCLKConfig        08002695        RCC_Configuration (main)
    -------------------------------------------------------------------------
CODE
  Relative segment, address: 080026AC - 080026B5 (0xa bytes), align: 2
  Segment part 16.
           ENTRY                   ADDRESS         REF BY
           =====                   =======         ======
           RCC_GetSYSCLKSource     080026AD        RCC_Configuration (main)
    -------------------------------------------------------------------------
CODE
  Relative segment, address: 080026B8 - 080026CD (0x16 bytes), align: 2
  Segment part 17.
           ENTRY                   ADDRESS         REF BY
           =====                   =======         ======
           RCC_HCLKConfig          080026B9        RCC_Configuration (main)
    -------------------------------------------------------------------------
CODE
  Relative segment, address: 080026D0 - 080026E9 (0x1a bytes), align: 2
  Segment part 18.
           ENTRY                   ADDRESS         REF BY
           =====                   =======         ======
           RCC_PCLK1Config         080026D1        RCC_Configuration (main)
    -------------------------------------------------------------------------
CODE
  Relative segment, address: 080026EC - 08002707 (0x1c bytes), align: 2
  Segment part 19.
           ENTRY                   ADDRESS         REF BY
           =====                   =======         ======
           RCC_PCLK2Config         080026ED        RCC_Configuration (main)
    -------------------------------------------------------------------------
CODE
  Relative segment, address: 08002708 - 0800270B (0x4 bytes), align: 2
  Segment part 23.            Intra module refs:   RCC_DeInit
                                                   RCC_GetSYSCLKSource
                                                   RCC_HCLKConfig
                                                   RCC_PCLK1Config
                                                   RCC_PCLK2Config
                                                   RCC_PLLConfig
                                                   RCC_SYSCLKConfig
    -------------------------------------------------------------------------
CODE
  Relative segment, address: 0800270C - 0800272B (0x20 bytes), align: 2
  Segment part 31.
           ENTRY                   ADDRESS         REF BY
           =====                   =======         ======
           RCC_APB2PeriphClockCmd
                                   0800270D        RCC_Configuration (main)
    -------------------------------------------------------------------------
CODE
  Relative segment, address: 0800272C - 08002789 (0x5e bytes), align: 2
  Segment part 38.            Intra module refs:   RCC_WaitForHSEStartUp
           ENTRY                   ADDRESS         REF BY
           =====                   =======         ======
           RCC_GetFlagStatus       0800272D        RCC_Configuration (main)
               stack 1 = 00000000 ( 00000004 )
    -------------------------------------------------------------------------
CODE
  Relative segment, address: 0800278C - 0800278F (0x4 bytes), align: 2
  Segment part 39.            Intra module refs:   RCC_GetFlagStatus
    -------------------------------------------------------------------------
CODE
  Relative segment, address: 08002790 - 08002793 (0x4 bytes), align: 2
  Segment part 40.            Intra module refs:   RCC_GetFlagStatus
    -------------------------------------------------------------------------
CODE
  Relative segment, address: 08002794 - 08002797 (0x4 bytes), align: 2
  Segment part 42.            Intra module refs:   RCC_GetFlagStatus
    -------------------------------------------------------------------------
INITTAB
  Relative segment, address: 080027EC - 080027F7 (0xc bytes), align: 2
  Segment part 46. ROOT.
           ENTRY                   ADDRESS         REF BY
           =====                   =======         ======
           ?init?tab?DATA_Z        080027EC 

    *************************************************************************

  FILE NAME : F:\linew\¶¹Æ¤test\an2557_DOUPI\WORM_LED\Debug\Obj\stm32f10x_vector.r79
  PROGRAM MODULE, NAME : stm32f10x_vector

  SEGMENTS IN THE MODULE
  ======================
INTVEC
  Relative segment, address: 08002000 - 0800212F (0x130 bytes), align: 2
  Segment part 2.
           ENTRY                   ADDRESS         REF BY
           =====                   =======         ======
           __vector_table          08002000        __program_start (?CMAIN)
    -------------------------------------------------------------------------
CSTACK
  Relative segment, address: 20000008, align: 2
  Segment part 1.

    *************************************************************************

  FILE NAME : D:\Program Files\IAR Systems\Embedded Workbench 4.0 Evaluation\arm\LIB\dl7mptnnl8n.r79
  LIBRARY MODULE, NAME : ?low_level_init

  SEGMENTS IN THE MODULE
  ======================
ICODE
  Relative segment, address: 08002130 - 08002133 (0x4 bytes), align: 2
  Segment part 2.
           ENTRY                   ADDRESS         REF BY
           =====                   =======         ======
           __low_level_init        08002131        __program_start (?CMAIN)

    -------------------------------------------------------------------------
  LIBRARY MODULE, NAME : ?segment_init

  SEGMENTS IN THE MODULE
  ======================
ICODE
  Relative segment, address: 08002134 - 08002163 (0x30 bytes), align: 2
  Segment part 2.
           ENTRY                   ADDRESS         REF BY
           =====                   =======         ======
           __segment_init          08002135        __program_start (?CMAIN)
               stack 1 = 00000000 ( 00000008 )

    -------------------------------------------------------------------------
  LIBRARY MODULE, NAME : ?__dbg_break

  SEGMENTS IN THE MODULE
  ======================
CODE
  Relative segment, address: 08002798 - 08002799 (0x2 bytes), align: 2
  Segment part 2.
           ENTRY                   ADDRESS         REF BY
           =====                   =======         ======
           __DebugBreak            08002799        __exit (?__exit)

    -------------------------------------------------------------------------
  LIBRARY MODULE, NAME : ?__exit

  SEGMENTS IN THE MODULE
  ======================
CODE
  Relative segment, address: 0800279C - 080027AD (0x12 bytes), align: 2
  Segment part 2.
           ENTRY                   ADDRESS         REF BY
           =====                   =======         ======
           __exit                  0800279D        Segment part 5 (?_EXIT)
               stack 1 = 00000000 ( 0000000C )

    -------------------------------------------------------------------------
  LIBRARY MODULE, NAME : ?exit

  SEGMENTS IN THE MODULE
  ======================
CODE
  Relative segment, address: 080027B0 - 080027B3 (0x4 bytes), align: 2
  Segment part 2.
           ENTRY                   ADDRESS         REF BY
           =====                   =======         ======
           exit                    080027B1        _main (?CMAIN)
               stack 1 = 00000000 ( 00000004 )

    -------------------------------------------------------------------------
  LIBRARY MODULE, NAME : ?memcpy

  SEGMENTS IN THE MODULE
  ======================
CODE
  Relative segment, address: 080027B4 - 080027C9 (0x16 bytes), align: 2
  Segment part 3.
           ENTRY                   ADDRESS         REF BY
           =====                   =======         ======
           memcpy                  080027B5        __segment_init (?segment_init)
               stack 1 = 00000000 ( 00000008 )

    -------------------------------------------------------------------------
  LIBRARY MODULE, NAME : ?memset

  SEGMENTS IN THE MODULE
  ======================
CODE
  Relative segment, address: 080027CC - 080027DD (0x12 bytes), align: 2
  Segment part 3.
           ENTRY                   ADDRESS         REF BY
           =====                   =======         ======
           memset                  080027CD        __segment_init (?segment_init)
               stack 1 = 00000000 ( 00000008 )

    -------------------------------------------------------------------------
  LIBRARY MODULE, NAME : ?CMAIN

  SEGMENTS IN THE MODULE
  ======================
DIFUNCT
  Relative segment, address: 08002194, align: 2
  Segment part 0. ROOT.
    -------------------------------------------------------------------------
ICODE
  Relative segment, address: 08002164 - 08002177 (0x14 bytes), align: 2
  Segment part 1.
           ENTRY                   ADDRESS         REF BY
           =====                   =======         ======
           __program_start         08002165        Absolute parts (?ABS_ENTRY_MOD)
                                                   __vector_table (stm32f10x_vector)
    -------------------------------------------------------------------------
ICODE
  Relative segment, address: 08002178 - 08002193 (0x1c bytes), align: 2
  Segment part 3.             Intra module refs:   __program_start
           ENTRY                   ADDRESS         REF BY
           =====                   =======         ======
           _main                   08002181 

    -------------------------------------------------------------------------
  LIBRARY MODULE, NAME : ?_EXIT

  SEGMENTS IN THE MODULE
  ======================
CODE
  Relative segment, address: 080027E0, align: 2
  Segment part 0.
           ENTRY                   ADDRESS         REF BY
           =====                   =======         ======
           _exit                   080027E1        _main (?CMAIN)
                                                   exit (?exit)
    -------------------------------------------------------------------------
CODE
  Relative segment, address: 080027E0 - 080027EB (0xc bytes), align: 2
  Segment part 5.             Intra module refs:   _exit




                ****************************************
                *                                      *
                *      SEGMENTS IN ADDRESS ORDER       *
                *                                      *
                ****************************************


SEGMENT              SPACE    START ADDRESS   END ADDRESS     SIZE  TYPE  ALIGN
=======              =====    =============   ===========     ====  ====  =====
INTVEC                             08002000 - 0800212F         130   rel    2
ICODE                              08002130 - 08002193          64   rel    2
DIFUNCT                                 08002194                     rel    2
CODE                               08002194 - 080027EB         658   rel    2
INITTAB                            080027EC - 080027F7           C   rel    2
DATA_I                                  20000000                     dse    0
DATA_Z                             20000000 - 20000004           5   rel    2
CSTACK                             20000008 - 20000407         400   rel    2

                ****************************************
                *                                      *
                *        END OF CROSS REFERENCE        *
                *                                      *
                ****************************************

 2 028 bytes of CODE  memory
 1 029 bytes of DATA  memory
    12 bytes of CONST memory

Errors: none
Warnings: none

