<html>
<body>
<pre>
<h1>礦ision Build Log</h1>
<h2>Tool Versions:</h2>
IDE-Version: μVision V5.14.0.0
Copyright (C) 2015 ARM Ltd and ARM Germany GmbH. All rights reserved.
License Information: sa adas, q, LIC=NHY30-BZ59N-QGQ7I-T7NBV-NX0R7-6XURR
 
Tool Versions:
Toolchain:       MDK-ARM Professional  Version: 5.14.0.0
Toolchain Path:  C:\Keil_v5\ARM\ARMCC\Bin
C Compiler:      Armcc.exe V5.05 update 1 (build 106)
Assembler:       Armasm.exe V5.05 update 1 (build 106)
Linker/Locator:  ArmLink.exe V5.05 update 1 (build 106)
Library Manager: ArmAr.exe V5.05 update 1 (build 106)
Hex Converter:   FromElf.exe V5.05 update 1 (build 106)
CPU DLL:         SARMCM3.DLL V5.14.0.0
Dialog DLL:      DCM.DLL V1.13.1.0
Target DLL:      Segger\JL2CM3.dll V2.99.13.0
Dialog DLL:      TCM.DLL V1.14.4.0
 
<h2>Project:</h2>
C:\Users\Administrator\Desktop\V5_136_串口IAP\Project\MDK-ARM(uV4)\project.uvproj
Project File Date:  03/06/2015

<h2>Output:</h2>
Rebuild target 'Flash'
compiling main.c...
compiling common.c...
compiling ymodem.c...
compiling flash_if.c...
compiling bsp.c...
compiling stm32f4xx_it.c...
compiling stm32f4xx_assert.c...
compiling bsp_uart.c...
compiling bsp_printf.c...
assembling startup_stm32f40_41xxx.s...
compiling stm32f4xx_rcc.c...
compiling stm32f4xx_syscfg.c...
compiling misc.c...
compiling stm32f4xx_gpio.c...
compiling stm32f4xx_usart.c...
compiling stm32f4xx_can.c...
compiling stm32f4xx_spi.c...
compiling stm32f4xx_tim.c...
compiling stm32f4xx_fsmc.c...
compiling stm32f4xx_exti.c...
compiling stm32f4xx_flash.c...
compiling system_stm32f4xx.c...
compiling hz16.c...
compiling hz12.c...
compiling asc16.c...
compiling asc12.c...
linking...
Program Size: Code=6080 RO-data=424 RW-data=32 ZI-data=17664  
FromELF: creating hex file...
After Build - User command #1: CopyHex_Flash.bat
C:\Users\Administrator\Desktop\V5_136_串口IAP\Project\MDK-ARM(uV4)>copy Flash\Obj\output.hex ..\output(mdk).hex 
已复制         1 个文件。
".\Flash\Obj\output.axf" - 0 Error(s), 0 Warning(s).
</pre>
</body>
</html>
