<!doctype html public "-//w3c//dtd html 4.0 transitional//en">
<html><head>
<title>Static Call Graph - [.\mk60d10\flash\templete.axf]</title></head>
<body><HR>
<H1>Static Call Graph for image .\mk60d10\flash\templete.axf</H1><HR>
<BR><P>#&#060CALLGRAPH&#062# ARM Linker, 5050106: Last Updated: Thu Apr 27 09:58:02 2017
<BR><P>
<H3>Maximum Stack Usage =        320 bytes + Unknown(Functions without stacksize, Cycles, Untraceable Function Pointers)</H3><H3>
Call chain for Maximum Stack Depth:</H3>
_printf_f &rArr; _printf_fp_dec &rArr; _printf_fp_dec_real &rArr; _fp_digits &rArr; _btod_etento &rArr; _btod_emul &rArr; _e2e
<P>
<H3>
Functions with no stack information
</H3><UL>
 <LI><a href="#[bf]">__user_initial_stackheap</a>
</UL>
</UL>
<P>
<H3>
Mutually Recursive functions
</H3> <LI><a href="#[7]">MemManage_Handler</a>&nbsp;&nbsp;&nbsp;&rArr;&nbsp;&nbsp;&nbsp;<a href="#[7]">MemManage_Handler</a><BR>
 <LI><a href="#[8]">BusFault_Handler</a>&nbsp;&nbsp;&nbsp;&rArr;&nbsp;&nbsp;&nbsp;<a href="#[8]">BusFault_Handler</a><BR>
 <LI><a href="#[9]">UsageFault_Handler</a>&nbsp;&nbsp;&nbsp;&rArr;&nbsp;&nbsp;&nbsp;<a href="#[9]">UsageFault_Handler</a><BR>
 <LI><a href="#[a]">SVC_Handler</a>&nbsp;&nbsp;&nbsp;&rArr;&nbsp;&nbsp;&nbsp;<a href="#[a]">SVC_Handler</a><BR>
 <LI><a href="#[b]">DebugMon_Handler</a>&nbsp;&nbsp;&nbsp;&rArr;&nbsp;&nbsp;&nbsp;<a href="#[b]">DebugMon_Handler</a><BR>
 <LI><a href="#[c]">PendSV_Handler</a>&nbsp;&nbsp;&nbsp;&rArr;&nbsp;&nbsp;&nbsp;<a href="#[c]">PendSV_Handler</a><BR>
 <LI><a href="#[d]">SysTick_Handler</a>&nbsp;&nbsp;&nbsp;&rArr;&nbsp;&nbsp;&nbsp;<a href="#[d]">SysTick_Handler</a><BR>
 <LI><a href="#[47]">ADC0_IRQHandler</a>&nbsp;&nbsp;&nbsp;&rArr;&nbsp;&nbsp;&nbsp;<a href="#[47]">ADC0_IRQHandler</a><BR>
</UL>
<P>
<H3>
Function Pointers
</H3><UL>
 <LI><a href="#[47]">ADC0_IRQHandler</a> from startup_mk60d10.o(.text) referenced from startup_mk60d10.o(RESET)
 <LI><a href="#[48]">ADC1_IRQHandler</a> from startup_mk60d10.o(.text) referenced from startup_mk60d10.o(RESET)
 <LI><a href="#[8]">BusFault_Handler</a> from startup_mk60d10.o(.text) referenced from startup_mk60d10.o(RESET)
 <LI><a href="#[2c]">CAN0_Bus_Off_IRQHandler</a> from startup_mk60d10.o(.text) referenced from startup_mk60d10.o(RESET)
 <LI><a href="#[2d]">CAN0_Error_IRQHandler</a> from startup_mk60d10.o(.text) referenced from startup_mk60d10.o(RESET)
 <LI><a href="#[2b]">CAN0_ORed_Message_buffer_IRQHandler</a> from startup_mk60d10.o(.text) referenced from startup_mk60d10.o(RESET)
 <LI><a href="#[2f]">CAN0_Rx_Warning_IRQHandler</a> from startup_mk60d10.o(.text) referenced from startup_mk60d10.o(RESET)
 <LI><a href="#[2e]">CAN0_Tx_Warning_IRQHandler</a> from startup_mk60d10.o(.text) referenced from startup_mk60d10.o(RESET)
 <LI><a href="#[30]">CAN0_Wake_Up_IRQHandler</a> from startup_mk60d10.o(.text) referenced from startup_mk60d10.o(RESET)
 <LI><a href="#[34]">CAN1_Bus_Off_IRQHandler</a> from startup_mk60d10.o(.text) referenced from startup_mk60d10.o(RESET)
 <LI><a href="#[35]">CAN1_Error_IRQHandler</a> from startup_mk60d10.o(.text) referenced from startup_mk60d10.o(RESET)
 <LI><a href="#[33]">CAN1_ORed_Message_buffer_IRQHandler</a> from startup_mk60d10.o(.text) referenced from startup_mk60d10.o(RESET)
 <LI><a href="#[37]">CAN1_Rx_Warning_IRQHandler</a> from startup_mk60d10.o(.text) referenced from startup_mk60d10.o(RESET)
 <LI><a href="#[36]">CAN1_Tx_Warning_IRQHandler</a> from startup_mk60d10.o(.text) referenced from startup_mk60d10.o(RESET)
 <LI><a href="#[38]">CAN1_Wake_Up_IRQHandler</a> from startup_mk60d10.o(.text) referenced from startup_mk60d10.o(RESET)
 <LI><a href="#[49]">CMP0_IRQHandler</a> from startup_mk60d10.o(.text) referenced from startup_mk60d10.o(RESET)
 <LI><a href="#[4a]">CMP1_IRQHandler</a> from startup_mk60d10.o(.text) referenced from startup_mk60d10.o(RESET)
 <LI><a href="#[4b]">CMP2_IRQHandler</a> from startup_mk60d10.o(.text) referenced from startup_mk60d10.o(RESET)
 <LI><a href="#[4f]">CMT_IRQHandler</a> from startup_mk60d10.o(.text) referenced from startup_mk60d10.o(RESET)
 <LI><a href="#[5f]">DAC0_IRQHandler</a> from startup_mk60d10.o(.text) referenced from startup_mk60d10.o(RESET)
 <LI><a href="#[60]">DAC1_IRQHandler</a> from startup_mk60d10.o(.text) referenced from startup_mk60d10.o(RESET)
 <LI><a href="#[e]">DMA0_IRQHandler</a> from startup_mk60d10.o(.text) referenced from startup_mk60d10.o(RESET)
 <LI><a href="#[18]">DMA10_IRQHandler</a> from startup_mk60d10.o(.text) referenced from startup_mk60d10.o(RESET)
 <LI><a href="#[19]">DMA11_IRQHandler</a> from startup_mk60d10.o(.text) referenced from startup_mk60d10.o(RESET)
 <LI><a href="#[1a]">DMA12_IRQHandler</a> from startup_mk60d10.o(.text) referenced from startup_mk60d10.o(RESET)
 <LI><a href="#[1b]">DMA13_IRQHandler</a> from startup_mk60d10.o(.text) referenced from startup_mk60d10.o(RESET)
 <LI><a href="#[1c]">DMA14_IRQHandler</a> from startup_mk60d10.o(.text) referenced from startup_mk60d10.o(RESET)
 <LI><a href="#[1d]">DMA15_IRQHandler</a> from startup_mk60d10.o(.text) referenced from startup_mk60d10.o(RESET)
 <LI><a href="#[f]">DMA1_IRQHandler</a> from startup_mk60d10.o(.text) referenced from startup_mk60d10.o(RESET)
 <LI><a href="#[10]">DMA2_IRQHandler</a> from startup_mk60d10.o(.text) referenced from startup_mk60d10.o(RESET)
 <LI><a href="#[11]">DMA3_IRQHandler</a> from startup_mk60d10.o(.text) referenced from startup_mk60d10.o(RESET)
 <LI><a href="#[12]">DMA4_IRQHandler</a> from startup_mk60d10.o(.text) referenced from startup_mk60d10.o(RESET)
 <LI><a href="#[13]">DMA5_IRQHandler</a> from startup_mk60d10.o(.text) referenced from startup_mk60d10.o(RESET)
 <LI><a href="#[14]">DMA6_IRQHandler</a> from startup_mk60d10.o(.text) referenced from startup_mk60d10.o(RESET)
 <LI><a href="#[15]">DMA7_IRQHandler</a> from startup_mk60d10.o(.text) referenced from startup_mk60d10.o(RESET)
 <LI><a href="#[16]">DMA8_IRQHandler</a> from startup_mk60d10.o(.text) referenced from startup_mk60d10.o(RESET)
 <LI><a href="#[17]">DMA9_IRQHandler</a> from startup_mk60d10.o(.text) referenced from startup_mk60d10.o(RESET)
 <LI><a href="#[1e]">DMA_Error_IRQHandler</a> from startup_mk60d10.o(.text) referenced from startup_mk60d10.o(RESET)
 <LI><a href="#[b]">DebugMon_Handler</a> from startup_mk60d10.o(.text) referenced from startup_mk60d10.o(RESET)
 <LI><a href="#[76]">DefaultISR</a> from startup_mk60d10.o(.text) referenced 136 times from startup_mk60d10.o(RESET)
 <LI><a href="#[59]">ENET_1588_Timer_IRQHandler</a> from startup_mk60d10.o(.text) referenced from startup_mk60d10.o(RESET)
 <LI><a href="#[5c]">ENET_Error_IRQHandler</a> from startup_mk60d10.o(.text) referenced from startup_mk60d10.o(RESET)
 <LI><a href="#[5b]">ENET_Receive_IRQHandler</a> from startup_mk60d10.o(.text) referenced from startup_mk60d10.o(RESET)
 <LI><a href="#[5a]">ENET_Transmit_IRQHandler</a> from startup_mk60d10.o(.text) referenced from startup_mk60d10.o(RESET)
 <LI><a href="#[20]">FTFL_IRQHandler</a> from startup_mk60d10.o(.text) referenced from startup_mk60d10.o(RESET)
 <LI><a href="#[4c]">FTM0_IRQHandler</a> from startup_mk60d10.o(.text) referenced from startup_mk60d10.o(RESET)
 <LI><a href="#[4d]">FTM1_IRQHandler</a> from startup_mk60d10.o(.text) referenced from startup_mk60d10.o(RESET)
 <LI><a href="#[4e]">FTM2_IRQHandler</a> from startup_mk60d10.o(.text) referenced from startup_mk60d10.o(RESET)
 <LI><a href="#[79]">Getc</a> from uart.o(.text) referenced from uart.o(.text)
 <LI><a href="#[6]">HardFault_Handler</a> from main.o(.text) referenced from startup_mk60d10.o(RESET)
 <LI><a href="#[26]">I2C0_IRQHandler</a> from startup_mk60d10.o(.text) referenced from startup_mk60d10.o(RESET)
 <LI><a href="#[27]">I2C1_IRQHandler</a> from startup_mk60d10.o(.text) referenced from startup_mk60d10.o(RESET)
 <LI><a href="#[32]">I2S0_Rx_IRQHandler</a> from startup_mk60d10.o(.text) referenced from startup_mk60d10.o(RESET)
 <LI><a href="#[31]">I2S0_Tx_IRQHandler</a> from startup_mk60d10.o(.text) referenced from startup_mk60d10.o(RESET)
 <LI><a href="#[23]">LLW_IRQHandler</a> from startup_mk60d10.o(.text) referenced from startup_mk60d10.o(RESET)
 <LI><a href="#[63]">LPTimer_IRQHandler</a> from startup_mk60d10.o(.text) referenced from startup_mk60d10.o(RESET)
 <LI><a href="#[22]">LVD_LVW_IRQHandler</a> from startup_mk60d10.o(.text) referenced from startup_mk60d10.o(RESET)
 <LI><a href="#[62]">MCG_IRQHandler</a> from startup_mk60d10.o(.text) referenced from startup_mk60d10.o(RESET)
 <LI><a href="#[1f]">MCM_IRQHandler</a> from startup_mk60d10.o(.text) referenced from startup_mk60d10.o(RESET)
 <LI><a href="#[7]">MemManage_Handler</a> from startup_mk60d10.o(.text) referenced from startup_mk60d10.o(RESET)
 <LI><a href="#[5]">NMI_Handler</a> from common.o(.text) referenced from startup_mk60d10.o(RESET)
 <LI><a href="#[94]">OnDataReceived</a> from main.o(.text) referenced from main.o(.text)
 <LI><a href="#[56]">PDB0_IRQHandler</a> from startup_mk60d10.o(.text) referenced from startup_mk60d10.o(RESET)
 <LI><a href="#[52]">PIT0_IRQHandler</a> from startup_mk60d10.o(.text) referenced from startup_mk60d10.o(RESET)
 <LI><a href="#[53]">PIT1_IRQHandler</a> from startup_mk60d10.o(.text) referenced from startup_mk60d10.o(RESET)
 <LI><a href="#[54]">PIT2_IRQHandler</a> from startup_mk60d10.o(.text) referenced from startup_mk60d10.o(RESET)
 <LI><a href="#[55]">PIT3_IRQHandler</a> from startup_mk60d10.o(.text) referenced from startup_mk60d10.o(RESET)
 <LI><a href="#[65]">PORTA_IRQHandler</a> from startup_mk60d10.o(.text) referenced from startup_mk60d10.o(RESET)
 <LI><a href="#[66]">PORTB_IRQHandler</a> from startup_mk60d10.o(.text) referenced from startup_mk60d10.o(RESET)
 <LI><a href="#[67]">PORTC_IRQHandler</a> from startup_mk60d10.o(.text) referenced from startup_mk60d10.o(RESET)
 <LI><a href="#[68]">PORTD_IRQHandler</a> from startup_mk60d10.o(.text) referenced from startup_mk60d10.o(RESET)
 <LI><a href="#[69]">PORTE_IRQHandler</a> from startup_mk60d10.o(.text) referenced from startup_mk60d10.o(RESET)
 <LI><a href="#[c]">PendSV_Handler</a> from startup_mk60d10.o(.text) referenced from startup_mk60d10.o(RESET)
 <LI><a href="#[7a]">Putc</a> from uart.o(.text) referenced from uart.o(.text)
 <LI><a href="#[25]">RNG_IRQHandler</a> from startup_mk60d10.o(.text) referenced from startup_mk60d10.o(RESET)
 <LI><a href="#[50]">RTC_IRQHandler</a> from startup_mk60d10.o(.text) referenced from startup_mk60d10.o(RESET)
 <LI><a href="#[51]">RTC_Seconds_IRQHandler</a> from startup_mk60d10.o(.text) referenced from startup_mk60d10.o(RESET)
 <LI><a href="#[21]">Read_Collision_IRQHandler</a> from startup_mk60d10.o(.text) referenced from startup_mk60d10.o(RESET)
 <LI><a href="#[64]">Reserved102_IRQHandler</a> from startup_mk60d10.o(.text) referenced from startup_mk60d10.o(RESET)
 <LI><a href="#[6a]">Reserved108_IRQHandler</a> from startup_mk60d10.o(.text) referenced from startup_mk60d10.o(RESET)
 <LI><a href="#[6b]">Reserved109_IRQHandler</a> from startup_mk60d10.o(.text) referenced from startup_mk60d10.o(RESET)
 <LI><a href="#[6d]">Reserved111_IRQHandler</a> from startup_mk60d10.o(.text) referenced from startup_mk60d10.o(RESET)
 <LI><a href="#[6e]">Reserved112_IRQHandler</a> from startup_mk60d10.o(.text) referenced from startup_mk60d10.o(RESET)
 <LI><a href="#[6f]">Reserved113_IRQHandler</a> from startup_mk60d10.o(.text) referenced from startup_mk60d10.o(RESET)
 <LI><a href="#[70]">Reserved114_IRQHandler</a> from startup_mk60d10.o(.text) referenced from startup_mk60d10.o(RESET)
 <LI><a href="#[71]">Reserved115_IRQHandler</a> from startup_mk60d10.o(.text) referenced from startup_mk60d10.o(RESET)
 <LI><a href="#[72]">Reserved116_IRQHandler</a> from startup_mk60d10.o(.text) referenced from startup_mk60d10.o(RESET)
 <LI><a href="#[73]">Reserved117_IRQHandler</a> from startup_mk60d10.o(.text) referenced from startup_mk60d10.o(RESET)
 <LI><a href="#[74]">Reserved118_IRQHandler</a> from startup_mk60d10.o(.text) referenced from startup_mk60d10.o(RESET)
 <LI><a href="#[75]">Reserved119_IRQHandler</a> from startup_mk60d10.o(.text) referenced from startup_mk60d10.o(RESET)
 <LI><a href="#[39]">Reserved59_IRQHandler</a> from startup_mk60d10.o(.text) referenced from startup_mk60d10.o(RESET)
 <LI><a href="#[5d]">Reserved95_IRQHandler</a> from startup_mk60d10.o(.text) referenced from startup_mk60d10.o(RESET)
 <LI><a href="#[4]">Reset_Handler</a> from startup_mk60d10.o(.text) referenced from startup_mk60d10.o(RESET)
 <LI><a href="#[5e]">SDHC_IRQHandler</a> from startup_mk60d10.o(.text) referenced from startup_mk60d10.o(RESET)
 <LI><a href="#[28]">SPI0_IRQHandler</a> from startup_mk60d10.o(.text) referenced from startup_mk60d10.o(RESET)
 <LI><a href="#[29]">SPI1_IRQHandler</a> from startup_mk60d10.o(.text) referenced from startup_mk60d10.o(RESET)
 <LI><a href="#[2a]">SPI2_IRQHandler</a> from startup_mk60d10.o(.text) referenced from startup_mk60d10.o(RESET)
 <LI><a href="#[a]">SVC_Handler</a> from startup_mk60d10.o(.text) referenced from startup_mk60d10.o(RESET)
 <LI><a href="#[6c]">SWI_IRQHandler</a> from startup_mk60d10.o(.text) referenced from startup_mk60d10.o(RESET)
 <LI><a href="#[d]">SysTick_Handler</a> from startup_mk60d10.o(.text) referenced from startup_mk60d10.o(RESET)
 <LI><a href="#[77]">SystemInit</a> from system_mk60d10.o(.text) referenced from startup_mk60d10.o(.text)
 <LI><a href="#[61]">TSI0_IRQHandler</a> from startup_mk60d10.o(.text) referenced from startup_mk60d10.o(RESET)
 <LI><a href="#[3c]">UART0_ERR_IRQHandler</a> from startup_mk60d10.o(.text) referenced from startup_mk60d10.o(RESET)
 <LI><a href="#[3a]">UART0_LON_IRQHandler</a> from startup_mk60d10.o(.text) referenced from startup_mk60d10.o(RESET)
 <LI><a href="#[3b]">UART0_RX_TX_IRQHandler</a> from startup_mk60d10.o(.text) referenced from startup_mk60d10.o(RESET)
 <LI><a href="#[3e]">UART1_ERR_IRQHandler</a> from startup_mk60d10.o(.text) referenced from startup_mk60d10.o(RESET)
 <LI><a href="#[3d]">UART1_RX_TX_IRQHandler</a> from startup_mk60d10.o(.text) referenced from startup_mk60d10.o(RESET)
 <LI><a href="#[40]">UART2_ERR_IRQHandler</a> from startup_mk60d10.o(.text) referenced from startup_mk60d10.o(RESET)
 <LI><a href="#[3f]">UART2_RX_TX_IRQHandler</a> from startup_mk60d10.o(.text) referenced from startup_mk60d10.o(RESET)
 <LI><a href="#[42]">UART3_ERR_IRQHandler</a> from startup_mk60d10.o(.text) referenced from startup_mk60d10.o(RESET)
 <LI><a href="#[41]">UART3_RX_TX_IRQHandler</a> from startup_mk60d10.o(.text) referenced from startup_mk60d10.o(RESET)
 <LI><a href="#[44]">UART4_ERR_IRQHandler</a> from startup_mk60d10.o(.text) referenced from startup_mk60d10.o(RESET)
 <LI><a href="#[43]">UART4_RX_TX_IRQHandler</a> from main.o(.text) referenced from startup_mk60d10.o(RESET)
 <LI><a href="#[46]">UART5_ERR_IRQHandler</a> from startup_mk60d10.o(.text) referenced from startup_mk60d10.o(RESET)
 <LI><a href="#[45]">UART5_RX_TX_IRQHandler</a> from startup_mk60d10.o(.text) referenced from startup_mk60d10.o(RESET)
 <LI><a href="#[57]">USB0_IRQHandler</a> from startup_mk60d10.o(.text) referenced from startup_mk60d10.o(RESET)
 <LI><a href="#[58]">USBDCD_IRQHandler</a> from startup_mk60d10.o(.text) referenced from startup_mk60d10.o(RESET)
 <LI><a href="#[9]">UsageFault_Handler</a> from startup_mk60d10.o(.text) referenced from startup_mk60d10.o(RESET)
 <LI><a href="#[24]">Watchdog_IRQHandler</a> from startup_mk60d10.o(.text) referenced from startup_mk60d10.o(RESET)
 <LI><a href="#[7d]">__main</a> from __main.o(!!!main) referenced from startup_mk60d10.o(.text)
 <LI><a href="#[7c]">_printf_input_char</a> from _printf_char_common.o(.text) referenced from _printf_char_common.o(.text)
 <LI><a href="#[7b]">fputc</a> from common.o(.text) referenced from _printf_char_file.o(.text)
</UL>
<P>
<H3>
Global Symbols
</H3>
<P><STRONG><a name="[7d]"></a>__main</STRONG> (Thumb, 8 bytes, Stack size 0 bytes, __main.o(!!!main))
<BR><BR>[Calls]<UL><LI><a href="#[7f]">&gt;&gt;</a>&nbsp;&nbsp;&nbsp;__rt_entry
<LI><a href="#[7e]">&gt;&gt;</a>&nbsp;&nbsp;&nbsp;__scatterload
</UL>

<P><STRONG><a name="[7e]"></a>__scatterload</STRONG> (Thumb, 0 bytes, Stack size unknown bytes, __scatter.o(!!!scatter))
<BR><BR>[Called By]<UL><LI><a href="#[7d]">&gt;&gt;</a>&nbsp;&nbsp;&nbsp;__main
</UL>

<P><STRONG><a name="[80]"></a>__scatterload_rt2</STRONG> (Thumb, 44 bytes, Stack size unknown bytes, __scatter.o(!!!scatter), UNUSED)
<BR><BR>[Calls]<UL><LI><a href="#[7f]">&gt;&gt;</a>&nbsp;&nbsp;&nbsp;__rt_entry
</UL>

<P><STRONG><a name="[cc]"></a>__scatterload_rt2_thumb_only</STRONG> (Thumb, 0 bytes, Stack size unknown bytes, __scatter.o(!!!scatter), UNUSED)

<P><STRONG><a name="[cd]"></a>__scatterload_null</STRONG> (Thumb, 0 bytes, Stack size unknown bytes, __scatter.o(!!!scatter), UNUSED)

<P><STRONG><a name="[81]"></a>__scatterload_copy</STRONG> (Thumb, 26 bytes, Stack size unknown bytes, __scatter_copy.o(!!handler_copy), UNUSED)
<BR><BR>[Calls]<UL><LI><a href="#[81]">&gt;&gt;</a>&nbsp;&nbsp;&nbsp;__scatterload_copy
</UL>
<BR>[Called By]<UL><LI><a href="#[81]">&gt;&gt;</a>&nbsp;&nbsp;&nbsp;__scatterload_copy
</UL>

<P><STRONG><a name="[ce]"></a>__scatterload_zeroinit</STRONG> (Thumb, 28 bytes, Stack size unknown bytes, __scatter_zi.o(!!handler_zi), UNUSED)

<P><STRONG><a name="[82]"></a>_printf_f</STRONG> (Thumb, 0 bytes, Stack size unknown bytes, _printf_f.o(.ARM.Collect$$_printf_percent$$00000003))
<BR><BR>[Stack]<UL><LI>Max Depth = 320 + Unknown Stack Size
<LI>Call Chain = _printf_f &rArr; _printf_fp_dec &rArr; _printf_fp_dec_real &rArr; _fp_digits &rArr; _btod_etento &rArr; _btod_emul &rArr; _e2e
</UL>
<BR>[Calls]<UL><LI><a href="#[83]">&gt;&gt;</a>&nbsp;&nbsp;&nbsp;_printf_fp_dec
</UL>

<P><STRONG><a name="[b1]"></a>_printf_percent</STRONG> (Thumb, 0 bytes, Stack size unknown bytes, _printf_percent.o(.ARM.Collect$$_printf_percent$$00000000))
<BR><BR>[Called By]<UL><LI><a href="#[af]">&gt;&gt;</a>&nbsp;&nbsp;&nbsp;__printf
</UL>

<P><STRONG><a name="[cf]"></a>_printf_percent_end</STRONG> (Thumb, 0 bytes, Stack size unknown bytes, _printf_percent_end.o(.ARM.Collect$$_printf_percent$$00000017))

<P><STRONG><a name="[8b]"></a>__rt_lib_init</STRONG> (Thumb, 0 bytes, Stack size unknown bytes, libinit.o(.ARM.Collect$$libinit$$00000000))
<BR><BR>[Called By]<UL><LI><a href="#[8a]">&gt;&gt;</a>&nbsp;&nbsp;&nbsp;__rt_entry_li
</UL>

<P><STRONG><a name="[d0]"></a>__rt_lib_init_fp_1</STRONG> (Thumb, 0 bytes, Stack size unknown bytes, libinit2.o(.ARM.Collect$$libinit$$00000002))

<P><STRONG><a name="[d1]"></a>__rt_lib_init_heap_1</STRONG> (Thumb, 0 bytes, Stack size unknown bytes, libinit2.o(.ARM.Collect$$libinit$$0000000A))

<P><STRONG><a name="[84]"></a>__rt_lib_init_lc_common</STRONG> (Thumb, 0 bytes, Stack size unknown bytes, libinit2.o(.ARM.Collect$$libinit$$0000000F))
<BR><BR>[Calls]<UL><LI><a href="#[85]">&gt;&gt;</a>&nbsp;&nbsp;&nbsp;__rt_locale
</UL>

<P><STRONG><a name="[d2]"></a>__rt_lib_init_preinit_1</STRONG> (Thumb, 0 bytes, Stack size unknown bytes, libinit2.o(.ARM.Collect$$libinit$$00000004))

<P><STRONG><a name="[d3]"></a>__rt_lib_init_rand_1</STRONG> (Thumb, 0 bytes, Stack size unknown bytes, libinit2.o(.ARM.Collect$$libinit$$0000000E))

<P><STRONG><a name="[d4]"></a>__rt_lib_init_user_alloc_1</STRONG> (Thumb, 0 bytes, Stack size unknown bytes, libinit2.o(.ARM.Collect$$libinit$$0000000C))

<P><STRONG><a name="[d5]"></a>__rt_lib_init_lc_collate_1</STRONG> (Thumb, 0 bytes, Stack size unknown bytes, libinit2.o(.ARM.Collect$$libinit$$00000011))

<P><STRONG><a name="[d6]"></a>__rt_lib_init_lc_ctype_1</STRONG> (Thumb, 0 bytes, Stack size unknown bytes, libinit2.o(.ARM.Collect$$libinit$$00000013))

<P><STRONG><a name="[d7]"></a>__rt_lib_init_lc_monetary_1</STRONG> (Thumb, 0 bytes, Stack size unknown bytes, libinit2.o(.ARM.Collect$$libinit$$00000015))

<P><STRONG><a name="[86]"></a>__rt_lib_init_lc_numeric_2</STRONG> (Thumb, 0 bytes, Stack size unknown bytes, libinit2.o(.ARM.Collect$$libinit$$00000016))
<BR><BR>[Stack]<UL><LI>Max Depth = 8 + Unknown Stack Size
<LI>Call Chain = __rt_lib_init_lc_numeric_2 &rArr; _get_lc_numeric
</UL>
<BR>[Calls]<UL><LI><a href="#[87]">&gt;&gt;</a>&nbsp;&nbsp;&nbsp;_get_lc_numeric
</UL>

<P><STRONG><a name="[d8]"></a>__rt_lib_init_alloca_1</STRONG> (Thumb, 0 bytes, Stack size unknown bytes, libinit2.o(.ARM.Collect$$libinit$$0000002E))

<P><STRONG><a name="[d9]"></a>__rt_lib_init_argv_1</STRONG> (Thumb, 0 bytes, Stack size unknown bytes, libinit2.o(.ARM.Collect$$libinit$$0000002C))

<P><STRONG><a name="[da]"></a>__rt_lib_init_atexit_1</STRONG> (Thumb, 0 bytes, Stack size unknown bytes, libinit2.o(.ARM.Collect$$libinit$$0000001B))

<P><STRONG><a name="[db]"></a>__rt_lib_init_clock_1</STRONG> (Thumb, 0 bytes, Stack size unknown bytes, libinit2.o(.ARM.Collect$$libinit$$00000021))

<P><STRONG><a name="[dc]"></a>__rt_lib_init_cpp_1</STRONG> (Thumb, 0 bytes, Stack size unknown bytes, libinit2.o(.ARM.Collect$$libinit$$00000032))

<P><STRONG><a name="[dd]"></a>__rt_lib_init_exceptions_1</STRONG> (Thumb, 0 bytes, Stack size unknown bytes, libinit2.o(.ARM.Collect$$libinit$$00000030))

<P><STRONG><a name="[de]"></a>__rt_lib_init_fp_trap_1</STRONG> (Thumb, 0 bytes, Stack size unknown bytes, libinit2.o(.ARM.Collect$$libinit$$0000001F))

<P><STRONG><a name="[df]"></a>__rt_lib_init_getenv_1</STRONG> (Thumb, 0 bytes, Stack size unknown bytes, libinit2.o(.ARM.Collect$$libinit$$00000023))

<P><STRONG><a name="[e0]"></a>__rt_lib_init_lc_numeric_1</STRONG> (Thumb, 0 bytes, Stack size unknown bytes, libinit2.o(.ARM.Collect$$libinit$$00000017))

<P><STRONG><a name="[e1]"></a>__rt_lib_init_lc_time_1</STRONG> (Thumb, 0 bytes, Stack size unknown bytes, libinit2.o(.ARM.Collect$$libinit$$00000019))

<P><STRONG><a name="[e2]"></a>__rt_lib_init_return</STRONG> (Thumb, 0 bytes, Stack size unknown bytes, libinit2.o(.ARM.Collect$$libinit$$00000033))

<P><STRONG><a name="[e3]"></a>__rt_lib_init_signal_1</STRONG> (Thumb, 0 bytes, Stack size unknown bytes, libinit2.o(.ARM.Collect$$libinit$$0000001D))

<P><STRONG><a name="[e4]"></a>__rt_lib_init_stdio_1</STRONG> (Thumb, 0 bytes, Stack size unknown bytes, libinit2.o(.ARM.Collect$$libinit$$00000025))

<P><STRONG><a name="[90]"></a>__rt_lib_shutdown</STRONG> (Thumb, 0 bytes, Stack size unknown bytes, libshutdown.o(.ARM.Collect$$libshutdown$$00000000))
<BR><BR>[Called By]<UL><LI><a href="#[8f]">&gt;&gt;</a>&nbsp;&nbsp;&nbsp;__rt_exit_ls
</UL>

<P><STRONG><a name="[e5]"></a>__rt_lib_shutdown_fp_trap_1</STRONG> (Thumb, 0 bytes, Stack size unknown bytes, libshutdown2.o(.ARM.Collect$$libshutdown$$00000006))

<P><STRONG><a name="[e6]"></a>__rt_lib_shutdown_heap_1</STRONG> (Thumb, 0 bytes, Stack size unknown bytes, libshutdown2.o(.ARM.Collect$$libshutdown$$0000000E))

<P><STRONG><a name="[e7]"></a>__rt_lib_shutdown_return</STRONG> (Thumb, 0 bytes, Stack size unknown bytes, libshutdown2.o(.ARM.Collect$$libshutdown$$0000000F))

<P><STRONG><a name="[e8]"></a>__rt_lib_shutdown_signal_1</STRONG> (Thumb, 0 bytes, Stack size unknown bytes, libshutdown2.o(.ARM.Collect$$libshutdown$$00000009))

<P><STRONG><a name="[e9]"></a>__rt_lib_shutdown_stdio_1</STRONG> (Thumb, 0 bytes, Stack size unknown bytes, libshutdown2.o(.ARM.Collect$$libshutdown$$00000003))

<P><STRONG><a name="[ea]"></a>__rt_lib_shutdown_user_alloc_1</STRONG> (Thumb, 0 bytes, Stack size unknown bytes, libshutdown2.o(.ARM.Collect$$libshutdown$$0000000B))

<P><STRONG><a name="[7f]"></a>__rt_entry</STRONG> (Thumb, 0 bytes, Stack size unknown bytes, __rtentry.o(.ARM.Collect$$rtentry$$00000000))
<BR><BR>[Called By]<UL><LI><a href="#[7d]">&gt;&gt;</a>&nbsp;&nbsp;&nbsp;__main
<LI><a href="#[80]">&gt;&gt;</a>&nbsp;&nbsp;&nbsp;__scatterload_rt2
</UL>

<P><STRONG><a name="[eb]"></a>__rt_entry_presh_1</STRONG> (Thumb, 0 bytes, Stack size unknown bytes, __rtentry2.o(.ARM.Collect$$rtentry$$00000002))

<P><STRONG><a name="[88]"></a>__rt_entry_sh</STRONG> (Thumb, 0 bytes, Stack size unknown bytes, __rtentry4.o(.ARM.Collect$$rtentry$$00000004))
<BR><BR>[Stack]<UL><LI>Max Depth = 8 + Unknown Stack Size
<LI>Call Chain = __rt_entry_sh &rArr; __user_setup_stackheap
</UL>
<BR>[Calls]<UL><LI><a href="#[89]">&gt;&gt;</a>&nbsp;&nbsp;&nbsp;__user_setup_stackheap
</UL>

<P><STRONG><a name="[8a]"></a>__rt_entry_li</STRONG> (Thumb, 0 bytes, Stack size unknown bytes, __rtentry2.o(.ARM.Collect$$rtentry$$0000000A))
<BR><BR>[Calls]<UL><LI><a href="#[8b]">&gt;&gt;</a>&nbsp;&nbsp;&nbsp;__rt_lib_init
</UL>

<P><STRONG><a name="[ec]"></a>__rt_entry_postsh_1</STRONG> (Thumb, 0 bytes, Stack size unknown bytes, __rtentry2.o(.ARM.Collect$$rtentry$$00000009))

<P><STRONG><a name="[8c]"></a>__rt_entry_main</STRONG> (Thumb, 0 bytes, Stack size unknown bytes, __rtentry2.o(.ARM.Collect$$rtentry$$0000000D))
<BR><BR>[Stack]<UL><LI>Max Depth = 296 + Unknown Stack Size
<LI>Call Chain = __rt_entry_main &rArr; main &rArr; __2printf &rArr; _printf_char_file &rArr; _printf_char_common &rArr; __printf
</UL>
<BR>[Calls]<UL><LI><a href="#[8e]">&gt;&gt;</a>&nbsp;&nbsp;&nbsp;exit
<LI><a href="#[8d]">&gt;&gt;</a>&nbsp;&nbsp;&nbsp;main
</UL>

<P><STRONG><a name="[ed]"></a>__rt_entry_postli_1</STRONG> (Thumb, 0 bytes, Stack size unknown bytes, __rtentry2.o(.ARM.Collect$$rtentry$$0000000C))

<P><STRONG><a name="[c0]"></a>__rt_exit</STRONG> (Thumb, 0 bytes, Stack size unknown bytes, rtexit.o(.ARM.Collect$$rtexit$$00000000))
<BR><BR>[Called By]<UL><LI><a href="#[8e]">&gt;&gt;</a>&nbsp;&nbsp;&nbsp;exit
</UL>

<P><STRONG><a name="[8f]"></a>__rt_exit_ls</STRONG> (Thumb, 0 bytes, Stack size unknown bytes, rtexit2.o(.ARM.Collect$$rtexit$$00000003))
<BR><BR>[Calls]<UL><LI><a href="#[90]">&gt;&gt;</a>&nbsp;&nbsp;&nbsp;__rt_lib_shutdown
</UL>

<P><STRONG><a name="[ee]"></a>__rt_exit_prels_1</STRONG> (Thumb, 0 bytes, Stack size unknown bytes, rtexit2.o(.ARM.Collect$$rtexit$$00000002))

<P><STRONG><a name="[91]"></a>__rt_exit_exit</STRONG> (Thumb, 0 bytes, Stack size unknown bytes, rtexit2.o(.ARM.Collect$$rtexit$$00000004))
<BR><BR>[Calls]<UL><LI><a href="#[92]">&gt;&gt;</a>&nbsp;&nbsp;&nbsp;_sys_exit
</UL>

<P><STRONG><a name="[77]"></a>SystemInit</STRONG> (Thumb, 92 bytes, Stack size 0 bytes, system_mk60d10.o(.text))
<BR>[Address Reference Count : 1]<UL><LI> startup_mk60d10.o(.text)
</UL>
<P><STRONG><a name="[ef]"></a>SystemCoreClockUpdate</STRONG> (Thumb, 324 bytes, Stack size 0 bytes, system_mk60d10.o(.text), UNUSED)

<P><STRONG><a name="[4]"></a>Reset_Handler</STRONG> (Thumb, 8 bytes, Stack size 0 bytes, startup_mk60d10.o(.text))
<BR>[Address Reference Count : 1]<UL><LI> startup_mk60d10.o(RESET)
</UL>
<P><STRONG><a name="[7]"></a>MemManage_Handler</STRONG> (Thumb, 2 bytes, Stack size 0 bytes, startup_mk60d10.o(.text))
<BR><BR>[Calls]<UL><LI><a href="#[7]">&gt;&gt;</a>&nbsp;&nbsp;&nbsp;MemManage_Handler
</UL>
<BR>[Called By]<UL><LI><a href="#[7]">&gt;&gt;</a>&nbsp;&nbsp;&nbsp;MemManage_Handler
</UL>
<BR>[Address Reference Count : 1]<UL><LI> startup_mk60d10.o(RESET)
</UL>
<P><STRONG><a name="[8]"></a>BusFault_Handler</STRONG> (Thumb, 2 bytes, Stack size 0 bytes, startup_mk60d10.o(.text))
<BR><BR>[Calls]<UL><LI><a href="#[8]">&gt;&gt;</a>&nbsp;&nbsp;&nbsp;BusFault_Handler
</UL>
<BR>[Called By]<UL><LI><a href="#[8]">&gt;&gt;</a>&nbsp;&nbsp;&nbsp;BusFault_Handler
</UL>
<BR>[Address Reference Count : 1]<UL><LI> startup_mk60d10.o(RESET)
</UL>
<P><STRONG><a name="[9]"></a>UsageFault_Handler</STRONG> (Thumb, 2 bytes, Stack size 0 bytes, startup_mk60d10.o(.text))
<BR><BR>[Calls]<UL><LI><a href="#[9]">&gt;&gt;</a>&nbsp;&nbsp;&nbsp;UsageFault_Handler
</UL>
<BR>[Called By]<UL><LI><a href="#[9]">&gt;&gt;</a>&nbsp;&nbsp;&nbsp;UsageFault_Handler
</UL>
<BR>[Address Reference Count : 1]<UL><LI> startup_mk60d10.o(RESET)
</UL>
<P><STRONG><a name="[a]"></a>SVC_Handler</STRONG> (Thumb, 2 bytes, Stack size 0 bytes, startup_mk60d10.o(.text))
<BR><BR>[Calls]<UL><LI><a href="#[a]">&gt;&gt;</a>&nbsp;&nbsp;&nbsp;SVC_Handler
</UL>
<BR>[Called By]<UL><LI><a href="#[a]">&gt;&gt;</a>&nbsp;&nbsp;&nbsp;SVC_Handler
</UL>
<BR>[Address Reference Count : 1]<UL><LI> startup_mk60d10.o(RESET)
</UL>
<P><STRONG><a name="[b]"></a>DebugMon_Handler</STRONG> (Thumb, 2 bytes, Stack size 0 bytes, startup_mk60d10.o(.text))
<BR><BR>[Calls]<UL><LI><a href="#[b]">&gt;&gt;</a>&nbsp;&nbsp;&nbsp;DebugMon_Handler
</UL>
<BR>[Called By]<UL><LI><a href="#[b]">&gt;&gt;</a>&nbsp;&nbsp;&nbsp;DebugMon_Handler
</UL>
<BR>[Address Reference Count : 1]<UL><LI> startup_mk60d10.o(RESET)
</UL>
<P><STRONG><a name="[c]"></a>PendSV_Handler</STRONG> (Thumb, 2 bytes, Stack size 0 bytes, startup_mk60d10.o(.text))
<BR><BR>[Calls]<UL><LI><a href="#[c]">&gt;&gt;</a>&nbsp;&nbsp;&nbsp;PendSV_Handler
</UL>
<BR>[Called By]<UL><LI><a href="#[c]">&gt;&gt;</a>&nbsp;&nbsp;&nbsp;PendSV_Handler
</UL>
<BR>[Address Reference Count : 1]<UL><LI> startup_mk60d10.o(RESET)
</UL>
<P><STRONG><a name="[d]"></a>SysTick_Handler</STRONG> (Thumb, 2 bytes, Stack size 0 bytes, startup_mk60d10.o(.text))
<BR><BR>[Calls]<UL><LI><a href="#[d]">&gt;&gt;</a>&nbsp;&nbsp;&nbsp;SysTick_Handler
</UL>
<BR>[Called By]<UL><LI><a href="#[d]">&gt;&gt;</a>&nbsp;&nbsp;&nbsp;SysTick_Handler
</UL>
<BR>[Address Reference Count : 1]<UL><LI> startup_mk60d10.o(RESET)
</UL>
<P><STRONG><a name="[47]"></a>ADC0_IRQHandler</STRONG> (Thumb, 0 bytes, Stack size 0 bytes, startup_mk60d10.o(.text))
<BR><BR>[Calls]<UL><LI><a href="#[47]">&gt;&gt;</a>&nbsp;&nbsp;&nbsp;ADC0_IRQHandler
</UL>
<BR>[Called By]<UL><LI><a href="#[47]">&gt;&gt;</a>&nbsp;&nbsp;&nbsp;ADC0_IRQHandler
</UL>
<BR>[Address Reference Count : 1]<UL><LI> startup_mk60d10.o(RESET)
</UL>
<P><STRONG><a name="[48]"></a>ADC1_IRQHandler</STRONG> (Thumb, 0 bytes, Stack size 0 bytes, startup_mk60d10.o(.text))
<BR>[Address Reference Count : 1]<UL><LI> startup_mk60d10.o(RESET)
</UL>
<P><STRONG><a name="[2c]"></a>CAN0_Bus_Off_IRQHandler</STRONG> (Thumb, 0 bytes, Stack size 0 bytes, startup_mk60d10.o(.text))
<BR>[Address Reference Count : 1]<UL><LI> startup_mk60d10.o(RESET)
</UL>
<P><STRONG><a name="[2d]"></a>CAN0_Error_IRQHandler</STRONG> (Thumb, 0 bytes, Stack size 0 bytes, startup_mk60d10.o(.text))
<BR>[Address Reference Count : 1]<UL><LI> startup_mk60d10.o(RESET)
</UL>
<P><STRONG><a name="[2b]"></a>CAN0_ORed_Message_buffer_IRQHandler</STRONG> (Thumb, 0 bytes, Stack size 0 bytes, startup_mk60d10.o(.text))
<BR>[Address Reference Count : 1]<UL><LI> startup_mk60d10.o(RESET)
</UL>
<P><STRONG><a name="[2f]"></a>CAN0_Rx_Warning_IRQHandler</STRONG> (Thumb, 0 bytes, Stack size 0 bytes, startup_mk60d10.o(.text))
<BR>[Address Reference Count : 1]<UL><LI> startup_mk60d10.o(RESET)
</UL>
<P><STRONG><a name="[2e]"></a>CAN0_Tx_Warning_IRQHandler</STRONG> (Thumb, 0 bytes, Stack size 0 bytes, startup_mk60d10.o(.text))
<BR>[Address Reference Count : 1]<UL><LI> startup_mk60d10.o(RESET)
</UL>
<P><STRONG><a name="[30]"></a>CAN0_Wake_Up_IRQHandler</STRONG> (Thumb, 0 bytes, Stack size 0 bytes, startup_mk60d10.o(.text))
<BR>[Address Reference Count : 1]<UL><LI> startup_mk60d10.o(RESET)
</UL>
<P><STRONG><a name="[34]"></a>CAN1_Bus_Off_IRQHandler</STRONG> (Thumb, 0 bytes, Stack size 0 bytes, startup_mk60d10.o(.text))
<BR>[Address Reference Count : 1]<UL><LI> startup_mk60d10.o(RESET)
</UL>
<P><STRONG><a name="[35]"></a>CAN1_Error_IRQHandler</STRONG> (Thumb, 0 bytes, Stack size 0 bytes, startup_mk60d10.o(.text))
<BR>[Address Reference Count : 1]<UL><LI> startup_mk60d10.o(RESET)
</UL>
<P><STRONG><a name="[33]"></a>CAN1_ORed_Message_buffer_IRQHandler</STRONG> (Thumb, 0 bytes, Stack size 0 bytes, startup_mk60d10.o(.text))
<BR>[Address Reference Count : 1]<UL><LI> startup_mk60d10.o(RESET)
</UL>
<P><STRONG><a name="[37]"></a>CAN1_Rx_Warning_IRQHandler</STRONG> (Thumb, 0 bytes, Stack size 0 bytes, startup_mk60d10.o(.text))
<BR>[Address Reference Count : 1]<UL><LI> startup_mk60d10.o(RESET)
</UL>
<P><STRONG><a name="[36]"></a>CAN1_Tx_Warning_IRQHandler</STRONG> (Thumb, 0 bytes, Stack size 0 bytes, startup_mk60d10.o(.text))
<BR>[Address Reference Count : 1]<UL><LI> startup_mk60d10.o(RESET)
</UL>
<P><STRONG><a name="[38]"></a>CAN1_Wake_Up_IRQHandler</STRONG> (Thumb, 0 bytes, Stack size 0 bytes, startup_mk60d10.o(.text))
<BR>[Address Reference Count : 1]<UL><LI> startup_mk60d10.o(RESET)
</UL>
<P><STRONG><a name="[49]"></a>CMP0_IRQHandler</STRONG> (Thumb, 0 bytes, Stack size 0 bytes, startup_mk60d10.o(.text))
<BR>[Address Reference Count : 1]<UL><LI> startup_mk60d10.o(RESET)
</UL>
<P><STRONG><a name="[4a]"></a>CMP1_IRQHandler</STRONG> (Thumb, 0 bytes, Stack size 0 bytes, startup_mk60d10.o(.text))
<BR>[Address Reference Count : 1]<UL><LI> startup_mk60d10.o(RESET)
</UL>
<P><STRONG><a name="[4b]"></a>CMP2_IRQHandler</STRONG> (Thumb, 0 bytes, Stack size 0 bytes, startup_mk60d10.o(.text))
<BR>[Address Reference Count : 1]<UL><LI> startup_mk60d10.o(RESET)
</UL>
<P><STRONG><a name="[4f]"></a>CMT_IRQHandler</STRONG> (Thumb, 0 bytes, Stack size 0 bytes, startup_mk60d10.o(.text))
<BR>[Address Reference Count : 1]<UL><LI> startup_mk60d10.o(RESET)
</UL>
<P><STRONG><a name="[5f]"></a>DAC0_IRQHandler</STRONG> (Thumb, 0 bytes, Stack size 0 bytes, startup_mk60d10.o(.text))
<BR>[Address Reference Count : 1]<UL><LI> startup_mk60d10.o(RESET)
</UL>
<P><STRONG><a name="[60]"></a>DAC1_IRQHandler</STRONG> (Thumb, 0 bytes, Stack size 0 bytes, startup_mk60d10.o(.text))
<BR>[Address Reference Count : 1]<UL><LI> startup_mk60d10.o(RESET)
</UL>
<P><STRONG><a name="[e]"></a>DMA0_IRQHandler</STRONG> (Thumb, 0 bytes, Stack size 0 bytes, startup_mk60d10.o(.text))
<BR>[Address Reference Count : 1]<UL><LI> startup_mk60d10.o(RESET)
</UL>
<P><STRONG><a name="[18]"></a>DMA10_IRQHandler</STRONG> (Thumb, 0 bytes, Stack size 0 bytes, startup_mk60d10.o(.text))
<BR>[Address Reference Count : 1]<UL><LI> startup_mk60d10.o(RESET)
</UL>
<P><STRONG><a name="[19]"></a>DMA11_IRQHandler</STRONG> (Thumb, 0 bytes, Stack size 0 bytes, startup_mk60d10.o(.text))
<BR>[Address Reference Count : 1]<UL><LI> startup_mk60d10.o(RESET)
</UL>
<P><STRONG><a name="[1a]"></a>DMA12_IRQHandler</STRONG> (Thumb, 0 bytes, Stack size 0 bytes, startup_mk60d10.o(.text))
<BR>[Address Reference Count : 1]<UL><LI> startup_mk60d10.o(RESET)
</UL>
<P><STRONG><a name="[1b]"></a>DMA13_IRQHandler</STRONG> (Thumb, 0 bytes, Stack size 0 bytes, startup_mk60d10.o(.text))
<BR>[Address Reference Count : 1]<UL><LI> startup_mk60d10.o(RESET)
</UL>
<P><STRONG><a name="[1c]"></a>DMA14_IRQHandler</STRONG> (Thumb, 0 bytes, Stack size 0 bytes, startup_mk60d10.o(.text))
<BR>[Address Reference Count : 1]<UL><LI> startup_mk60d10.o(RESET)
</UL>
<P><STRONG><a name="[1d]"></a>DMA15_IRQHandler</STRONG> (Thumb, 0 bytes, Stack size 0 bytes, startup_mk60d10.o(.text))
<BR>[Address Reference Count : 1]<UL><LI> startup_mk60d10.o(RESET)
</UL>
<P><STRONG><a name="[f]"></a>DMA1_IRQHandler</STRONG> (Thumb, 0 bytes, Stack size 0 bytes, startup_mk60d10.o(.text))
<BR>[Address Reference Count : 1]<UL><LI> startup_mk60d10.o(RESET)
</UL>
<P><STRONG><a name="[10]"></a>DMA2_IRQHandler</STRONG> (Thumb, 0 bytes, Stack size 0 bytes, startup_mk60d10.o(.text))
<BR>[Address Reference Count : 1]<UL><LI> startup_mk60d10.o(RESET)
</UL>
<P><STRONG><a name="[11]"></a>DMA3_IRQHandler</STRONG> (Thumb, 0 bytes, Stack size 0 bytes, startup_mk60d10.o(.text))
<BR>[Address Reference Count : 1]<UL><LI> startup_mk60d10.o(RESET)
</UL>
<P><STRONG><a name="[12]"></a>DMA4_IRQHandler</STRONG> (Thumb, 0 bytes, Stack size 0 bytes, startup_mk60d10.o(.text))
<BR>[Address Reference Count : 1]<UL><LI> startup_mk60d10.o(RESET)
</UL>
<P><STRONG><a name="[13]"></a>DMA5_IRQHandler</STRONG> (Thumb, 0 bytes, Stack size 0 bytes, startup_mk60d10.o(.text))
<BR>[Address Reference Count : 1]<UL><LI> startup_mk60d10.o(RESET)
</UL>
<P><STRONG><a name="[14]"></a>DMA6_IRQHandler</STRONG> (Thumb, 0 bytes, Stack size 0 bytes, startup_mk60d10.o(.text))
<BR>[Address Reference Count : 1]<UL><LI> startup_mk60d10.o(RESET)
</UL>
<P><STRONG><a name="[15]"></a>DMA7_IRQHandler</STRONG> (Thumb, 0 bytes, Stack size 0 bytes, startup_mk60d10.o(.text))
<BR>[Address Reference Count : 1]<UL><LI> startup_mk60d10.o(RESET)
</UL>
<P><STRONG><a name="[16]"></a>DMA8_IRQHandler</STRONG> (Thumb, 0 bytes, Stack size 0 bytes, startup_mk60d10.o(.text))
<BR>[Address Reference Count : 1]<UL><LI> startup_mk60d10.o(RESET)
</UL>
<P><STRONG><a name="[17]"></a>DMA9_IRQHandler</STRONG> (Thumb, 0 bytes, Stack size 0 bytes, startup_mk60d10.o(.text))
<BR>[Address Reference Count : 1]<UL><LI> startup_mk60d10.o(RESET)
</UL>
<P><STRONG><a name="[1e]"></a>DMA_Error_IRQHandler</STRONG> (Thumb, 0 bytes, Stack size 0 bytes, startup_mk60d10.o(.text))
<BR>[Address Reference Count : 1]<UL><LI> startup_mk60d10.o(RESET)
</UL>
<P><STRONG><a name="[76]"></a>DefaultISR</STRONG> (Thumb, 0 bytes, Stack size 0 bytes, startup_mk60d10.o(.text))
<BR>[Address Reference Count : 1]<UL><LI> startup_mk60d10.o(RESET)
</UL>
<P><STRONG><a name="[59]"></a>ENET_1588_Timer_IRQHandler</STRONG> (Thumb, 0 bytes, Stack size 0 bytes, startup_mk60d10.o(.text))
<BR>[Address Reference Count : 1]<UL><LI> startup_mk60d10.o(RESET)
</UL>
<P><STRONG><a name="[5c]"></a>ENET_Error_IRQHandler</STRONG> (Thumb, 0 bytes, Stack size 0 bytes, startup_mk60d10.o(.text))
<BR>[Address Reference Count : 1]<UL><LI> startup_mk60d10.o(RESET)
</UL>
<P><STRONG><a name="[5b]"></a>ENET_Receive_IRQHandler</STRONG> (Thumb, 0 bytes, Stack size 0 bytes, startup_mk60d10.o(.text))
<BR>[Address Reference Count : 1]<UL><LI> startup_mk60d10.o(RESET)
</UL>
<P><STRONG><a name="[5a]"></a>ENET_Transmit_IRQHandler</STRONG> (Thumb, 0 bytes, Stack size 0 bytes, startup_mk60d10.o(.text))
<BR>[Address Reference Count : 1]<UL><LI> startup_mk60d10.o(RESET)
</UL>
<P><STRONG><a name="[20]"></a>FTFL_IRQHandler</STRONG> (Thumb, 0 bytes, Stack size 0 bytes, startup_mk60d10.o(.text))
<BR>[Address Reference Count : 1]<UL><LI> startup_mk60d10.o(RESET)
</UL>
<P><STRONG><a name="[4c]"></a>FTM0_IRQHandler</STRONG> (Thumb, 0 bytes, Stack size 0 bytes, startup_mk60d10.o(.text))
<BR>[Address Reference Count : 1]<UL><LI> startup_mk60d10.o(RESET)
</UL>
<P><STRONG><a name="[4d]"></a>FTM1_IRQHandler</STRONG> (Thumb, 0 bytes, Stack size 0 bytes, startup_mk60d10.o(.text))
<BR>[Address Reference Count : 1]<UL><LI> startup_mk60d10.o(RESET)
</UL>
<P><STRONG><a name="[4e]"></a>FTM2_IRQHandler</STRONG> (Thumb, 0 bytes, Stack size 0 bytes, startup_mk60d10.o(.text))
<BR>[Address Reference Count : 1]<UL><LI> startup_mk60d10.o(RESET)
</UL>
<P><STRONG><a name="[26]"></a>I2C0_IRQHandler</STRONG> (Thumb, 0 bytes, Stack size 0 bytes, startup_mk60d10.o(.text))
<BR>[Address Reference Count : 1]<UL><LI> startup_mk60d10.o(RESET)
</UL>
<P><STRONG><a name="[27]"></a>I2C1_IRQHandler</STRONG> (Thumb, 0 bytes, Stack size 0 bytes, startup_mk60d10.o(.text))
<BR>[Address Reference Count : 1]<UL><LI> startup_mk60d10.o(RESET)
</UL>
<P><STRONG><a name="[32]"></a>I2S0_Rx_IRQHandler</STRONG> (Thumb, 0 bytes, Stack size 0 bytes, startup_mk60d10.o(.text))
<BR>[Address Reference Count : 1]<UL><LI> startup_mk60d10.o(RESET)
</UL>
<P><STRONG><a name="[31]"></a>I2S0_Tx_IRQHandler</STRONG> (Thumb, 0 bytes, Stack size 0 bytes, startup_mk60d10.o(.text))
<BR>[Address Reference Count : 1]<UL><LI> startup_mk60d10.o(RESET)
</UL>
<P><STRONG><a name="[23]"></a>LLW_IRQHandler</STRONG> (Thumb, 0 bytes, Stack size 0 bytes, startup_mk60d10.o(.text))
<BR>[Address Reference Count : 1]<UL><LI> startup_mk60d10.o(RESET)
</UL>
<P><STRONG><a name="[63]"></a>LPTimer_IRQHandler</STRONG> (Thumb, 0 bytes, Stack size 0 bytes, startup_mk60d10.o(.text))
<BR>[Address Reference Count : 1]<UL><LI> startup_mk60d10.o(RESET)
</UL>
<P><STRONG><a name="[22]"></a>LVD_LVW_IRQHandler</STRONG> (Thumb, 0 bytes, Stack size 0 bytes, startup_mk60d10.o(.text))
<BR>[Address Reference Count : 1]<UL><LI> startup_mk60d10.o(RESET)
</UL>
<P><STRONG><a name="[62]"></a>MCG_IRQHandler</STRONG> (Thumb, 0 bytes, Stack size 0 bytes, startup_mk60d10.o(.text))
<BR>[Address Reference Count : 1]<UL><LI> startup_mk60d10.o(RESET)
</UL>
<P><STRONG><a name="[1f]"></a>MCM_IRQHandler</STRONG> (Thumb, 0 bytes, Stack size 0 bytes, startup_mk60d10.o(.text))
<BR>[Address Reference Count : 1]<UL><LI> startup_mk60d10.o(RESET)
</UL>
<P><STRONG><a name="[56]"></a>PDB0_IRQHandler</STRONG> (Thumb, 0 bytes, Stack size 0 bytes, startup_mk60d10.o(.text))
<BR>[Address Reference Count : 1]<UL><LI> startup_mk60d10.o(RESET)
</UL>
<P><STRONG><a name="[52]"></a>PIT0_IRQHandler</STRONG> (Thumb, 0 bytes, Stack size 0 bytes, startup_mk60d10.o(.text))
<BR>[Address Reference Count : 1]<UL><LI> startup_mk60d10.o(RESET)
</UL>
<P><STRONG><a name="[53]"></a>PIT1_IRQHandler</STRONG> (Thumb, 0 bytes, Stack size 0 bytes, startup_mk60d10.o(.text))
<BR>[Address Reference Count : 1]<UL><LI> startup_mk60d10.o(RESET)
</UL>
<P><STRONG><a name="[54]"></a>PIT2_IRQHandler</STRONG> (Thumb, 0 bytes, Stack size 0 bytes, startup_mk60d10.o(.text))
<BR>[Address Reference Count : 1]<UL><LI> startup_mk60d10.o(RESET)
</UL>
<P><STRONG><a name="[55]"></a>PIT3_IRQHandler</STRONG> (Thumb, 0 bytes, Stack size 0 bytes, startup_mk60d10.o(.text))
<BR>[Address Reference Count : 1]<UL><LI> startup_mk60d10.o(RESET)
</UL>
<P><STRONG><a name="[65]"></a>PORTA_IRQHandler</STRONG> (Thumb, 0 bytes, Stack size 0 bytes, startup_mk60d10.o(.text))
<BR>[Address Reference Count : 1]<UL><LI> startup_mk60d10.o(RESET)
</UL>
<P><STRONG><a name="[66]"></a>PORTB_IRQHandler</STRONG> (Thumb, 0 bytes, Stack size 0 bytes, startup_mk60d10.o(.text))
<BR>[Address Reference Count : 1]<UL><LI> startup_mk60d10.o(RESET)
</UL>
<P><STRONG><a name="[67]"></a>PORTC_IRQHandler</STRONG> (Thumb, 0 bytes, Stack size 0 bytes, startup_mk60d10.o(.text))
<BR>[Address Reference Count : 1]<UL><LI> startup_mk60d10.o(RESET)
</UL>
<P><STRONG><a name="[68]"></a>PORTD_IRQHandler</STRONG> (Thumb, 0 bytes, Stack size 0 bytes, startup_mk60d10.o(.text))
<BR>[Address Reference Count : 1]<UL><LI> startup_mk60d10.o(RESET)
</UL>
<P><STRONG><a name="[69]"></a>PORTE_IRQHandler</STRONG> (Thumb, 0 bytes, Stack size 0 bytes, startup_mk60d10.o(.text))
<BR>[Address Reference Count : 1]<UL><LI> startup_mk60d10.o(RESET)
</UL>
<P><STRONG><a name="[25]"></a>RNG_IRQHandler</STRONG> (Thumb, 0 bytes, Stack size 0 bytes, startup_mk60d10.o(.text))
<BR>[Address Reference Count : 1]<UL><LI> startup_mk60d10.o(RESET)
</UL>
<P><STRONG><a name="[50]"></a>RTC_IRQHandler</STRONG> (Thumb, 0 bytes, Stack size 0 bytes, startup_mk60d10.o(.text))
<BR>[Address Reference Count : 1]<UL><LI> startup_mk60d10.o(RESET)
</UL>
<P><STRONG><a name="[51]"></a>RTC_Seconds_IRQHandler</STRONG> (Thumb, 0 bytes, Stack size 0 bytes, startup_mk60d10.o(.text))
<BR>[Address Reference Count : 1]<UL><LI> startup_mk60d10.o(RESET)
</UL>
<P><STRONG><a name="[21]"></a>Read_Collision_IRQHandler</STRONG> (Thumb, 0 bytes, Stack size 0 bytes, startup_mk60d10.o(.text))
<BR>[Address Reference Count : 1]<UL><LI> startup_mk60d10.o(RESET)
</UL>
<P><STRONG><a name="[64]"></a>Reserved102_IRQHandler</STRONG> (Thumb, 0 bytes, Stack size 0 bytes, startup_mk60d10.o(.text))
<BR>[Address Reference Count : 1]<UL><LI> startup_mk60d10.o(RESET)
</UL>
<P><STRONG><a name="[6a]"></a>Reserved108_IRQHandler</STRONG> (Thumb, 0 bytes, Stack size 0 bytes, startup_mk60d10.o(.text))
<BR>[Address Reference Count : 1]<UL><LI> startup_mk60d10.o(RESET)
</UL>
<P><STRONG><a name="[6b]"></a>Reserved109_IRQHandler</STRONG> (Thumb, 0 bytes, Stack size 0 bytes, startup_mk60d10.o(.text))
<BR>[Address Reference Count : 1]<UL><LI> startup_mk60d10.o(RESET)
</UL>
<P><STRONG><a name="[6d]"></a>Reserved111_IRQHandler</STRONG> (Thumb, 0 bytes, Stack size 0 bytes, startup_mk60d10.o(.text))
<BR>[Address Reference Count : 1]<UL><LI> startup_mk60d10.o(RESET)
</UL>
<P><STRONG><a name="[6e]"></a>Reserved112_IRQHandler</STRONG> (Thumb, 0 bytes, Stack size 0 bytes, startup_mk60d10.o(.text))
<BR>[Address Reference Count : 1]<UL><LI> startup_mk60d10.o(RESET)
</UL>
<P><STRONG><a name="[6f]"></a>Reserved113_IRQHandler</STRONG> (Thumb, 0 bytes, Stack size 0 bytes, startup_mk60d10.o(.text))
<BR>[Address Reference Count : 1]<UL><LI> startup_mk60d10.o(RESET)
</UL>
<P><STRONG><a name="[70]"></a>Reserved114_IRQHandler</STRONG> (Thumb, 0 bytes, Stack size 0 bytes, startup_mk60d10.o(.text))
<BR>[Address Reference Count : 1]<UL><LI> startup_mk60d10.o(RESET)
</UL>
<P><STRONG><a name="[71]"></a>Reserved115_IRQHandler</STRONG> (Thumb, 0 bytes, Stack size 0 bytes, startup_mk60d10.o(.text))
<BR>[Address Reference Count : 1]<UL><LI> startup_mk60d10.o(RESET)
</UL>
<P><STRONG><a name="[72]"></a>Reserved116_IRQHandler</STRONG> (Thumb, 0 bytes, Stack size 0 bytes, startup_mk60d10.o(.text))
<BR>[Address Reference Count : 1]<UL><LI> startup_mk60d10.o(RESET)
</UL>
<P><STRONG><a name="[73]"></a>Reserved117_IRQHandler</STRONG> (Thumb, 0 bytes, Stack size 0 bytes, startup_mk60d10.o(.text))
<BR>[Address Reference Count : 1]<UL><LI> startup_mk60d10.o(RESET)
</UL>
<P><STRONG><a name="[74]"></a>Reserved118_IRQHandler</STRONG> (Thumb, 0 bytes, Stack size 0 bytes, startup_mk60d10.o(.text))
<BR>[Address Reference Count : 1]<UL><LI> startup_mk60d10.o(RESET)
</UL>
<P><STRONG><a name="[75]"></a>Reserved119_IRQHandler</STRONG> (Thumb, 0 bytes, Stack size 0 bytes, startup_mk60d10.o(.text))
<BR>[Address Reference Count : 1]<UL><LI> startup_mk60d10.o(RESET)
</UL>
<P><STRONG><a name="[39]"></a>Reserved59_IRQHandler</STRONG> (Thumb, 0 bytes, Stack size 0 bytes, startup_mk60d10.o(.text))
<BR>[Address Reference Count : 1]<UL><LI> startup_mk60d10.o(RESET)
</UL>
<P><STRONG><a name="[5d]"></a>Reserved95_IRQHandler</STRONG> (Thumb, 0 bytes, Stack size 0 bytes, startup_mk60d10.o(.text))
<BR>[Address Reference Count : 1]<UL><LI> startup_mk60d10.o(RESET)
</UL>
<P><STRONG><a name="[5e]"></a>SDHC_IRQHandler</STRONG> (Thumb, 0 bytes, Stack size 0 bytes, startup_mk60d10.o(.text))
<BR>[Address Reference Count : 1]<UL><LI> startup_mk60d10.o(RESET)
</UL>
<P><STRONG><a name="[28]"></a>SPI0_IRQHandler</STRONG> (Thumb, 0 bytes, Stack size 0 bytes, startup_mk60d10.o(.text))
<BR>[Address Reference Count : 1]<UL><LI> startup_mk60d10.o(RESET)
</UL>
<P><STRONG><a name="[29]"></a>SPI1_IRQHandler</STRONG> (Thumb, 0 bytes, Stack size 0 bytes, startup_mk60d10.o(.text))
<BR>[Address Reference Count : 1]<UL><LI> startup_mk60d10.o(RESET)
</UL>
<P><STRONG><a name="[2a]"></a>SPI2_IRQHandler</STRONG> (Thumb, 0 bytes, Stack size 0 bytes, startup_mk60d10.o(.text))
<BR>[Address Reference Count : 1]<UL><LI> startup_mk60d10.o(RESET)
</UL>
<P><STRONG><a name="[6c]"></a>SWI_IRQHandler</STRONG> (Thumb, 0 bytes, Stack size 0 bytes, startup_mk60d10.o(.text))
<BR>[Address Reference Count : 1]<UL><LI> startup_mk60d10.o(RESET)
</UL>
<P><STRONG><a name="[61]"></a>TSI0_IRQHandler</STRONG> (Thumb, 0 bytes, Stack size 0 bytes, startup_mk60d10.o(.text))
<BR>[Address Reference Count : 1]<UL><LI> startup_mk60d10.o(RESET)
</UL>
<P><STRONG><a name="[3c]"></a>UART0_ERR_IRQHandler</STRONG> (Thumb, 0 bytes, Stack size 0 bytes, startup_mk60d10.o(.text))
<BR>[Address Reference Count : 1]<UL><LI> startup_mk60d10.o(RESET)
</UL>
<P><STRONG><a name="[3a]"></a>UART0_LON_IRQHandler</STRONG> (Thumb, 0 bytes, Stack size 0 bytes, startup_mk60d10.o(.text))
<BR>[Address Reference Count : 1]<UL><LI> startup_mk60d10.o(RESET)
</UL>
<P><STRONG><a name="[3b]"></a>UART0_RX_TX_IRQHandler</STRONG> (Thumb, 0 bytes, Stack size 0 bytes, startup_mk60d10.o(.text))
<BR>[Address Reference Count : 1]<UL><LI> startup_mk60d10.o(RESET)
</UL>
<P><STRONG><a name="[3e]"></a>UART1_ERR_IRQHandler</STRONG> (Thumb, 0 bytes, Stack size 0 bytes, startup_mk60d10.o(.text))
<BR>[Address Reference Count : 1]<UL><LI> startup_mk60d10.o(RESET)
</UL>
<P><STRONG><a name="[3d]"></a>UART1_RX_TX_IRQHandler</STRONG> (Thumb, 0 bytes, Stack size 0 bytes, startup_mk60d10.o(.text))
<BR>[Address Reference Count : 1]<UL><LI> startup_mk60d10.o(RESET)
</UL>
<P><STRONG><a name="[40]"></a>UART2_ERR_IRQHandler</STRONG> (Thumb, 0 bytes, Stack size 0 bytes, startup_mk60d10.o(.text))
<BR>[Address Reference Count : 1]<UL><LI> startup_mk60d10.o(RESET)
</UL>
<P><STRONG><a name="[3f]"></a>UART2_RX_TX_IRQHandler</STRONG> (Thumb, 0 bytes, Stack size 0 bytes, startup_mk60d10.o(.text))
<BR>[Address Reference Count : 1]<UL><LI> startup_mk60d10.o(RESET)
</UL>
<P><STRONG><a name="[42]"></a>UART3_ERR_IRQHandler</STRONG> (Thumb, 0 bytes, Stack size 0 bytes, startup_mk60d10.o(.text))
<BR>[Address Reference Count : 1]<UL><LI> startup_mk60d10.o(RESET)
</UL>
<P><STRONG><a name="[41]"></a>UART3_RX_TX_IRQHandler</STRONG> (Thumb, 0 bytes, Stack size 0 bytes, startup_mk60d10.o(.text))
<BR>[Address Reference Count : 1]<UL><LI> startup_mk60d10.o(RESET)
</UL>
<P><STRONG><a name="[44]"></a>UART4_ERR_IRQHandler</STRONG> (Thumb, 0 bytes, Stack size 0 bytes, startup_mk60d10.o(.text))
<BR>[Address Reference Count : 1]<UL><LI> startup_mk60d10.o(RESET)
</UL>
<P><STRONG><a name="[46]"></a>UART5_ERR_IRQHandler</STRONG> (Thumb, 0 bytes, Stack size 0 bytes, startup_mk60d10.o(.text))
<BR>[Address Reference Count : 1]<UL><LI> startup_mk60d10.o(RESET)
</UL>
<P><STRONG><a name="[45]"></a>UART5_RX_TX_IRQHandler</STRONG> (Thumb, 0 bytes, Stack size 0 bytes, startup_mk60d10.o(.text))
<BR>[Address Reference Count : 1]<UL><LI> startup_mk60d10.o(RESET)
</UL>
<P><STRONG><a name="[57]"></a>USB0_IRQHandler</STRONG> (Thumb, 0 bytes, Stack size 0 bytes, startup_mk60d10.o(.text))
<BR>[Address Reference Count : 1]<UL><LI> startup_mk60d10.o(RESET)
</UL>
<P><STRONG><a name="[58]"></a>USBDCD_IRQHandler</STRONG> (Thumb, 0 bytes, Stack size 0 bytes, startup_mk60d10.o(.text))
<BR>[Address Reference Count : 1]<UL><LI> startup_mk60d10.o(RESET)
</UL>
<P><STRONG><a name="[24]"></a>Watchdog_IRQHandler</STRONG> (Thumb, 0 bytes, Stack size 0 bytes, startup_mk60d10.o(.text))
<BR>[Address Reference Count : 1]<UL><LI> startup_mk60d10.o(RESET)
</UL>
<P><STRONG><a name="[bf]"></a>__user_initial_stackheap</STRONG> (Thumb, 0 bytes, Stack size unknown bytes, startup_mk60d10.o(.text))
<BR><BR>[Called By]<UL><LI><a href="#[89]">&gt;&gt;</a>&nbsp;&nbsp;&nbsp;__user_setup_stackheap
</UL>

<P><STRONG><a name="[43]"></a>UART4_RX_TX_IRQHandler</STRONG> (Thumb, 40 bytes, Stack size 16 bytes, main.o(.text))
<BR><BR>[Stack]<UL><LI>Max Depth = 44<LI>Call Chain = UART4_RX_TX_IRQHandler &rArr; Packet_Decode &rArr; crc16_update
</UL>
<BR>[Calls]<UL><LI><a href="#[93]">&gt;&gt;</a>&nbsp;&nbsp;&nbsp;Packet_Decode
</UL>
<BR>[Address Reference Count : 1]<UL><LI> startup_mk60d10.o(RESET)
</UL>
<P><STRONG><a name="[94]"></a>OnDataReceived</STRONG> (Thumb, 22 bytes, Stack size 8 bytes, main.o(.text))
<BR><BR>[Stack]<UL><LI>Max Depth = 16<LI>Call Chain = OnDataReceived &rArr; __aeabi_memcpy4
</UL>
<BR>[Calls]<UL><LI><a href="#[95]">&gt;&gt;</a>&nbsp;&nbsp;&nbsp;__aeabi_memcpy4
</UL>
<BR>[Address Reference Count : 1]<UL><LI> main.o(.text)
</UL>
<P><STRONG><a name="[8d]"></a>main</STRONG> (Thumb, 330 bytes, Stack size 152 bytes, main.o(.text))
<BR><BR>[Stack]<UL><LI>Max Depth = 296 + Unknown Stack Size
<LI>Call Chain = main &rArr; __2printf &rArr; _printf_char_file &rArr; _printf_char_common &rArr; __printf
</UL>
<BR>[Calls]<UL><LI><a href="#[9c]">&gt;&gt;</a>&nbsp;&nbsp;&nbsp;__aeabi_i2f
<LI><a href="#[9d]">&gt;&gt;</a>&nbsp;&nbsp;&nbsp;__aeabi_fdiv
<LI><a href="#[9e]">&gt;&gt;</a>&nbsp;&nbsp;&nbsp;__aeabi_f2d
<LI><a href="#[99]">&gt;&gt;</a>&nbsp;&nbsp;&nbsp;__2printf
<LI><a href="#[9b]">&gt;&gt;</a>&nbsp;&nbsp;&nbsp;UART_SetIntMode
<LI><a href="#[98]">&gt;&gt;</a>&nbsp;&nbsp;&nbsp;UART_Init
<LI><a href="#[9a]">&gt;&gt;</a>&nbsp;&nbsp;&nbsp;Packet_DecodeInit
<LI><a href="#[97]">&gt;&gt;</a>&nbsp;&nbsp;&nbsp;DelayMs
<LI><a href="#[96]">&gt;&gt;</a>&nbsp;&nbsp;&nbsp;DelayInit
</UL>
<BR>[Called By]<UL><LI><a href="#[8c]">&gt;&gt;</a>&nbsp;&nbsp;&nbsp;__rt_entry_main
</UL>

<P><STRONG><a name="[6]"></a>HardFault_Handler</STRONG> (Thumb, 10 bytes, Stack size 0 bytes, main.o(.text))
<BR><BR>[Stack]<UL><LI>Max Depth = 144 + Unknown Stack Size
<LI>Call Chain = HardFault_Handler &rArr; __2printf &rArr; _printf_char_file &rArr; _printf_char_common &rArr; __printf
</UL>
<BR>[Calls]<UL><LI><a href="#[99]">&gt;&gt;</a>&nbsp;&nbsp;&nbsp;__2printf
</UL>
<BR>[Address Reference Count : 1]<UL><LI> startup_mk60d10.o(RESET)
</UL>
<P><STRONG><a name="[9f]"></a>GetClock</STRONG> (Thumb, 60 bytes, Stack size 0 bytes, common.o(.text))
<BR><BR>[Called By]<UL><LI><a href="#[a2]">&gt;&gt;</a>&nbsp;&nbsp;&nbsp;UART_SetClock
<LI><a href="#[96]">&gt;&gt;</a>&nbsp;&nbsp;&nbsp;DelayInit
</UL>

<P><STRONG><a name="[a4]"></a>SetPinMux</STRONG> (Thumb, 94 bytes, Stack size 12 bytes, common.o(.text))
<BR><BR>[Stack]<UL><LI>Max Depth = 12<LI>Call Chain = SetPinMux
</UL>
<BR>[Called By]<UL><LI><a href="#[98]">&gt;&gt;</a>&nbsp;&nbsp;&nbsp;UART_Init
</UL>

<P><STRONG><a name="[f0]"></a>SetPinOpenDrain</STRONG> (Thumb, 92 bytes, Stack size 12 bytes, common.o(.text), UNUSED)

<P><STRONG><a name="[f1]"></a>SetPinFilter</STRONG> (Thumb, 56 bytes, Stack size 8 bytes, common.o(.text), UNUSED)

<P><STRONG><a name="[f2]"></a>SetPinHighDrive</STRONG> (Thumb, 56 bytes, Stack size 8 bytes, common.o(.text), UNUSED)

<P><STRONG><a name="[f3]"></a>SetPinPull</STRONG> (Thumb, 176 bytes, Stack size 12 bytes, common.o(.text), UNUSED)

<P><STRONG><a name="[f4]"></a>EncodeMAP</STRONG> (Thumb, 6 bytes, Stack size 0 bytes, common.o(.text), UNUSED)

<P><STRONG><a name="[f5]"></a>DecodeMAP</STRONG> (Thumb, 10 bytes, Stack size 12 bytes, common.o(.text), UNUSED)

<P><STRONG><a name="[96]"></a>DelayInit</STRONG> (Thumb, 64 bytes, Stack size 4 bytes, common.o(.text))
<BR><BR>[Stack]<UL><LI>Max Depth = 4<LI>Call Chain = DelayInit
</UL>
<BR>[Calls]<UL><LI><a href="#[9f]">&gt;&gt;</a>&nbsp;&nbsp;&nbsp;GetClock
</UL>
<BR>[Called By]<UL><LI><a href="#[8d]">&gt;&gt;</a>&nbsp;&nbsp;&nbsp;main
</UL>

<P><STRONG><a name="[97]"></a>DelayMs</STRONG> (Thumb, 66 bytes, Stack size 8 bytes, common.o(.text))
<BR><BR>[Stack]<UL><LI>Max Depth = 8<LI>Call Chain = DelayMs
</UL>
<BR>[Called By]<UL><LI><a href="#[a0]">&gt;&gt;</a>&nbsp;&nbsp;&nbsp;SetPowerMode
<LI><a href="#[8d]">&gt;&gt;</a>&nbsp;&nbsp;&nbsp;main
</UL>

<P><STRONG><a name="[f6]"></a>SysTick_SetTime</STRONG> (Thumb, 56 bytes, Stack size 0 bytes, common.o(.text), UNUSED)

<P><STRONG><a name="[f7]"></a>SysTick_SetIntMode</STRONG> (Thumb, 40 bytes, Stack size 0 bytes, common.o(.text), UNUSED)

<P><STRONG><a name="[a5]"></a>SetConsole</STRONG> (Thumb, 8 bytes, Stack size 0 bytes, common.o(.text))
<BR><BR>[Called By]<UL><LI><a href="#[98]">&gt;&gt;</a>&nbsp;&nbsp;&nbsp;UART_Init
</UL>

<P><STRONG><a name="[7b]"></a>fputc</STRONG> (Thumb, 24 bytes, Stack size 16 bytes, common.o(.text))
<BR><BR>[Stack]<UL><LI>Max Depth = 16<LI>Call Chain = fputc
</UL>
<BR>[Address Reference Count : 1]<UL><LI> _printf_char_file.o(.text)
</UL>
<P><STRONG><a name="[f8]"></a>fgetc</STRONG> (Thumb, 24 bytes, Stack size 8 bytes, common.o(.text), UNUSED)

<P><STRONG><a name="[f9]"></a>SystemSoftReset</STRONG> (Thumb, 34 bytes, Stack size 0 bytes, common.o(.text), UNUSED)

<P><STRONG><a name="[fa]"></a>GetResetCause</STRONG> (Thumb, 6 bytes, Stack size 0 bytes, common.o(.text), UNUSED)

<P><STRONG><a name="[a0]"></a>SetPowerMode</STRONG> (Thumb, 222 bytes, Stack size 16 bytes, common.o(.text), UNUSED)
<BR><BR>[Calls]<UL><LI><a href="#[97]">&gt;&gt;</a>&nbsp;&nbsp;&nbsp;DelayMs
</UL>

<P><STRONG><a name="[fb]"></a>GetUID</STRONG> (Thumb, 18 bytes, Stack size 0 bytes, common.o(.text), UNUSED)

<P><STRONG><a name="[fc]"></a>ShowMemory</STRONG> (Thumb, 38 bytes, Stack size 8 bytes, common.o(.text), UNUSED)

<P><STRONG><a name="[fd]"></a>RAMTest</STRONG> (Thumb, 184 bytes, Stack size 12 bytes, common.o(.text), UNUSED)

<P><STRONG><a name="[a1]"></a>NMI_isr</STRONG> (Thumb, 2 bytes, Stack size 0 bytes, common.o(.text))
<BR><BR>[Called By]<UL><LI><a href="#[5]">&gt;&gt;</a>&nbsp;&nbsp;&nbsp;NMI_Handler
</UL>

<P><STRONG><a name="[5]"></a>NMI_Handler</STRONG> (Thumb, 8 bytes, Stack size 8 bytes, common.o(.text))
<BR><BR>[Stack]<UL><LI>Max Depth = 8<LI>Call Chain = NMI_Handler
</UL>
<BR>[Calls]<UL><LI><a href="#[a1]">&gt;&gt;</a>&nbsp;&nbsp;&nbsp;NMI_isr
</UL>
<BR>[Address Reference Count : 1]<UL><LI> startup_mk60d10.o(RESET)
</UL>
<P><STRONG><a name="[a6]"></a>UART_GetChar</STRONG> (Thumb, 52 bytes, Stack size 8 bytes, uart.o(.text))
<BR><BR>[Stack]<UL><LI>Max Depth = 8<LI>Call Chain = UART_GetChar
</UL>
<BR>[Called By]<UL><LI><a href="#[79]">&gt;&gt;</a>&nbsp;&nbsp;&nbsp;Getc
</UL>

<P><STRONG><a name="[a7]"></a>UART_PutChar</STRONG> (Thumb, 22 bytes, Stack size 0 bytes, uart.o(.text))
<BR><BR>[Called By]<UL><LI><a href="#[7a]">&gt;&gt;</a>&nbsp;&nbsp;&nbsp;Putc
</UL>

<P><STRONG><a name="[a2]"></a>UART_SetClock</STRONG> (Thumb, 34 bytes, Stack size 16 bytes, uart.o(.text))
<BR><BR>[Stack]<UL><LI>Max Depth = 16<LI>Call Chain = UART_SetClock
</UL>
<BR>[Calls]<UL><LI><a href="#[9f]">&gt;&gt;</a>&nbsp;&nbsp;&nbsp;GetClock
</UL>
<BR>[Called By]<UL><LI><a href="#[a3]">&gt;&gt;</a>&nbsp;&nbsp;&nbsp;UART_SetBaudRate
</UL>

<P><STRONG><a name="[a3]"></a>UART_SetBaudRate</STRONG> (Thumb, 102 bytes, Stack size 32 bytes, uart.o(.text))
<BR><BR>[Stack]<UL><LI>Max Depth = 48<LI>Call Chain = UART_SetBaudRate &rArr; UART_SetClock
</UL>
<BR>[Calls]<UL><LI><a href="#[a2]">&gt;&gt;</a>&nbsp;&nbsp;&nbsp;UART_SetClock
</UL>
<BR>[Called By]<UL><LI><a href="#[98]">&gt;&gt;</a>&nbsp;&nbsp;&nbsp;UART_Init
</UL>

<P><STRONG><a name="[98]"></a>UART_Init</STRONG> (Thumb, 138 bytes, Stack size 32 bytes, uart.o(.text))
<BR><BR>[Stack]<UL><LI>Max Depth = 80<LI>Call Chain = UART_Init &rArr; UART_SetBaudRate &rArr; UART_SetClock
</UL>
<BR>[Calls]<UL><LI><a href="#[a3]">&gt;&gt;</a>&nbsp;&nbsp;&nbsp;UART_SetBaudRate
<LI><a href="#[a5]">&gt;&gt;</a>&nbsp;&nbsp;&nbsp;SetConsole
<LI><a href="#[a4]">&gt;&gt;</a>&nbsp;&nbsp;&nbsp;SetPinMux
</UL>
<BR>[Called By]<UL><LI><a href="#[8d]">&gt;&gt;</a>&nbsp;&nbsp;&nbsp;main
</UL>

<P><STRONG><a name="[fe]"></a>UART_DeInit</STRONG> (Thumb, 32 bytes, Stack size 8 bytes, uart.o(.text), UNUSED)

<P><STRONG><a name="[ff]"></a>UART_SetDMAMode</STRONG> (Thumb, 110 bytes, Stack size 8 bytes, uart.o(.text), UNUSED)

<P><STRONG><a name="[9b]"></a>UART_SetIntMode</STRONG> (Thumb, 160 bytes, Stack size 16 bytes, uart.o(.text))
<BR><BR>[Stack]<UL><LI>Max Depth = 16<LI>Call Chain = UART_SetIntMode
</UL>
<BR>[Called By]<UL><LI><a href="#[8d]">&gt;&gt;</a>&nbsp;&nbsp;&nbsp;main
</UL>

<P><STRONG><a name="[100]"></a>UART_EnableTxFIFO</STRONG> (Thumb, 30 bytes, Stack size 0 bytes, uart.o(.text), UNUSED)

<P><STRONG><a name="[a8]"></a>Packet_BeginEncode</STRONG> (Thumb, 28 bytes, Stack size 8 bytes, packet.o(.text), UNUSED)
<BR><BR>[Calls]<UL><LI><a href="#[a9]">&gt;&gt;</a>&nbsp;&nbsp;&nbsp;__aeabi_memclr4
</UL>

<P><STRONG><a name="[aa]"></a>Packet_AddData</STRONG> (Thumb, 32 bytes, Stack size 16 bytes, packet.o(.text), UNUSED)
<BR><BR>[Calls]<UL><LI><a href="#[ab]">&gt;&gt;</a>&nbsp;&nbsp;&nbsp;__aeabi_memcpy
</UL>

<P><STRONG><a name="[ac]"></a>Packet_GetEncodedPacket</STRONG> (Thumb, 78 bytes, Stack size 16 bytes, packet.o(.text), UNUSED)
<BR><BR>[Calls]<UL><LI><a href="#[ad]">&gt;&gt;</a>&nbsp;&nbsp;&nbsp;crc16_update
</UL>

<P><STRONG><a name="[9a]"></a>Packet_DecodeInit</STRONG> (Thumb, 10 bytes, Stack size 0 bytes, packet.o(.text))
<BR><BR>[Called By]<UL><LI><a href="#[8d]">&gt;&gt;</a>&nbsp;&nbsp;&nbsp;main
</UL>

<P><STRONG><a name="[93]"></a>Packet_Decode</STRONG> (Thumb, 264 bytes, Stack size 8 bytes, packet.o(.text))
<BR><BR>[Stack]<UL><LI>Max Depth = 28<LI>Call Chain = Packet_Decode &rArr; crc16_update
</UL>
<BR>[Calls]<UL><LI><a href="#[ad]">&gt;&gt;</a>&nbsp;&nbsp;&nbsp;crc16_update
</UL>
<BR>[Called By]<UL><LI><a href="#[43]">&gt;&gt;</a>&nbsp;&nbsp;&nbsp;UART4_RX_TX_IRQHandler
</UL>

<P><STRONG><a name="[99]"></a>__2printf</STRONG> (Thumb, 20 bytes, Stack size 24 bytes, noretval__2printf.o(.text))
<BR><BR>[Stack]<UL><LI>Max Depth = 144 + Unknown Stack Size
<LI>Call Chain = __2printf &rArr; _printf_char_file &rArr; _printf_char_common &rArr; __printf
</UL>
<BR>[Calls]<UL><LI><a href="#[ae]">&gt;&gt;</a>&nbsp;&nbsp;&nbsp;_printf_char_file
</UL>
<BR>[Called By]<UL><LI><a href="#[6]">&gt;&gt;</a>&nbsp;&nbsp;&nbsp;HardFault_Handler
<LI><a href="#[8d]">&gt;&gt;</a>&nbsp;&nbsp;&nbsp;main
</UL>

<P><STRONG><a name="[af]"></a>__printf</STRONG> (Thumb, 308 bytes, Stack size 40 bytes, __printf_flags_wp.o(.text))
<BR><BR>[Stack]<UL><LI>Max Depth = 40 + Unknown Stack Size
<LI>Call Chain = __printf
</UL>
<BR>[Calls]<UL><LI><a href="#[b1]">&gt;&gt;</a>&nbsp;&nbsp;&nbsp;_printf_percent
<LI><a href="#[b0]">&gt;&gt;</a>&nbsp;&nbsp;&nbsp;_is_digit
</UL>
<BR>[Called By]<UL><LI><a href="#[bc]">&gt;&gt;</a>&nbsp;&nbsp;&nbsp;_printf_char_common
</UL>

<P><STRONG><a name="[ab]"></a>__aeabi_memcpy</STRONG> (Thumb, 0 bytes, Stack size 0 bytes, rt_memcpy_v6.o(.text), UNUSED)
<BR><BR>[Called By]<UL><LI><a href="#[aa]">&gt;&gt;</a>&nbsp;&nbsp;&nbsp;Packet_AddData
</UL>

<P><STRONG><a name="[b2]"></a>__rt_memcpy</STRONG> (Thumb, 138 bytes, Stack size 0 bytes, rt_memcpy_v6.o(.text), UNUSED)
<BR><BR>[Calls]<UL><LI><a href="#[95]">&gt;&gt;</a>&nbsp;&nbsp;&nbsp;__aeabi_memcpy4
</UL>

<P><STRONG><a name="[101]"></a>_memcpy_lastbytes</STRONG> (Thumb, 0 bytes, Stack size unknown bytes, rt_memcpy_v6.o(.text), UNUSED)

<P><STRONG><a name="[95]"></a>__aeabi_memcpy4</STRONG> (Thumb, 0 bytes, Stack size 8 bytes, rt_memcpy_w.o(.text))
<BR><BR>[Stack]<UL><LI>Max Depth = 8<LI>Call Chain = __aeabi_memcpy4
</UL>
<BR>[Called By]<UL><LI><a href="#[b2]">&gt;&gt;</a>&nbsp;&nbsp;&nbsp;__rt_memcpy
<LI><a href="#[94]">&gt;&gt;</a>&nbsp;&nbsp;&nbsp;OnDataReceived
</UL>

<P><STRONG><a name="[102]"></a>__aeabi_memcpy8</STRONG> (Thumb, 0 bytes, Stack size 8 bytes, rt_memcpy_w.o(.text), UNUSED)

<P><STRONG><a name="[103]"></a>__rt_memcpy_w</STRONG> (Thumb, 100 bytes, Stack size 8 bytes, rt_memcpy_w.o(.text), UNUSED)

<P><STRONG><a name="[104]"></a>_memcpy_lastbytes_aligned</STRONG> (Thumb, 0 bytes, Stack size unknown bytes, rt_memcpy_w.o(.text), UNUSED)

<P><STRONG><a name="[a9]"></a>__aeabi_memclr4</STRONG> (Thumb, 0 bytes, Stack size 4 bytes, rt_memclr_w.o(.text), UNUSED)
<BR><BR>[Called By]<UL><LI><a href="#[a8]">&gt;&gt;</a>&nbsp;&nbsp;&nbsp;Packet_BeginEncode
</UL>

<P><STRONG><a name="[105]"></a>__aeabi_memclr8</STRONG> (Thumb, 0 bytes, Stack size 4 bytes, rt_memclr_w.o(.text), UNUSED)

<P><STRONG><a name="[106]"></a>__rt_memclr_w</STRONG> (Thumb, 78 bytes, Stack size 4 bytes, rt_memclr_w.o(.text), UNUSED)

<P><STRONG><a name="[107]"></a>_memset_w</STRONG> (Thumb, 0 bytes, Stack size unknown bytes, rt_memclr_w.o(.text), UNUSED)

<P><STRONG><a name="[108]"></a>__use_two_region_memory</STRONG> (Thumb, 2 bytes, Stack size 0 bytes, heapauxi.o(.text), UNUSED)

<P><STRONG><a name="[109]"></a>__rt_heap_escrow$2region</STRONG> (Thumb, 2 bytes, Stack size 0 bytes, heapauxi.o(.text), UNUSED)

<P><STRONG><a name="[10a]"></a>__rt_heap_expand$2region</STRONG> (Thumb, 2 bytes, Stack size 0 bytes, heapauxi.o(.text), UNUSED)

<P><STRONG><a name="[10b]"></a>__lib_sel_fp_printf</STRONG> (Thumb, 2 bytes, Stack size 0 bytes, _printf_fp_dec.o(.text), UNUSED)

<P><STRONG><a name="[b9]"></a>_printf_fp_dec_real</STRONG> (Thumb, 620 bytes, Stack size 104 bytes, _printf_fp_dec.o(.text))
<BR><BR>[Stack]<UL><LI>Max Depth = 320<LI>Call Chain = _printf_fp_dec_real &rArr; _fp_digits &rArr; _btod_etento &rArr; _btod_emul &rArr; _e2e
</UL>
<BR>[Calls]<UL><LI><a href="#[ba]">&gt;&gt;</a>&nbsp;&nbsp;&nbsp;__ARM_fpclassify
<LI><a href="#[bb]">&gt;&gt;</a>&nbsp;&nbsp;&nbsp;_printf_fp_infnan
<LI><a href="#[85]">&gt;&gt;</a>&nbsp;&nbsp;&nbsp;__rt_locale
<LI><a href="#[b3]">&gt;&gt;</a>&nbsp;&nbsp;&nbsp;_fp_digits
</UL>
<BR>[Called By]<UL><LI><a href="#[83]">&gt;&gt;</a>&nbsp;&nbsp;&nbsp;_printf_fp_dec
</UL>

<P><STRONG><a name="[ae]"></a>_printf_char_file</STRONG> (Thumb, 32 bytes, Stack size 16 bytes, _printf_char_file.o(.text))
<BR><BR>[Stack]<UL><LI>Max Depth = 120 + Unknown Stack Size
<LI>Call Chain = _printf_char_file &rArr; _printf_char_common &rArr; __printf
</UL>
<BR>[Calls]<UL><LI><a href="#[bd]">&gt;&gt;</a>&nbsp;&nbsp;&nbsp;ferror
<LI><a href="#[bc]">&gt;&gt;</a>&nbsp;&nbsp;&nbsp;_printf_char_common
</UL>
<BR>[Called By]<UL><LI><a href="#[99]">&gt;&gt;</a>&nbsp;&nbsp;&nbsp;__2printf
</UL>

<P><STRONG><a name="[85]"></a>__rt_locale</STRONG> (Thumb, 8 bytes, Stack size 0 bytes, rt_locale_intlibspace.o(.text))
<BR><BR>[Called By]<UL><LI><a href="#[84]">&gt;&gt;</a>&nbsp;&nbsp;&nbsp;__rt_lib_init_lc_common
<LI><a href="#[b9]">&gt;&gt;</a>&nbsp;&nbsp;&nbsp;_printf_fp_dec_real
</UL>

<P><STRONG><a name="[b8]"></a>_ll_udiv10</STRONG> (Thumb, 138 bytes, Stack size 12 bytes, lludiv10.o(.text))
<BR><BR>[Stack]<UL><LI>Max Depth = 12<LI>Call Chain = _ll_udiv10
</UL>
<BR>[Called By]<UL><LI><a href="#[b3]">&gt;&gt;</a>&nbsp;&nbsp;&nbsp;_fp_digits
</UL>

<P><STRONG><a name="[bc]"></a>_printf_char_common</STRONG> (Thumb, 32 bytes, Stack size 64 bytes, _printf_char_common.o(.text))
<BR><BR>[Stack]<UL><LI>Max Depth = 104 + Unknown Stack Size
<LI>Call Chain = _printf_char_common &rArr; __printf
</UL>
<BR>[Calls]<UL><LI><a href="#[af]">&gt;&gt;</a>&nbsp;&nbsp;&nbsp;__printf
</UL>
<BR>[Called By]<UL><LI><a href="#[ae]">&gt;&gt;</a>&nbsp;&nbsp;&nbsp;_printf_char_file
</UL>

<P><STRONG><a name="[bb]"></a>_printf_fp_infnan</STRONG> (Thumb, 112 bytes, Stack size 24 bytes, _printf_fp_infnan.o(.text))
<BR><BR>[Stack]<UL><LI>Max Depth = 24<LI>Call Chain = _printf_fp_infnan
</UL>
<BR>[Called By]<UL><LI><a href="#[b9]">&gt;&gt;</a>&nbsp;&nbsp;&nbsp;_printf_fp_dec_real
</UL>

<P><STRONG><a name="[b4]"></a>_btod_etento</STRONG> (Thumb, 216 bytes, Stack size 72 bytes, bigflt0.o(.text))
<BR><BR>[Stack]<UL><LI>Max Depth = 120<LI>Call Chain = _btod_etento &rArr; _btod_emul &rArr; _e2e
</UL>
<BR>[Calls]<UL><LI><a href="#[b7]">&gt;&gt;</a>&nbsp;&nbsp;&nbsp;_btod_emul
<LI><a href="#[b6]">&gt;&gt;</a>&nbsp;&nbsp;&nbsp;_btod_ediv
</UL>
<BR>[Called By]<UL><LI><a href="#[b3]">&gt;&gt;</a>&nbsp;&nbsp;&nbsp;_fp_digits
</UL>

<P><STRONG><a name="[bd]"></a>ferror</STRONG> (Thumb, 8 bytes, Stack size 0 bytes, ferror.o(.text))
<BR><BR>[Called By]<UL><LI><a href="#[ae]">&gt;&gt;</a>&nbsp;&nbsp;&nbsp;_printf_char_file
</UL>

<P><STRONG><a name="[10c]"></a>__user_libspace</STRONG> (Thumb, 8 bytes, Stack size 0 bytes, libspace.o(.text), UNUSED)

<P><STRONG><a name="[be]"></a>__user_perproc_libspace</STRONG> (Thumb, 0 bytes, Stack size 0 bytes, libspace.o(.text))
<BR><BR>[Called By]<UL><LI><a href="#[89]">&gt;&gt;</a>&nbsp;&nbsp;&nbsp;__user_setup_stackheap
</UL>

<P><STRONG><a name="[10d]"></a>__user_perthread_libspace</STRONG> (Thumb, 0 bytes, Stack size 0 bytes, libspace.o(.text), UNUSED)

<P><STRONG><a name="[89]"></a>__user_setup_stackheap</STRONG> (Thumb, 74 bytes, Stack size 8 bytes, sys_stackheap_outer.o(.text))
<BR><BR>[Stack]<UL><LI>Max Depth = 8 + Unknown Stack Size
<LI>Call Chain = __user_setup_stackheap
</UL>
<BR>[Calls]<UL><LI><a href="#[be]">&gt;&gt;</a>&nbsp;&nbsp;&nbsp;__user_perproc_libspace
<LI><a href="#[bf]">&gt;&gt;</a>&nbsp;&nbsp;&nbsp;__user_initial_stackheap
</UL>
<BR>[Called By]<UL><LI><a href="#[88]">&gt;&gt;</a>&nbsp;&nbsp;&nbsp;__rt_entry_sh
</UL>

<P><STRONG><a name="[8e]"></a>exit</STRONG> (Thumb, 12 bytes, Stack size 0 bytes, exit.o(.text))
<BR><BR>[Calls]<UL><LI><a href="#[c0]">&gt;&gt;</a>&nbsp;&nbsp;&nbsp;__rt_exit
</UL>
<BR>[Called By]<UL><LI><a href="#[8c]">&gt;&gt;</a>&nbsp;&nbsp;&nbsp;__rt_entry_main
</UL>

<P><STRONG><a name="[c6]"></a>strcmp</STRONG> (Thumb, 128 bytes, Stack size 0 bytes, strcmpv7m.o(.text))
<BR><BR>[Called By]<UL><LI><a href="#[87]">&gt;&gt;</a>&nbsp;&nbsp;&nbsp;_get_lc_numeric
</UL>

<P><STRONG><a name="[92]"></a>_sys_exit</STRONG> (Thumb, 8 bytes, Stack size 0 bytes, sys_exit.o(.text))
<BR><BR>[Called By]<UL><LI><a href="#[91]">&gt;&gt;</a>&nbsp;&nbsp;&nbsp;__rt_exit_exit
</UL>

<P><STRONG><a name="[10e]"></a>__I$use$semihosting</STRONG> (Thumb, 0 bytes, Stack size 0 bytes, use_no_semi.o(.text), UNUSED)

<P><STRONG><a name="[10f]"></a>__use_no_semihosting_swi</STRONG> (Thumb, 2 bytes, Stack size 0 bytes, use_no_semi.o(.text), UNUSED)

<P><STRONG><a name="[110]"></a>__semihosting_library_function</STRONG> (Thumb, 0 bytes, Stack size 0 bytes, indicate_semi.o(.text), UNUSED)

<P><STRONG><a name="[b5]"></a>_btod_d2e</STRONG> (Thumb, 62 bytes, Stack size 0 bytes, btod.o(CL$$btod_d2e))
<BR><BR>[Calls]<UL><LI><a href="#[c1]">&gt;&gt;</a>&nbsp;&nbsp;&nbsp;_d2e_norm_op1
</UL>
<BR>[Called By]<UL><LI><a href="#[b3]">&gt;&gt;</a>&nbsp;&nbsp;&nbsp;_fp_digits
</UL>

<P><STRONG><a name="[c2]"></a>_d2e_denorm_low</STRONG> (Thumb, 70 bytes, Stack size 0 bytes, btod.o(CL$$btod_d2e_denorm_low))
<BR><BR>[Called By]<UL><LI><a href="#[c1]">&gt;&gt;</a>&nbsp;&nbsp;&nbsp;_d2e_norm_op1
</UL>

<P><STRONG><a name="[c1]"></a>_d2e_norm_op1</STRONG> (Thumb, 96 bytes, Stack size 0 bytes, btod.o(CL$$btod_d2e_norm_op1))
<BR><BR>[Calls]<UL><LI><a href="#[c2]">&gt;&gt;</a>&nbsp;&nbsp;&nbsp;_d2e_denorm_low
</UL>
<BR>[Called By]<UL><LI><a href="#[b5]">&gt;&gt;</a>&nbsp;&nbsp;&nbsp;_btod_d2e
</UL>

<P><STRONG><a name="[c3]"></a>__btod_div_common</STRONG> (Thumb, 696 bytes, Stack size 24 bytes, btod.o(CL$$btod_div_common))
<BR><BR>[Stack]<UL><LI>Max Depth = 24<LI>Call Chain = __btod_div_common
</UL>
<BR>[Called By]<UL><LI><a href="#[b6]">&gt;&gt;</a>&nbsp;&nbsp;&nbsp;_btod_ediv
</UL>

<P><STRONG><a name="[c4]"></a>_e2e</STRONG> (Thumb, 198 bytes, Stack size 24 bytes, btod.o(CL$$btod_e2e))
<BR><BR>[Stack]<UL><LI>Max Depth = 24<LI>Call Chain = _e2e
</UL>
<BR>[Called By]<UL><LI><a href="#[b7]">&gt;&gt;</a>&nbsp;&nbsp;&nbsp;_btod_emul
<LI><a href="#[b6]">&gt;&gt;</a>&nbsp;&nbsp;&nbsp;_btod_ediv
</UL>

<P><STRONG><a name="[b6]"></a>_btod_ediv</STRONG> (Thumb, 40 bytes, Stack size 24 bytes, btod.o(CL$$btod_ediv))
<BR><BR>[Stack]<UL><LI>Max Depth = 48<LI>Call Chain = _btod_ediv &rArr; _e2e
</UL>
<BR>[Calls]<UL><LI><a href="#[c4]">&gt;&gt;</a>&nbsp;&nbsp;&nbsp;_e2e
<LI><a href="#[c3]">&gt;&gt;</a>&nbsp;&nbsp;&nbsp;__btod_div_common
</UL>
<BR>[Called By]<UL><LI><a href="#[b4]">&gt;&gt;</a>&nbsp;&nbsp;&nbsp;_btod_etento
<LI><a href="#[b3]">&gt;&gt;</a>&nbsp;&nbsp;&nbsp;_fp_digits
</UL>

<P><STRONG><a name="[b7]"></a>_btod_emul</STRONG> (Thumb, 40 bytes, Stack size 24 bytes, btod.o(CL$$btod_emul))
<BR><BR>[Stack]<UL><LI>Max Depth = 48<LI>Call Chain = _btod_emul &rArr; _e2e
</UL>
<BR>[Calls]<UL><LI><a href="#[c5]">&gt;&gt;</a>&nbsp;&nbsp;&nbsp;__btod_mult_common
<LI><a href="#[c4]">&gt;&gt;</a>&nbsp;&nbsp;&nbsp;_e2e
</UL>
<BR>[Called By]<UL><LI><a href="#[b4]">&gt;&gt;</a>&nbsp;&nbsp;&nbsp;_btod_etento
<LI><a href="#[b3]">&gt;&gt;</a>&nbsp;&nbsp;&nbsp;_fp_digits
</UL>

<P><STRONG><a name="[c5]"></a>__btod_mult_common</STRONG> (Thumb, 580 bytes, Stack size 16 bytes, btod.o(CL$$btod_mult_common))
<BR><BR>[Stack]<UL><LI>Max Depth = 16<LI>Call Chain = __btod_mult_common
</UL>
<BR>[Called By]<UL><LI><a href="#[b7]">&gt;&gt;</a>&nbsp;&nbsp;&nbsp;_btod_emul
</UL>

<P><STRONG><a name="[ba]"></a>__ARM_fpclassify</STRONG> (Thumb, 40 bytes, Stack size 0 bytes, fpclassify.o(i.__ARM_fpclassify))
<BR><BR>[Called By]<UL><LI><a href="#[b9]">&gt;&gt;</a>&nbsp;&nbsp;&nbsp;_printf_fp_dec_real
</UL>

<P><STRONG><a name="[b0]"></a>_is_digit</STRONG> (Thumb, 14 bytes, Stack size 0 bytes, __printf_wp.o(i._is_digit))
<BR><BR>[Called By]<UL><LI><a href="#[af]">&gt;&gt;</a>&nbsp;&nbsp;&nbsp;__printf
</UL>

<P><STRONG><a name="[87]"></a>_get_lc_numeric</STRONG> (Thumb, 44 bytes, Stack size 8 bytes, lc_numeric_c.o(locale$$code))
<BR><BR>[Stack]<UL><LI>Max Depth = 8<LI>Call Chain = _get_lc_numeric
</UL>
<BR>[Calls]<UL><LI><a href="#[c6]">&gt;&gt;</a>&nbsp;&nbsp;&nbsp;strcmp
</UL>
<BR>[Called By]<UL><LI><a href="#[86]">&gt;&gt;</a>&nbsp;&nbsp;&nbsp;__rt_lib_init_lc_numeric_2
</UL>

<P><STRONG><a name="[c9]"></a>__fpl_dretinf</STRONG> (Thumb, 12 bytes, Stack size 0 bytes, dretinf.o(x$fpl$dretinf), UNUSED)
<BR><BR>[Called By]<UL><LI><a href="#[c7]">&gt;&gt;</a>&nbsp;&nbsp;&nbsp;_f2d
</UL>

<P><STRONG><a name="[9e]"></a>__aeabi_f2d</STRONG> (Thumb, 0 bytes, Stack size 16 bytes, f2d.o(x$fpl$f2d))
<BR><BR>[Stack]<UL><LI>Max Depth = 16<LI>Call Chain = __aeabi_f2d
</UL>
<BR>[Called By]<UL><LI><a href="#[8d]">&gt;&gt;</a>&nbsp;&nbsp;&nbsp;main
</UL>

<P><STRONG><a name="[c7]"></a>_f2d</STRONG> (Thumb, 86 bytes, Stack size 16 bytes, f2d.o(x$fpl$f2d), UNUSED)
<BR><BR>[Calls]<UL><LI><a href="#[c8]">&gt;&gt;</a>&nbsp;&nbsp;&nbsp;__fpl_fnaninf
<LI><a href="#[c9]">&gt;&gt;</a>&nbsp;&nbsp;&nbsp;__fpl_dretinf
</UL>

<P><STRONG><a name="[9d]"></a>__aeabi_fdiv</STRONG> (Thumb, 0 bytes, Stack size 16 bytes, fdiv.o(x$fpl$fdiv))
<BR><BR>[Stack]<UL><LI>Max Depth = 16<LI>Call Chain = __aeabi_fdiv
</UL>
<BR>[Called By]<UL><LI><a href="#[8d]">&gt;&gt;</a>&nbsp;&nbsp;&nbsp;main
</UL>

<P><STRONG><a name="[ca]"></a>_fdiv</STRONG> (Thumb, 384 bytes, Stack size 16 bytes, fdiv.o(x$fpl$fdiv), UNUSED)
<BR><BR>[Calls]<UL><LI><a href="#[cb]">&gt;&gt;</a>&nbsp;&nbsp;&nbsp;__fpl_fretinf
<LI><a href="#[c8]">&gt;&gt;</a>&nbsp;&nbsp;&nbsp;__fpl_fnaninf
</UL>

<P><STRONG><a name="[9c]"></a>__aeabi_i2f</STRONG> (Thumb, 0 bytes, Stack size 0 bytes, fflt_clz.o(x$fpl$fflt))
<BR><BR>[Called By]<UL><LI><a href="#[8d]">&gt;&gt;</a>&nbsp;&nbsp;&nbsp;main
</UL>

<P><STRONG><a name="[111]"></a>_fflt</STRONG> (Thumb, 48 bytes, Stack size 0 bytes, fflt_clz.o(x$fpl$fflt), UNUSED)

<P><STRONG><a name="[c8]"></a>__fpl_fnaninf</STRONG> (Thumb, 140 bytes, Stack size 8 bytes, fnaninf.o(x$fpl$fnaninf), UNUSED)
<BR><BR>[Called By]<UL><LI><a href="#[ca]">&gt;&gt;</a>&nbsp;&nbsp;&nbsp;_fdiv
<LI><a href="#[c7]">&gt;&gt;</a>&nbsp;&nbsp;&nbsp;_f2d
</UL>

<P><STRONG><a name="[cb]"></a>__fpl_fretinf</STRONG> (Thumb, 10 bytes, Stack size 0 bytes, fretinf.o(x$fpl$fretinf), UNUSED)
<BR><BR>[Called By]<UL><LI><a href="#[ca]">&gt;&gt;</a>&nbsp;&nbsp;&nbsp;_fdiv
</UL>

<P><STRONG><a name="[83]"></a>_printf_fp_dec</STRONG> (Thumb, 4 bytes, Stack size 0 bytes, printf1.o(x$fpl$printf1))
<BR><BR>[Stack]<UL><LI>Max Depth = 320<LI>Call Chain = _printf_fp_dec &rArr; _printf_fp_dec_real &rArr; _fp_digits &rArr; _btod_etento &rArr; _btod_emul &rArr; _e2e
</UL>
<BR>[Calls]<UL><LI><a href="#[b9]">&gt;&gt;</a>&nbsp;&nbsp;&nbsp;_printf_fp_dec_real
</UL>
<BR>[Called By]<UL><LI><a href="#[82]">&gt;&gt;</a>&nbsp;&nbsp;&nbsp;_printf_f
</UL>
<P>
<H3>
Local Symbols
</H3>
<P><STRONG><a name="[79]"></a>Getc</STRONG> (Thumb, 24 bytes, Stack size 8 bytes, uart.o(.text))
<BR><BR>[Stack]<UL><LI>Max Depth = 16<LI>Call Chain = Getc &rArr; UART_GetChar
</UL>
<BR>[Calls]<UL><LI><a href="#[a6]">&gt;&gt;</a>&nbsp;&nbsp;&nbsp;UART_GetChar
</UL>
<BR>[Address Reference Count : 1]<UL><LI> uart.o(.text)
</UL>
<P><STRONG><a name="[7a]"></a>Putc</STRONG> (Thumb, 18 bytes, Stack size 8 bytes, uart.o(.text))
<BR><BR>[Stack]<UL><LI>Max Depth = 8<LI>Call Chain = Putc
</UL>
<BR>[Calls]<UL><LI><a href="#[a7]">&gt;&gt;</a>&nbsp;&nbsp;&nbsp;UART_PutChar
</UL>
<BR>[Address Reference Count : 1]<UL><LI> uart.o(.text)
</UL>
<P><STRONG><a name="[ad]"></a>crc16_update</STRONG> (Thumb, 60 bytes, Stack size 20 bytes, packet.o(.text))
<BR><BR>[Stack]<UL><LI>Max Depth = 20<LI>Call Chain = crc16_update
</UL>
<BR>[Called By]<UL><LI><a href="#[ac]">&gt;&gt;</a>&nbsp;&nbsp;&nbsp;Packet_GetEncodedPacket
<LI><a href="#[93]">&gt;&gt;</a>&nbsp;&nbsp;&nbsp;Packet_Decode
</UL>

<P><STRONG><a name="[b3]"></a>_fp_digits</STRONG> (Thumb, 428 bytes, Stack size 96 bytes, _printf_fp_dec.o(.text))
<BR><BR>[Stack]<UL><LI>Max Depth = 216<LI>Call Chain = _fp_digits &rArr; _btod_etento &rArr; _btod_emul &rArr; _e2e
</UL>
<BR>[Calls]<UL><LI><a href="#[b7]">&gt;&gt;</a>&nbsp;&nbsp;&nbsp;_btod_emul
<LI><a href="#[b6]">&gt;&gt;</a>&nbsp;&nbsp;&nbsp;_btod_ediv
<LI><a href="#[b5]">&gt;&gt;</a>&nbsp;&nbsp;&nbsp;_btod_d2e
<LI><a href="#[b4]">&gt;&gt;</a>&nbsp;&nbsp;&nbsp;_btod_etento
<LI><a href="#[b8]">&gt;&gt;</a>&nbsp;&nbsp;&nbsp;_ll_udiv10
</UL>
<BR>[Called By]<UL><LI><a href="#[b9]">&gt;&gt;</a>&nbsp;&nbsp;&nbsp;_printf_fp_dec_real
</UL>

<P><STRONG><a name="[7c]"></a>_printf_input_char</STRONG> (Thumb, 10 bytes, Stack size 0 bytes, _printf_char_common.o(.text))
<BR>[Address Reference Count : 1]<UL><LI> _printf_char_common.o(.text)
</UL><P>
<H3>
Undefined Global Symbols
</H3><HR></body></html>
