<html>
<body>
<pre>
<h1>礦ision Build Log</h1>
<h2>Tool Versions:</h2>
IDE-Version: μVision V5.14.0.0
Copyright (C) 2015 ARM Ltd and ARM Germany GmbH. All rights reserved.
License Information: sa adas, q, LIC=NHY30-BZ59N-QGQ7I-T7NBV-NX0R7-6XURR
 
Tool Versions:
Toolchain:       MDK-ARM Professional  Version: 5.14.0.0
Toolchain Path:  C:\Keil_v5\ARM\ARMCC\Bin
C Compiler:      Armcc.exe V5.05 update 1 (build 106)
Assembler:       Armasm.exe V5.05 update 1 (build 106)
Linker/Locator:  ArmLink.exe V5.05 update 1 (build 106)
Library Manager: ArmAr.exe V5.05 update 1 (build 106)
Hex Converter:   FromElf.exe V5.05 update 1 (build 106)
CPU DLL:         SARMCM3.DLL V5.14.0.0
Dialog DLL:      DCM.DLL V1.13.1.0
Target DLL:      Segger\JL2CM3.dll V2.99.13.0
Dialog DLL:      TCM.DLL V1.14.4.0
 
<h2>Project:</h2>
E:\流量测量仪\模块资料\姿态模块Uranus产品资料20160921\参考例程及资料\K60_IMUReceive\Project\Internal\K60_IMUReceiveData\MDK\templete.uvprojx
Project File Date:  04/24/2017

<h2>Output:</h2>
Rebuild target 'mk60d10'
compiling system_MK60D10.c...
assembling startup_MK60D10.s...
compiling main.c...
compiling common.c...
compiling gpio.c...
compiling uart.c...
compiling packet.c...
linking...
Program Size: Code=9060 RO-data=1408 RW-data=132 ZI-data=5364  
FromELF: creating hex file...
".\mk60d10\flash\templete.axf" - 0 Error(s), 0 Warning(s).

<h2>Collection of Component include folders:</h2>
  E:\流量测量仪\模块资料\姿态模块Uranus产品资料20160921\参考例程及资料\K60_IMUReceive\Project\Internal\K60_IMUReceiveData\MDK\RTE
  C:\Keil_v5\ARM\PACK\Keil\STM32F1xx_DFP\1.0.5\Device\Include

<h2>Collection of Component Files used:</h2>
</pre>
</body>
</html>
