<html>
<body>
<pre>
<h1>礦ision Build Log</h1>
<h2>Tool Versions:</h2>
IDE-Version: μVision V5.14.0.0
Copyright (C) 2015 ARM Ltd and ARM Germany GmbH. All rights reserved.
License Information: sa adas, q, LIC=NHY30-BZ59N-QGQ7I-T7NBV-NX0R7-6XURR
 
Tool Versions:
Toolchain:       MDK-ARM Professional  Version: 5.14.0.0
Toolchain Path:  C:\Keil_v5\ARM\ARMCC\Bin
C Compiler:      Armcc.exe V5.05 update 1 (build 106)
Assembler:       Armasm.exe V5.05 update 1 (build 106)
Linker/Locator:  ArmLink.exe V5.05 update 1 (build 106)
Library Manager: ArmAr.exe V5.05 update 1 (build 106)
Hex Converter:   FromElf.exe V5.05 update 1 (build 106)
CPU DLL:         SARMCM3.DLL V5.14.0.0
Dialog DLL:      DARMSTM.DLL V1.65.0.0
Target DLL:      Segger\JL2CM3.dll V2.99.13.0
Dialog DLL:      TARMSTM.DLL V1.64.0.0
 
<h2>Project:</h2>
C:\Users\Administrator\Desktop\实验32 MPU6050六轴传感器实验 - 副本\USER\MPU6050.uvprojx
Project File Date:  04/26/2017

<h2>Output:</h2>
Rebuild target 'MPU6050'
compiling main.c...
main.c(134): warning:  #181-D: argument is incompatible with corresponding format string conversion
                                printf("wendu:%f\n",temp);
main.c(143): warning:  #181-D: argument is incompatible with corresponding format string conversion
                                printf("pitch:%f\n",temp);
main.c(152): warning:  #181-D: argument is incompatible with corresponding format string conversion
                                printf("rooll:%f\n",temp);
main.c(161): warning:  #181-D: argument is incompatible with corresponding format string conversion
                                printf("yaw:%f\n",temp);
main.c: 4 warnings, 0 errors
compiling stm32f10x_it.c...
compiling system_stm32f10x.c...
compiling mpuiic.c...
compiling mpu6050.c...
compiling inv_mpu.c...
compiling inv_mpu_dmp_motion_driver.c...
compiling delay.c...
compiling sys.c...
compiling usart.c...
compiling core_cm3.c...
assembling startup_stm32f10x_hd.s...
compiling misc.c...
compiling stm32f10x_fsmc.c...
compiling stm32f10x_gpio.c...
compiling stm32f10x_rcc.c...
compiling stm32f10x_usart.c...
compiling stm32f10x_tim.c...
linking...
Program Size: Code=26600 RO-data=3992 RW-data=108 ZI-data=1852  
FromELF: creating hex file...
After Build - User command #1: C:\Keil_v5\ARM\ARMCC\bin\fromelf.exe   --bin -o  ..\OBJ\MPU6050.bin ..\OBJ\MPU6050.axf
"..\OBJ\MPU6050.axf" - 0 Error(s), 4 Warning(s).

<h2>Collection of Component include folders:</h2>
  C:\Users\Administrator\Desktop\实验32 MPU6050六轴传感器实验 - 副本\USER\RTE
  C:\Keil_v5\ARM\PACK\Keil\STM32F1xx_DFP\1.0.5\Device\Include

<h2>Collection of Component Files used:</h2>
</pre>
</body>
</html>
