<html>
<body>
<pre>
<h1>µVision Build Log</h1>
<h2>Tool Versions:</h2>
IDE-Version: ¦ÌVision V5.14.0.0
Copyright (C) 2015 ARM Ltd and ARM Germany GmbH. All rights reserved.
License Information: sa adas, q, LIC=NHY30-BZ59N-QGQ7I-T7NBV-NX0R7-6XURR
 
Tool Versions:
Toolchain:       MDK-ARM Professional  Version: 5.14.0.0
Toolchain Path:  C:\Keil_v5\ARM\ARMCC\Bin
C Compiler:      Armcc.exe V5.05 update 1 (build 106)
Assembler:       Armasm.exe V5.05 update 1 (build 106)
Linker/Locator:  ArmLink.exe V5.05 update 1 (build 106)
Library Manager: ArmAr.exe V5.05 update 1 (build 106)
Hex Converter:   FromElf.exe V5.05 update 1 (build 106)
CPU DLL:         SARMCM3.DLL V5.14.0.0
Dialog DLL:      DARMSTM.DLL V1.65.0.0
Target DLL:      UL2CM3.DLL V1.155.0.0
Dialog DLL:      TARMSTM.DLL V1.64.0.0
 
<h2>Project:</h2>
C:\Users\Administrator\Desktop\IAP-Bootloader\USER\IAP.uvproj
Project File Date:  04/16/2015

<h2>Output:</h2>
Rebuild target 'Target 1'
compiling main.c...
main.c(31): warning:  #177-D: variable "i" was declared but never referenced
        uint8_t i;
main.c: 1 warning, 0 errors
compiling stm32f10x_it.c...
compiling system_stm32f10x.c...
compiling stmflash.c...
compiling lcd.c...
compiling BSP.c...
compiling timer.c...
compiling delay.c...
compiling sys.c...
compiling usart.c...
compiling core_cm3.c...
assembling startup_stm32f10x_hd.s...
compiling misc.c...
compiling stm32f10x_fsmc.c...
compiling stm32f10x_gpio.c...
compiling stm32f10x_rcc.c...
compiling stm32f10x_usart.c...
compiling stm32f10x_flash.c...
compiling stm32f10x_crc.c...
compiling stm32f10x_tim.c...
compiling CRC.c...
compiling iap.c...
compiling softreset.c...
linking...
Program Size: Code=13732 RO-data=336 RW-data=68 ZI-data=46012  
FromELF: creating hex file...
"..\OBJ\IAP.axf" - 0 Error(s), 1 Warning(s).
</pre>
</body>
</html>
