Component: ARM Compiler 5.05 update 1 (build 106) Tool: armlink [4d0efa]

==============================================================================

Section Cross References

    common.o(i.FLASH_DisableWriteProtectionPages) refers to stm32f10x_flash.o(i.FLASH_GetWriteProtectionOptionByte) for FLASH_GetWriteProtectionOptionByte
    common.o(i.FLASH_DisableWriteProtectionPages) refers to stm32f10x_flash.o(i.FLASH_GetUserOptionByte) for FLASH_GetUserOptionByte
    common.o(i.FLASH_DisableWriteProtectionPages) refers to stm32f10x_flash.o(i.FLASH_EraseOptionBytes) for FLASH_EraseOptionBytes
    common.o(i.FLASH_DisableWriteProtectionPages) refers to stm32f10x_flash.o(i.FLASH_EnableWriteProtection) for FLASH_EnableWriteProtection
    common.o(i.FLASH_DisableWriteProtectionPages) refers to stm32f10x_flash.o(i.FLASH_UserOptionByteConfig) for FLASH_UserOptionByteConfig
    common.o(i.FLASH_DisableWriteProtectionPages) refers to common.o(i.Serial_PutString) for Serial_PutString
    common.o(i.FLASH_DisableWriteProtectionPages) refers to stm32f10x_rcc.o(i.RCC_APB1PeriphClockCmd) for RCC_APB1PeriphClockCmd
    common.o(i.FLASH_DisableWriteProtectionPages) refers to stm32f10x_wwdg.o(i.WWDG_Enable) for WWDG_Enable
    common.o(i.FLASH_DisableWriteProtectionPages) refers to common.o(.data) for .data
    common.o(i.FLASH_DisableWriteProtectionPages) refers to common.o(.conststring) for .conststring
    common.o(i.GetInputString) refers to common.o(i.GetKey) for GetKey
    common.o(i.GetInputString) refers to common.o(i.Serial_PutString) for Serial_PutString
    common.o(i.GetInputString) refers to common.o(i.SerialPutChar) for SerialPutChar
    common.o(i.GetIntegerInput) refers to common.o(i.GetInputString) for GetInputString
    common.o(i.GetIntegerInput) refers to common.o(i.Str2Int) for Str2Int
    common.o(i.GetIntegerInput) refers to common.o(i.Serial_PutString) for Serial_PutString
    common.o(i.GetKey) refers to common.o(i.SerialKeyPressed) for SerialKeyPressed
    common.o(i.Main_Menu) refers to stm32f10x_flash.o(i.FLASH_GetWriteProtectionOptionByte) for FLASH_GetWriteProtectionOptionByte
    common.o(i.Main_Menu) refers to common.o(i.Serial_PutString) for Serial_PutString
    common.o(i.Main_Menu) refers to common.o(i.GetKey) for GetKey
    common.o(i.Main_Menu) refers to download.o(i.SerialDownload) for SerialDownload
    common.o(i.Main_Menu) refers to common.o(i.FLASH_DisableWriteProtectionPages) for FLASH_DisableWriteProtectionPages
    common.o(i.Main_Menu) refers to ymodem.o(.data) for FlashDestination
    common.o(i.Main_Menu) refers to common.o(.data) for .data
    common.o(i.SerialKeyPressed) refers to stm32f10x_usart.o(i.USART_GetFlagStatus) for USART_GetFlagStatus
    common.o(i.SerialKeyPressed) refers to stm32f10x_lib.o(.data) for USART1
    common.o(i.SerialPutChar) refers to stm32f10x_usart.o(i.USART_SendData) for USART_SendData
    common.o(i.SerialPutChar) refers to stm32f10x_usart.o(i.USART_GetFlagStatus) for USART_GetFlagStatus
    common.o(i.SerialPutChar) refers to stm32f10x_lib.o(.data) for USART1
    common.o(i.Serial_PutString) refers to common.o(i.SerialPutChar) for SerialPutChar
    download.o(i.SerialDownload) refers to common.o(i.Serial_PutString) for Serial_PutString
    download.o(i.SerialDownload) refers to ymodem.o(i.Ymodem_Receive) for Ymodem_Receive
    download.o(i.SerialDownload) refers to common.o(i.Int2Str) for Int2Str
    download.o(i.SerialDownload) refers to download.o(.bss) for .bss
    download.o(i.SerialDownload) refers to download.o(.conststring) for .conststring
    download.o(i.SerialDownload) refers to ymodem.o(.bss) for file_name
    main.o(i.IAP_Init) refers to main.o(i.RCC_Configuration) for RCC_Configuration
    main.o(i.IAP_Init) refers to stm32f10x_gpio.o(i.GPIO_Init) for GPIO_Init
    main.o(i.IAP_Init) refers to stm32f10x_usart.o(i.USART_Init) for USART_Init
    main.o(i.IAP_Init) refers to stm32f10x_usart.o(i.USART_Cmd) for USART_Cmd
    main.o(i.IAP_Init) refers to stm32f10x_lib.o(.data) for GPIOA
    main.o(i.RCC_Configuration) refers to stm32f10x_rcc.o(i.RCC_DeInit) for RCC_DeInit
    main.o(i.RCC_Configuration) refers to stm32f10x_rcc.o(i.RCC_HSEConfig) for RCC_HSEConfig
    main.o(i.RCC_Configuration) refers to stm32f10x_rcc.o(i.RCC_WaitForHSEStartUp) for RCC_WaitForHSEStartUp
    main.o(i.RCC_Configuration) refers to stm32f10x_flash.o(i.FLASH_PrefetchBufferCmd) for FLASH_PrefetchBufferCmd
    main.o(i.RCC_Configuration) refers to stm32f10x_flash.o(i.FLASH_SetLatency) for FLASH_SetLatency
    main.o(i.RCC_Configuration) refers to stm32f10x_rcc.o(i.RCC_HCLKConfig) for RCC_HCLKConfig
    main.o(i.RCC_Configuration) refers to stm32f10x_rcc.o(i.RCC_PCLK2Config) for RCC_PCLK2Config
    main.o(i.RCC_Configuration) refers to stm32f10x_rcc.o(i.RCC_PCLK1Config) for RCC_PCLK1Config
    main.o(i.RCC_Configuration) refers to stm32f10x_rcc.o(i.RCC_PLLConfig) for RCC_PLLConfig
    main.o(i.RCC_Configuration) refers to stm32f10x_rcc.o(i.RCC_PLLCmd) for RCC_PLLCmd
    main.o(i.RCC_Configuration) refers to stm32f10x_rcc.o(i.RCC_GetFlagStatus) for RCC_GetFlagStatus
    main.o(i.RCC_Configuration) refers to stm32f10x_rcc.o(i.RCC_SYSCLKConfig) for RCC_SYSCLKConfig
    main.o(i.RCC_Configuration) refers to stm32f10x_rcc.o(i.RCC_GetSYSCLKSource) for RCC_GetSYSCLKSource
    main.o(i.RCC_Configuration) refers to stm32f10x_rcc.o(i.RCC_APB2PeriphClockCmd) for RCC_APB2PeriphClockCmd
    main.o(i.RCC_Configuration) refers to main.o(.data) for .data
    main.o(i.main) refers to stm32f10x_lib.o(i.debug) for debug
    main.o(i.main) refers to stm32f10x_flash.o(i.FLASH_Unlock) for FLASH_Unlock
    main.o(i.main) refers to stm32f10x_rcc.o(i.RCC_APB2PeriphClockCmd) for RCC_APB2PeriphClockCmd
    main.o(i.main) refers to stm32f10x_gpio.o(i.GPIO_Init) for GPIO_Init
    main.o(i.main) refers to stm32f10x_gpio.o(i.GPIO_ReadInputDataBit) for GPIO_ReadInputDataBit
    main.o(i.main) refers to stm32f10x_nvic_1.o(i.NVIC_SETPRIMASK) for NVIC_SETPRIMASK
    main.o(i.main) refers to main.o(i.IAP_Init) for IAP_Init
    main.o(i.main) refers to common.o(i.Serial_PutString) for Serial_PutString
    main.o(i.main) refers to common.o(i.Main_Menu) for Main_Menu
    main.o(i.main) refers to stm32f10x_lib.o(.data) for GPIOC
    main.o(i.main) refers to main.o(.conststring) for .conststring
    main.o(i.main) refers to common.o(.data) for JumpAddress
    ymodem.o(i.Receive_Byte) refers to common.o(i.SerialKeyPressed) for SerialKeyPressed
    ymodem.o(i.Receive_Packet) refers to ymodem.o(i.Receive_Byte) for Receive_Byte
    ymodem.o(i.Ymodem_Receive) refers to ymodem.o(i.Receive_Packet) for Receive_Packet
    ymodem.o(i.Ymodem_Receive) refers to common.o(i.SerialPutChar) for SerialPutChar
    ymodem.o(i.Ymodem_Receive) refers to memcpya.o(.text) for __aeabi_memcpy
    ymodem.o(i.Ymodem_Receive) refers to common.o(i.Str2Int) for Str2Int
    ymodem.o(i.Ymodem_Receive) refers to common.o(i.FLASH_PagesMask) for FLASH_PagesMask
    ymodem.o(i.Ymodem_Receive) refers to stm32f10x_flash.o(i.FLASH_ErasePage) for FLASH_ErasePage
    ymodem.o(i.Ymodem_Receive) refers to stm32f10x_flash.o(i.FLASH_ProgramWord) for FLASH_ProgramWord
    ymodem.o(i.Ymodem_Receive) refers to ymodem.o(.data) for .data
    ymodem.o(i.Ymodem_Receive) refers to ymodem.o(.bss) for .bss
    stm32f10x_wwdg.o(i.WWDG_ClearFlag) refers to stm32f10x_lib.o(.data) for WWDG
    stm32f10x_wwdg.o(i.WWDG_DeInit) refers to stm32f10x_rcc.o(i.RCC_APB1PeriphResetCmd) for RCC_APB1PeriphResetCmd
    stm32f10x_wwdg.o(i.WWDG_Enable) refers to main.o(i.assert_failed) for assert_failed
    stm32f10x_wwdg.o(i.WWDG_Enable) refers to stm32f10x_lib.o(.data) for WWDG
    stm32f10x_wwdg.o(i.WWDG_GetFlagStatus) refers to stm32f10x_lib.o(.data) for WWDG
    stm32f10x_wwdg.o(i.WWDG_SetCounter) refers to main.o(i.assert_failed) for assert_failed
    stm32f10x_wwdg.o(i.WWDG_SetCounter) refers to stm32f10x_lib.o(.data) for WWDG
    stm32f10x_wwdg.o(i.WWDG_SetPrescaler) refers to main.o(i.assert_failed) for assert_failed
    stm32f10x_wwdg.o(i.WWDG_SetPrescaler) refers to stm32f10x_lib.o(.data) for WWDG
    stm32f10x_wwdg.o(i.WWDG_SetWindowValue) refers to main.o(i.assert_failed) for assert_failed
    stm32f10x_wwdg.o(i.WWDG_SetWindowValue) refers to stm32f10x_lib.o(.data) for WWDG
    stm32f10x_flash.o(i.FLASH_ClearFlag) refers to main.o(i.assert_failed) for assert_failed
    stm32f10x_flash.o(i.FLASH_ClearFlag) refers to stm32f10x_lib.o(.data) for FLASH
    stm32f10x_flash.o(i.FLASH_EnableWriteProtection) refers to main.o(i.assert_failed) for assert_failed
    stm32f10x_flash.o(i.FLASH_EnableWriteProtection) refers to stm32f10x_flash.o(i.FLASH_WaitForLastOperation) for FLASH_WaitForLastOperation
    stm32f10x_flash.o(i.FLASH_EnableWriteProtection) refers to stm32f10x_lib.o(.data) for FLASH
    stm32f10x_flash.o(i.FLASH_EraseAllPages) refers to stm32f10x_flash.o(i.FLASH_WaitForLastOperation) for FLASH_WaitForLastOperation
    stm32f10x_flash.o(i.FLASH_EraseAllPages) refers to stm32f10x_lib.o(.data) for FLASH
    stm32f10x_flash.o(i.FLASH_EraseOptionBytes) refers to stm32f10x_flash.o(i.FLASH_WaitForLastOperation) for FLASH_WaitForLastOperation
    stm32f10x_flash.o(i.FLASH_EraseOptionBytes) refers to stm32f10x_lib.o(.data) for FLASH
    stm32f10x_flash.o(i.FLASH_ErasePage) refers to main.o(i.assert_failed) for assert_failed
    stm32f10x_flash.o(i.FLASH_ErasePage) refers to stm32f10x_flash.o(i.FLASH_WaitForLastOperation) for FLASH_WaitForLastOperation
    stm32f10x_flash.o(i.FLASH_ErasePage) refers to stm32f10x_lib.o(.data) for FLASH
    stm32f10x_flash.o(i.FLASH_GetFlagStatus) refers to main.o(i.assert_failed) for assert_failed
    stm32f10x_flash.o(i.FLASH_GetFlagStatus) refers to stm32f10x_lib.o(.data) for FLASH
    stm32f10x_flash.o(i.FLASH_GetPrefetchBufferStatus) refers to stm32f10x_lib.o(.data) for FLASH
    stm32f10x_flash.o(i.FLASH_GetReadOutProtectionStatus) refers to stm32f10x_lib.o(.data) for FLASH
    stm32f10x_flash.o(i.FLASH_GetStatus) refers to stm32f10x_lib.o(.data) for FLASH
    stm32f10x_flash.o(i.FLASH_GetUserOptionByte) refers to stm32f10x_lib.o(.data) for FLASH
    stm32f10x_flash.o(i.FLASH_GetWriteProtectionOptionByte) refers to stm32f10x_lib.o(.data) for FLASH
    stm32f10x_flash.o(i.FLASH_HalfCycleAccessCmd) refers to main.o(i.assert_failed) for assert_failed
    stm32f10x_flash.o(i.FLASH_HalfCycleAccessCmd) refers to stm32f10x_lib.o(.data) for FLASH
    stm32f10x_flash.o(i.FLASH_ITConfig) refers to main.o(i.assert_failed) for assert_failed
    stm32f10x_flash.o(i.FLASH_ITConfig) refers to stm32f10x_lib.o(.data) for FLASH
    stm32f10x_flash.o(i.FLASH_Lock) refers to stm32f10x_lib.o(.data) for FLASH
    stm32f10x_flash.o(i.FLASH_PrefetchBufferCmd) refers to main.o(i.assert_failed) for assert_failed
    stm32f10x_flash.o(i.FLASH_PrefetchBufferCmd) refers to stm32f10x_lib.o(.data) for FLASH
    stm32f10x_flash.o(i.FLASH_ProgramHalfWord) refers to main.o(i.assert_failed) for assert_failed
    stm32f10x_flash.o(i.FLASH_ProgramHalfWord) refers to stm32f10x_flash.o(i.FLASH_WaitForLastOperation) for FLASH_WaitForLastOperation
    stm32f10x_flash.o(i.FLASH_ProgramHalfWord) refers to stm32f10x_lib.o(.data) for FLASH
    stm32f10x_flash.o(i.FLASH_ProgramOptionByteData) refers to main.o(i.assert_failed) for assert_failed
    stm32f10x_flash.o(i.FLASH_ProgramOptionByteData) refers to stm32f10x_flash.o(i.FLASH_WaitForLastOperation) for FLASH_WaitForLastOperation
    stm32f10x_flash.o(i.FLASH_ProgramOptionByteData) refers to stm32f10x_lib.o(.data) for FLASH
    stm32f10x_flash.o(i.FLASH_ProgramWord) refers to main.o(i.assert_failed) for assert_failed
    stm32f10x_flash.o(i.FLASH_ProgramWord) refers to stm32f10x_flash.o(i.FLASH_WaitForLastOperation) for FLASH_WaitForLastOperation
    stm32f10x_flash.o(i.FLASH_ProgramWord) refers to stm32f10x_lib.o(.data) for FLASH
    stm32f10x_flash.o(i.FLASH_ReadOutProtection) refers to main.o(i.assert_failed) for assert_failed
    stm32f10x_flash.o(i.FLASH_ReadOutProtection) refers to stm32f10x_flash.o(i.FLASH_WaitForLastOperation) for FLASH_WaitForLastOperation
    stm32f10x_flash.o(i.FLASH_ReadOutProtection) refers to stm32f10x_lib.o(.data) for FLASH
    stm32f10x_flash.o(i.FLASH_SetLatency) refers to main.o(i.assert_failed) for assert_failed
    stm32f10x_flash.o(i.FLASH_SetLatency) refers to stm32f10x_lib.o(.data) for FLASH
    stm32f10x_flash.o(i.FLASH_Unlock) refers to stm32f10x_lib.o(.data) for FLASH
    stm32f10x_flash.o(i.FLASH_UserOptionByteConfig) refers to main.o(i.assert_failed) for assert_failed
    stm32f10x_flash.o(i.FLASH_UserOptionByteConfig) refers to stm32f10x_flash.o(i.FLASH_WaitForLastOperation) for FLASH_WaitForLastOperation
    stm32f10x_flash.o(i.FLASH_UserOptionByteConfig) refers to stm32f10x_lib.o(.data) for FLASH
    stm32f10x_flash.o(i.FLASH_WaitForLastOperation) refers to stm32f10x_flash.o(i.FLASH_GetStatus) for FLASH_GetStatus
    stm32f10x_gpio.o(i.GPIO_AFIODeInit) refers to stm32f10x_rcc.o(i.RCC_APB2PeriphResetCmd) for RCC_APB2PeriphResetCmd
    stm32f10x_gpio.o(i.GPIO_DeInit) refers to main.o(i.assert_failed) for assert_failed
    stm32f10x_gpio.o(i.GPIO_DeInit) refers to stm32f10x_rcc.o(i.RCC_APB2PeriphResetCmd) for RCC_APB2PeriphResetCmd
    stm32f10x_gpio.o(i.GPIO_EXTILineConfig) refers to main.o(i.assert_failed) for assert_failed
    stm32f10x_gpio.o(i.GPIO_EXTILineConfig) refers to stm32f10x_lib.o(.data) for AFIO
    stm32f10x_gpio.o(i.GPIO_EventOutputCmd) refers to main.o(i.assert_failed) for assert_failed
    stm32f10x_gpio.o(i.GPIO_EventOutputConfig) refers to main.o(i.assert_failed) for assert_failed
    stm32f10x_gpio.o(i.GPIO_EventOutputConfig) refers to stm32f10x_lib.o(.data) for AFIO
    stm32f10x_gpio.o(i.GPIO_Init) refers to main.o(i.assert_failed) for assert_failed
    stm32f10x_gpio.o(i.GPIO_PinLockConfig) refers to main.o(i.assert_failed) for assert_failed
    stm32f10x_gpio.o(i.GPIO_PinRemapConfig) refers to main.o(i.assert_failed) for assert_failed
    stm32f10x_gpio.o(i.GPIO_PinRemapConfig) refers to stm32f10x_lib.o(.data) for AFIO
    stm32f10x_gpio.o(i.GPIO_ReadInputData) refers to main.o(i.assert_failed) for assert_failed
    stm32f10x_gpio.o(i.GPIO_ReadInputDataBit) refers to main.o(i.assert_failed) for assert_failed
    stm32f10x_gpio.o(i.GPIO_ReadOutputData) refers to main.o(i.assert_failed) for assert_failed
    stm32f10x_gpio.o(i.GPIO_ReadOutputDataBit) refers to main.o(i.assert_failed) for assert_failed
    stm32f10x_gpio.o(i.GPIO_ResetBits) refers to main.o(i.assert_failed) for assert_failed
    stm32f10x_gpio.o(i.GPIO_SetBits) refers to main.o(i.assert_failed) for assert_failed
    stm32f10x_gpio.o(i.GPIO_Write) refers to main.o(i.assert_failed) for assert_failed
    stm32f10x_gpio.o(i.GPIO_WriteBit) refers to main.o(i.assert_failed) for assert_failed
    stm32f10x_lib.o(i.debug) refers to stm32f10x_lib.o(.data) for .data
    stm32f10x_rcc.o(i.RCC_ADCCLKConfig) refers to main.o(i.assert_failed) for assert_failed
    stm32f10x_rcc.o(i.RCC_ADCCLKConfig) refers to stm32f10x_lib.o(.data) for RCC
    stm32f10x_rcc.o(i.RCC_AHBPeriphClockCmd) refers to main.o(i.assert_failed) for assert_failed
    stm32f10x_rcc.o(i.RCC_AHBPeriphClockCmd) refers to stm32f10x_lib.o(.data) for RCC
    stm32f10x_rcc.o(i.RCC_APB1PeriphClockCmd) refers to main.o(i.assert_failed) for assert_failed
    stm32f10x_rcc.o(i.RCC_APB1PeriphClockCmd) refers to stm32f10x_lib.o(.data) for RCC
    stm32f10x_rcc.o(i.RCC_APB1PeriphResetCmd) refers to main.o(i.assert_failed) for assert_failed
    stm32f10x_rcc.o(i.RCC_APB1PeriphResetCmd) refers to stm32f10x_lib.o(.data) for RCC
    stm32f10x_rcc.o(i.RCC_APB2PeriphClockCmd) refers to main.o(i.assert_failed) for assert_failed
    stm32f10x_rcc.o(i.RCC_APB2PeriphClockCmd) refers to stm32f10x_lib.o(.data) for RCC
    stm32f10x_rcc.o(i.RCC_APB2PeriphResetCmd) refers to main.o(i.assert_failed) for assert_failed
    stm32f10x_rcc.o(i.RCC_APB2PeriphResetCmd) refers to stm32f10x_lib.o(.data) for RCC
    stm32f10x_rcc.o(i.RCC_AdjustHSICalibrationValue) refers to main.o(i.assert_failed) for assert_failed
    stm32f10x_rcc.o(i.RCC_AdjustHSICalibrationValue) refers to stm32f10x_lib.o(.data) for RCC
    stm32f10x_rcc.o(i.RCC_BackupResetCmd) refers to main.o(i.assert_failed) for assert_failed
    stm32f10x_rcc.o(i.RCC_ClearFlag) refers to stm32f10x_lib.o(.data) for RCC
    stm32f10x_rcc.o(i.RCC_ClearITPendingBit) refers to main.o(i.assert_failed) for assert_failed
    stm32f10x_rcc.o(i.RCC_ClockSecuritySystemCmd) refers to main.o(i.assert_failed) for assert_failed
    stm32f10x_rcc.o(i.RCC_DeInit) refers to stm32f10x_lib.o(.data) for RCC
    stm32f10x_rcc.o(i.RCC_GetClocksFreq) refers to stm32f10x_lib.o(.data) for RCC
    stm32f10x_rcc.o(i.RCC_GetClocksFreq) refers to stm32f10x_rcc.o(.constdata) for .constdata
    stm32f10x_rcc.o(i.RCC_GetFlagStatus) refers to main.o(i.assert_failed) for assert_failed
    stm32f10x_rcc.o(i.RCC_GetFlagStatus) refers to stm32f10x_lib.o(.data) for RCC
    stm32f10x_rcc.o(i.RCC_GetITStatus) refers to main.o(i.assert_failed) for assert_failed
    stm32f10x_rcc.o(i.RCC_GetITStatus) refers to stm32f10x_lib.o(.data) for RCC
    stm32f10x_rcc.o(i.RCC_GetSYSCLKSource) refers to stm32f10x_lib.o(.data) for RCC
    stm32f10x_rcc.o(i.RCC_HCLKConfig) refers to main.o(i.assert_failed) for assert_failed
    stm32f10x_rcc.o(i.RCC_HCLKConfig) refers to stm32f10x_lib.o(.data) for RCC
    stm32f10x_rcc.o(i.RCC_HSEConfig) refers to main.o(i.assert_failed) for assert_failed
    stm32f10x_rcc.o(i.RCC_HSEConfig) refers to stm32f10x_lib.o(.data) for RCC
    stm32f10x_rcc.o(i.RCC_HSICmd) refers to main.o(i.assert_failed) for assert_failed
    stm32f10x_rcc.o(i.RCC_ITConfig) refers to main.o(i.assert_failed) for assert_failed
    stm32f10x_rcc.o(i.RCC_LSEConfig) refers to main.o(i.assert_failed) for assert_failed
    stm32f10x_rcc.o(i.RCC_LSICmd) refers to main.o(i.assert_failed) for assert_failed
    stm32f10x_rcc.o(i.RCC_MCOConfig) refers to main.o(i.assert_failed) for assert_failed
    stm32f10x_rcc.o(i.RCC_PCLK1Config) refers to main.o(i.assert_failed) for assert_failed
    stm32f10x_rcc.o(i.RCC_PCLK1Config) refers to stm32f10x_lib.o(.data) for RCC
    stm32f10x_rcc.o(i.RCC_PCLK2Config) refers to main.o(i.assert_failed) for assert_failed
    stm32f10x_rcc.o(i.RCC_PCLK2Config) refers to stm32f10x_lib.o(.data) for RCC
    stm32f10x_rcc.o(i.RCC_PLLCmd) refers to main.o(i.assert_failed) for assert_failed
    stm32f10x_rcc.o(i.RCC_PLLConfig) refers to main.o(i.assert_failed) for assert_failed
    stm32f10x_rcc.o(i.RCC_PLLConfig) refers to stm32f10x_lib.o(.data) for RCC
    stm32f10x_rcc.o(i.RCC_RTCCLKCmd) refers to main.o(i.assert_failed) for assert_failed
    stm32f10x_rcc.o(i.RCC_RTCCLKConfig) refers to main.o(i.assert_failed) for assert_failed
    stm32f10x_rcc.o(i.RCC_RTCCLKConfig) refers to stm32f10x_lib.o(.data) for RCC
    stm32f10x_rcc.o(i.RCC_SYSCLKConfig) refers to main.o(i.assert_failed) for assert_failed
    stm32f10x_rcc.o(i.RCC_SYSCLKConfig) refers to stm32f10x_lib.o(.data) for RCC
    stm32f10x_rcc.o(i.RCC_USBCLKConfig) refers to main.o(i.assert_failed) for assert_failed
    stm32f10x_rcc.o(i.RCC_WaitForHSEStartUp) refers to stm32f10x_rcc.o(i.RCC_GetFlagStatus) for RCC_GetFlagStatus
    stm32f10x_usart.o(i.USART_ClearFlag) refers to main.o(i.assert_failed) for assert_failed
    stm32f10x_usart.o(i.USART_ClearITPendingBit) refers to main.o(i.assert_failed) for assert_failed
    stm32f10x_usart.o(i.USART_ClockInit) refers to main.o(i.assert_failed) for assert_failed
    stm32f10x_usart.o(i.USART_Cmd) refers to main.o(i.assert_failed) for assert_failed
    stm32f10x_usart.o(i.USART_DMACmd) refers to main.o(i.assert_failed) for assert_failed
    stm32f10x_usart.o(i.USART_DeInit) refers to main.o(i.assert_failed) for assert_failed
    stm32f10x_usart.o(i.USART_DeInit) refers to stm32f10x_rcc.o(i.RCC_APB2PeriphResetCmd) for RCC_APB2PeriphResetCmd
    stm32f10x_usart.o(i.USART_DeInit) refers to stm32f10x_rcc.o(i.RCC_APB1PeriphResetCmd) for RCC_APB1PeriphResetCmd
    stm32f10x_usart.o(i.USART_GetFlagStatus) refers to main.o(i.assert_failed) for assert_failed
    stm32f10x_usart.o(i.USART_GetITStatus) refers to main.o(i.assert_failed) for assert_failed
    stm32f10x_usart.o(i.USART_HalfDuplexCmd) refers to main.o(i.assert_failed) for assert_failed
    stm32f10x_usart.o(i.USART_ITConfig) refers to main.o(i.assert_failed) for assert_failed
    stm32f10x_usart.o(i.USART_Init) refers to main.o(i.assert_failed) for assert_failed
    stm32f10x_usart.o(i.USART_Init) refers to stm32f10x_rcc.o(i.RCC_GetClocksFreq) for RCC_GetClocksFreq
    stm32f10x_usart.o(i.USART_IrDACmd) refers to main.o(i.assert_failed) for assert_failed
    stm32f10x_usart.o(i.USART_IrDAConfig) refers to main.o(i.assert_failed) for assert_failed
    stm32f10x_usart.o(i.USART_LINBreakDetectLengthConfig) refers to main.o(i.assert_failed) for assert_failed
    stm32f10x_usart.o(i.USART_LINCmd) refers to main.o(i.assert_failed) for assert_failed
    stm32f10x_usart.o(i.USART_ReceiveData) refers to main.o(i.assert_failed) for assert_failed
    stm32f10x_usart.o(i.USART_ReceiverWakeUpCmd) refers to main.o(i.assert_failed) for assert_failed
    stm32f10x_usart.o(i.USART_SendBreak) refers to main.o(i.assert_failed) for assert_failed
    stm32f10x_usart.o(i.USART_SendData) refers to main.o(i.assert_failed) for assert_failed
    stm32f10x_usart.o(i.USART_SetAddress) refers to main.o(i.assert_failed) for assert_failed
    stm32f10x_usart.o(i.USART_SetGuardTime) refers to main.o(i.assert_failed) for assert_failed
    stm32f10x_usart.o(i.USART_SetPrescaler) refers to main.o(i.assert_failed) for assert_failed
    stm32f10x_usart.o(i.USART_SmartCardCmd) refers to main.o(i.assert_failed) for assert_failed
    stm32f10x_usart.o(i.USART_SmartCardNACKCmd) refers to main.o(i.assert_failed) for assert_failed
    stm32f10x_usart.o(i.USART_WakeUpConfig) refers to main.o(i.assert_failed) for assert_failed
    stm32f10x_nvic_1.o(i.NVIC_BASEPRICONFIG) refers to main.o(i.assert_failed) for assert_failed
    stm32f10x_nvic_1.o(i.NVIC_ClearIRQChannelPendingBit) refers to main.o(i.assert_failed) for assert_failed
    stm32f10x_nvic_1.o(i.NVIC_ClearIRQChannelPendingBit) refers to stm32f10x_lib.o(.data) for NVIC
    stm32f10x_nvic_1.o(i.NVIC_ClearSystemHandlerPendingBit) refers to main.o(i.assert_failed) for assert_failed
    stm32f10x_nvic_1.o(i.NVIC_ClearSystemHandlerPendingBit) refers to stm32f10x_lib.o(.data) for SCB
    stm32f10x_nvic_1.o(i.NVIC_DeInit) refers to stm32f10x_lib.o(.data) for NVIC
    stm32f10x_nvic_1.o(i.NVIC_GenerateCoreReset) refers to stm32f10x_lib.o(.data) for SCB
    stm32f10x_nvic_1.o(i.NVIC_GenerateSystemReset) refers to stm32f10x_lib.o(.data) for SCB
    stm32f10x_nvic_1.o(i.NVIC_GetCPUID) refers to stm32f10x_lib.o(.data) for SCB
    stm32f10x_nvic_1.o(i.NVIC_GetCurrentActiveHandler) refers to stm32f10x_lib.o(.data) for SCB
    stm32f10x_nvic_1.o(i.NVIC_GetCurrentPendingIRQChannel) refers to stm32f10x_lib.o(.data) for SCB
    stm32f10x_nvic_1.o(i.NVIC_GetFaultAddress) refers to main.o(i.assert_failed) for assert_failed
    stm32f10x_nvic_1.o(i.NVIC_GetFaultAddress) refers to stm32f10x_lib.o(.data) for SCB
    stm32f10x_nvic_1.o(i.NVIC_GetFaultHandlerSources) refers to main.o(i.assert_failed) for assert_failed
    stm32f10x_nvic_1.o(i.NVIC_GetFaultHandlerSources) refers to stm32f10x_lib.o(.data) for SCB
    stm32f10x_nvic_1.o(i.NVIC_GetIRQChannelActiveBitStatus) refers to main.o(i.assert_failed) for assert_failed
    stm32f10x_nvic_1.o(i.NVIC_GetIRQChannelActiveBitStatus) refers to stm32f10x_lib.o(.data) for NVIC
    stm32f10x_nvic_1.o(i.NVIC_GetIRQChannelPendingBitStatus) refers to main.o(i.assert_failed) for assert_failed
    stm32f10x_nvic_1.o(i.NVIC_GetIRQChannelPendingBitStatus) refers to stm32f10x_lib.o(.data) for NVIC
    stm32f10x_nvic_1.o(i.NVIC_GetSystemHandlerActiveBitStatus) refers to main.o(i.assert_failed) for assert_failed
    stm32f10x_nvic_1.o(i.NVIC_GetSystemHandlerActiveBitStatus) refers to stm32f10x_lib.o(.data) for SCB
    stm32f10x_nvic_1.o(i.NVIC_GetSystemHandlerPendingBitStatus) refers to main.o(i.assert_failed) for assert_failed
    stm32f10x_nvic_1.o(i.NVIC_GetSystemHandlerPendingBitStatus) refers to stm32f10x_lib.o(.data) for SCB
    stm32f10x_nvic_1.o(i.NVIC_Init) refers to main.o(i.assert_failed) for assert_failed
    stm32f10x_nvic_1.o(i.NVIC_Init) refers to stm32f10x_lib.o(.data) for NVIC
    stm32f10x_nvic_1.o(i.NVIC_PriorityGroupConfig) refers to main.o(i.assert_failed) for assert_failed
    stm32f10x_nvic_1.o(i.NVIC_PriorityGroupConfig) refers to stm32f10x_lib.o(.data) for SCB
    stm32f10x_nvic_1.o(i.NVIC_SCBDeInit) refers to stm32f10x_lib.o(.data) for SCB
    stm32f10x_nvic_1.o(i.NVIC_SetIRQChannelPendingBit) refers to main.o(i.assert_failed) for assert_failed
    stm32f10x_nvic_1.o(i.NVIC_SetSystemHandlerPendingBit) refers to main.o(i.assert_failed) for assert_failed
    stm32f10x_nvic_1.o(i.NVIC_SetSystemHandlerPendingBit) refers to stm32f10x_lib.o(.data) for SCB
    stm32f10x_nvic_1.o(i.NVIC_SetVectorTable) refers to main.o(i.assert_failed) for assert_failed
    stm32f10x_nvic_1.o(i.NVIC_SetVectorTable) refers to stm32f10x_lib.o(.data) for SCB
    stm32f10x_nvic_1.o(i.NVIC_SystemHandlerConfig) refers to main.o(i.assert_failed) for assert_failed
    stm32f10x_nvic_1.o(i.NVIC_SystemHandlerConfig) refers to stm32f10x_lib.o(.data) for SCB
    stm32f10x_nvic_1.o(i.NVIC_SystemHandlerPriorityConfig) refers to main.o(i.assert_failed) for assert_failed
    stm32f10x_nvic_1.o(i.NVIC_SystemHandlerPriorityConfig) refers to stm32f10x_lib.o(.data) for SCB
    stm32f10x_nvic_1.o(i.NVIC_SystemLPConfig) refers to main.o(i.assert_failed) for assert_failed
    stm32f10x_nvic_1.o(i.NVIC_SystemLPConfig) refers to stm32f10x_lib.o(.data) for SCB
    startup_stm32f10x_hd.o(RESET) refers to startup_stm32f10x_hd.o(STACK) for __initial_sp
    startup_stm32f10x_hd.o(RESET) refers to startup_stm32f10x_hd.o(.text) for Reset_Handler
    startup_stm32f10x_hd.o(RESET) refers to stm32f10x_it.o(i.WWDG_IRQHandler) for WWDG_IRQHandler
    startup_stm32f10x_hd.o(RESET) refers to stm32f10x_it.o(i.PVD_IRQHandler) for PVD_IRQHandler
    startup_stm32f10x_hd.o(RESET) refers to stm32f10x_it.o(i.TAMPER_IRQHandler) for TAMPER_IRQHandler
    startup_stm32f10x_hd.o(RESET) refers to stm32f10x_it.o(i.RTC_IRQHandler) for RTC_IRQHandler
    startup_stm32f10x_hd.o(RESET) refers to stm32f10x_it.o(i.FLASH_IRQHandler) for FLASH_IRQHandler
    startup_stm32f10x_hd.o(RESET) refers to stm32f10x_it.o(i.RCC_IRQHandler) for RCC_IRQHandler
    startup_stm32f10x_hd.o(RESET) refers to stm32f10x_it.o(i.EXTI0_IRQHandler) for EXTI0_IRQHandler
    startup_stm32f10x_hd.o(RESET) refers to stm32f10x_it.o(i.EXTI1_IRQHandler) for EXTI1_IRQHandler
    startup_stm32f10x_hd.o(RESET) refers to stm32f10x_it.o(i.EXTI2_IRQHandler) for EXTI2_IRQHandler
    startup_stm32f10x_hd.o(RESET) refers to stm32f10x_it.o(i.EXTI3_IRQHandler) for EXTI3_IRQHandler
    startup_stm32f10x_hd.o(RESET) refers to stm32f10x_it.o(i.EXTI4_IRQHandler) for EXTI4_IRQHandler
    startup_stm32f10x_hd.o(RESET) refers to stm32f10x_it.o(i.DMA1_Channel1_IRQHandler) for DMA1_Channel1_IRQHandler
    startup_stm32f10x_hd.o(RESET) refers to stm32f10x_it.o(i.DMA1_Channel2_IRQHandler) for DMA1_Channel2_IRQHandler
    startup_stm32f10x_hd.o(RESET) refers to stm32f10x_it.o(i.DMA1_Channel3_IRQHandler) for DMA1_Channel3_IRQHandler
    startup_stm32f10x_hd.o(RESET) refers to stm32f10x_it.o(i.DMA1_Channel4_IRQHandler) for DMA1_Channel4_IRQHandler
    startup_stm32f10x_hd.o(RESET) refers to stm32f10x_it.o(i.DMA1_Channel5_IRQHandler) for DMA1_Channel5_IRQHandler
    startup_stm32f10x_hd.o(RESET) refers to stm32f10x_it.o(i.DMA1_Channel6_IRQHandler) for DMA1_Channel6_IRQHandler
    startup_stm32f10x_hd.o(RESET) refers to stm32f10x_it.o(i.DMA1_Channel7_IRQHandler) for DMA1_Channel7_IRQHandler
    startup_stm32f10x_hd.o(RESET) refers to stm32f10x_it.o(i.ADC1_2_IRQHandler) for ADC1_2_IRQHandler
    startup_stm32f10x_hd.o(RESET) refers to stm32f10x_it.o(i.EXTI9_5_IRQHandler) for EXTI9_5_IRQHandler
    startup_stm32f10x_hd.o(RESET) refers to stm32f10x_it.o(i.TIM1_BRK_IRQHandler) for TIM1_BRK_IRQHandler
    startup_stm32f10x_hd.o(RESET) refers to stm32f10x_it.o(i.TIM1_UP_IRQHandler) for TIM1_UP_IRQHandler
    startup_stm32f10x_hd.o(RESET) refers to stm32f10x_it.o(i.TIM1_TRG_COM_IRQHandler) for TIM1_TRG_COM_IRQHandler
    startup_stm32f10x_hd.o(RESET) refers to stm32f10x_it.o(i.TIM1_CC_IRQHandler) for TIM1_CC_IRQHandler
    startup_stm32f10x_hd.o(RESET) refers to stm32f10x_it.o(i.TIM2_IRQHandler) for TIM2_IRQHandler
    startup_stm32f10x_hd.o(RESET) refers to stm32f10x_it.o(i.TIM3_IRQHandler) for TIM3_IRQHandler
    startup_stm32f10x_hd.o(RESET) refers to stm32f10x_it.o(i.TIM4_IRQHandler) for TIM4_IRQHandler
    startup_stm32f10x_hd.o(RESET) refers to stm32f10x_it.o(i.I2C1_EV_IRQHandler) for I2C1_EV_IRQHandler
    startup_stm32f10x_hd.o(RESET) refers to stm32f10x_it.o(i.I2C1_ER_IRQHandler) for I2C1_ER_IRQHandler
    startup_stm32f10x_hd.o(RESET) refers to stm32f10x_it.o(i.I2C2_EV_IRQHandler) for I2C2_EV_IRQHandler
    startup_stm32f10x_hd.o(RESET) refers to stm32f10x_it.o(i.I2C2_ER_IRQHandler) for I2C2_ER_IRQHandler
    startup_stm32f10x_hd.o(RESET) refers to stm32f10x_it.o(i.SPI1_IRQHandler) for SPI1_IRQHandler
    startup_stm32f10x_hd.o(RESET) refers to stm32f10x_it.o(i.SPI2_IRQHandler) for SPI2_IRQHandler
    startup_stm32f10x_hd.o(RESET) refers to stm32f10x_it.o(i.USART1_IRQHandler) for USART1_IRQHandler
    startup_stm32f10x_hd.o(RESET) refers to stm32f10x_it.o(i.USART2_IRQHandler) for USART2_IRQHandler
    startup_stm32f10x_hd.o(RESET) refers to stm32f10x_it.o(i.USART3_IRQHandler) for USART3_IRQHandler
    startup_stm32f10x_hd.o(RESET) refers to stm32f10x_it.o(i.EXTI15_10_IRQHandler) for EXTI15_10_IRQHandler
    startup_stm32f10x_hd.o(RESET) refers to stm32f10x_it.o(i.RTCAlarm_IRQHandler) for RTCAlarm_IRQHandler
    startup_stm32f10x_hd.o(RESET) refers to stm32f10x_it.o(i.USBWakeUp_IRQHandler) for USBWakeUp_IRQHandler
    startup_stm32f10x_hd.o(RESET) refers to stm32f10x_it.o(i.TIM8_BRK_IRQHandler) for TIM8_BRK_IRQHandler
    startup_stm32f10x_hd.o(RESET) refers to stm32f10x_it.o(i.TIM8_UP_IRQHandler) for TIM8_UP_IRQHandler
    startup_stm32f10x_hd.o(RESET) refers to stm32f10x_it.o(i.TIM8_TRG_COM_IRQHandler) for TIM8_TRG_COM_IRQHandler
    startup_stm32f10x_hd.o(RESET) refers to stm32f10x_it.o(i.TIM8_CC_IRQHandler) for TIM8_CC_IRQHandler
    startup_stm32f10x_hd.o(RESET) refers to stm32f10x_it.o(i.ADC3_IRQHandler) for ADC3_IRQHandler
    startup_stm32f10x_hd.o(RESET) refers to stm32f10x_it.o(i.FSMC_IRQHandler) for FSMC_IRQHandler
    startup_stm32f10x_hd.o(RESET) refers to stm32f10x_it.o(i.SDIO_IRQHandler) for SDIO_IRQHandler
    startup_stm32f10x_hd.o(RESET) refers to stm32f10x_it.o(i.TIM5_IRQHandler) for TIM5_IRQHandler
    startup_stm32f10x_hd.o(RESET) refers to stm32f10x_it.o(i.SPI3_IRQHandler) for SPI3_IRQHandler
    startup_stm32f10x_hd.o(RESET) refers to stm32f10x_it.o(i.UART4_IRQHandler) for UART4_IRQHandler
    startup_stm32f10x_hd.o(RESET) refers to stm32f10x_it.o(i.UART5_IRQHandler) for UART5_IRQHandler
    startup_stm32f10x_hd.o(RESET) refers to stm32f10x_it.o(i.TIM6_IRQHandler) for TIM6_IRQHandler
    startup_stm32f10x_hd.o(RESET) refers to stm32f10x_it.o(i.TIM7_IRQHandler) for TIM7_IRQHandler
    startup_stm32f10x_hd.o(RESET) refers to stm32f10x_it.o(i.DMA2_Channel1_IRQHandler) for DMA2_Channel1_IRQHandler
    startup_stm32f10x_hd.o(RESET) refers to stm32f10x_it.o(i.DMA2_Channel2_IRQHandler) for DMA2_Channel2_IRQHandler
    startup_stm32f10x_hd.o(RESET) refers to stm32f10x_it.o(i.DMA2_Channel3_IRQHandler) for DMA2_Channel3_IRQHandler
    startup_stm32f10x_hd.o(RESET) refers to stm32f10x_it.o(i.DMA2_Channel4_5_IRQHandler) for DMA2_Channel4_5_IRQHandler
    startup_stm32f10x_hd.o(.text) refers to entry.o(.ARM.Collect$$$$00000000) for __main
    entry.o(.ARM.Collect$$$$00000000) refers (Special) to entry10a.o(.ARM.Collect$$$$0000000D) for __rt_final_cpp
    entry.o(.ARM.Collect$$$$00000000) refers (Special) to entry11a.o(.ARM.Collect$$$$0000000F) for __rt_final_exit
    entry.o(.ARM.Collect$$$$00000000) refers (Special) to entry7b.o(.ARM.Collect$$$$00000008) for _main_clock
    entry.o(.ARM.Collect$$$$00000000) refers (Special) to entry8b.o(.ARM.Collect$$$$0000000A) for _main_cpp_init
    entry.o(.ARM.Collect$$$$00000000) refers (Special) to entry9a.o(.ARM.Collect$$$$0000000B) for _main_init
    entry.o(.ARM.Collect$$$$00000000) refers (Special) to entry5.o(.ARM.Collect$$$$00000004) for _main_scatterload
    entry.o(.ARM.Collect$$$$00000000) refers (Special) to entry2.o(.ARM.Collect$$$$00000001) for _main_stk
    entry2.o(.ARM.Collect$$$$00000001) refers to entry2.o(.ARM.Collect$$$$00002712) for __lit__00000000
    entry2.o(.ARM.Collect$$$$00002712) refers to startup_stm32f10x_hd.o(STACK) for __initial_sp
    entry2.o(__vectab_stack_and_reset_area) refers to startup_stm32f10x_hd.o(STACK) for __initial_sp
    entry2.o(__vectab_stack_and_reset_area) refers to entry.o(.ARM.Collect$$$$00000000) for __main
    entry5.o(.ARM.Collect$$$$00000004) refers to init.o(.text) for __scatterload
    entry9a.o(.ARM.Collect$$$$0000000B) refers to main.o(i.main) for main
    entry9b.o(.ARM.Collect$$$$0000000C) refers to main.o(i.main) for main
    init.o(.text) refers to entry5.o(.ARM.Collect$$$$00000004) for __main_after_scatterload


==============================================================================

Removing Unused input sections from the image.

    Removing common.o(i.GetInputString), (116 bytes).
    Removing common.o(i.GetIntegerInput), (112 bytes).
    Removing stm32f10x_it.o(i.BusFaultException), (2 bytes).
    Removing stm32f10x_it.o(i.CAN_RX1_IRQHandler), (2 bytes).
    Removing stm32f10x_it.o(i.CAN_SCE_IRQHandler), (2 bytes).
    Removing stm32f10x_it.o(i.DebugMonitor), (2 bytes).
    Removing stm32f10x_it.o(i.HardFaultException), (2 bytes).
    Removing stm32f10x_it.o(i.MemManageException), (2 bytes).
    Removing stm32f10x_it.o(i.NMIException), (2 bytes).
    Removing stm32f10x_it.o(i.PendSVC), (2 bytes).
    Removing stm32f10x_it.o(i.SVCHandler), (2 bytes).
    Removing stm32f10x_it.o(i.SysTickHandler), (2 bytes).
    Removing stm32f10x_it.o(i.USB_HP_CAN_TX_IRQHandler), (2 bytes).
    Removing stm32f10x_it.o(i.USB_LP_CAN_RX0_IRQHandler), (2 bytes).
    Removing stm32f10x_it.o(i.UsageFaultException), (2 bytes).
    Removing stm32f10x_wwdg.o(i.WWDG_ClearFlag), (16 bytes).
    Removing stm32f10x_wwdg.o(i.WWDG_DeInit), (24 bytes).
    Removing stm32f10x_wwdg.o(i.WWDG_EnableIT), (16 bytes).
    Removing stm32f10x_wwdg.o(i.WWDG_GetFlagStatus), (16 bytes).
    Removing stm32f10x_wwdg.o(i.WWDG_SetCounter), (80 bytes).
    Removing stm32f10x_wwdg.o(i.WWDG_SetPrescaler), (96 bytes).
    Removing stm32f10x_wwdg.o(i.WWDG_SetWindowValue), (84 bytes).
    Removing stm32f10x_flash.o(i.FLASH_ClearFlag), (84 bytes).
    Removing stm32f10x_flash.o(i.FLASH_EraseAllPages), (64 bytes).
    Removing stm32f10x_flash.o(i.FLASH_GetFlagStatus), (108 bytes).
    Removing stm32f10x_flash.o(i.FLASH_GetPrefetchBufferStatus), (20 bytes).
    Removing stm32f10x_flash.o(i.FLASH_GetReadOutProtectionStatus), (20 bytes).
    Removing stm32f10x_flash.o(i.FLASH_HalfCycleAccessCmd), (92 bytes).
    Removing stm32f10x_flash.o(i.FLASH_ITConfig), (112 bytes).
    Removing stm32f10x_flash.o(i.FLASH_Lock), (20 bytes).
    Removing stm32f10x_flash.o(i.FLASH_ProgramHalfWord), (132 bytes).
    Removing stm32f10x_flash.o(i.FLASH_ProgramOptionByteData), (148 bytes).
    Removing stm32f10x_flash.o(i.FLASH_ReadOutProtection), (208 bytes).
    Removing stm32f10x_gpio.o(i.GPIO_AFIODeInit), (22 bytes).
    Removing stm32f10x_gpio.o(i.GPIO_DeInit), (280 bytes).
    Removing stm32f10x_gpio.o(i.GPIO_EXTILineConfig), (200 bytes).
    Removing stm32f10x_gpio.o(i.GPIO_EventOutputCmd), (76 bytes).
    Removing stm32f10x_gpio.o(i.GPIO_EventOutputConfig), (176 bytes).
    Removing stm32f10x_gpio.o(i.GPIO_PinLockConfig), (160 bytes).
    Removing stm32f10x_gpio.o(i.GPIO_PinRemapConfig), (324 bytes).
    Removing stm32f10x_gpio.o(i.GPIO_ReadInputData), (136 bytes).
    Removing stm32f10x_gpio.o(i.GPIO_ReadOutputData), (136 bytes).
    Removing stm32f10x_gpio.o(i.GPIO_ReadOutputDataBit), (236 bytes).
    Removing stm32f10x_gpio.o(i.GPIO_ResetBits), (148 bytes).
    Removing stm32f10x_gpio.o(i.GPIO_SetBits), (148 bytes).
    Removing stm32f10x_gpio.o(i.GPIO_StructInit), (16 bytes).
    Removing stm32f10x_gpio.o(i.GPIO_Write), (136 bytes).
    Removing stm32f10x_gpio.o(i.GPIO_WriteBit), (248 bytes).
    Removing stm32f10x_rcc.o(i.RCC_ADCCLKConfig), (100 bytes).
    Removing stm32f10x_rcc.o(i.RCC_AHBPeriphClockCmd), (112 bytes).
    Removing stm32f10x_rcc.o(i.RCC_APB1PeriphResetCmd), (112 bytes).
    Removing stm32f10x_rcc.o(i.RCC_APB2PeriphResetCmd), (112 bytes).
    Removing stm32f10x_rcc.o(i.RCC_AdjustHSICalibrationValue), (84 bytes).
    Removing stm32f10x_rcc.o(i.RCC_BackupResetCmd), (76 bytes).
    Removing stm32f10x_rcc.o(i.RCC_ClearFlag), (20 bytes).
    Removing stm32f10x_rcc.o(i.RCC_ClearITPendingBit), (76 bytes).
    Removing stm32f10x_rcc.o(i.RCC_ClockSecuritySystemCmd), (76 bytes).
    Removing stm32f10x_rcc.o(i.RCC_GetITStatus), (104 bytes).
    Removing stm32f10x_rcc.o(i.RCC_HSICmd), (76 bytes).
    Removing stm32f10x_rcc.o(i.RCC_ITConfig), (104 bytes).
    Removing stm32f10x_rcc.o(i.RCC_LSEConfig), (108 bytes).
    Removing stm32f10x_rcc.o(i.RCC_LSICmd), (76 bytes).
    Removing stm32f10x_rcc.o(i.RCC_MCOConfig), (88 bytes).
    Removing stm32f10x_rcc.o(i.RCC_RTCCLKCmd), (76 bytes).
    Removing stm32f10x_rcc.o(i.RCC_RTCCLKConfig), (92 bytes).
    Removing stm32f10x_rcc.o(i.RCC_USBCLKConfig), (76 bytes).
    Removing stm32f10x_usart.o(i.USART_ClearFlag), (168 bytes).
    Removing stm32f10x_usart.o(i.USART_ClearITPendingBit), (196 bytes).
    Removing stm32f10x_usart.o(i.USART_ClockInit), (204 bytes).
    Removing stm32f10x_usart.o(i.USART_ClockStructInit), (12 bytes).
    Removing stm32f10x_usart.o(i.USART_DMACmd), (156 bytes).
    Removing stm32f10x_usart.o(i.USART_DeInit), (212 bytes).
    Removing stm32f10x_usart.o(i.USART_GetITStatus), (284 bytes).
    Removing stm32f10x_usart.o(i.USART_HalfDuplexCmd), (148 bytes).
    Removing stm32f10x_usart.o(i.USART_ITConfig), (272 bytes).
    Removing stm32f10x_usart.o(i.USART_IrDACmd), (148 bytes).
    Removing stm32f10x_usart.o(i.USART_IrDAConfig), (148 bytes).
    Removing stm32f10x_usart.o(i.USART_LINBreakDetectLengthConfig), (148 bytes).
    Removing stm32f10x_usart.o(i.USART_LINCmd), (148 bytes).
    Removing stm32f10x_usart.o(i.USART_ReceiveData), (120 bytes).
    Removing stm32f10x_usart.o(i.USART_ReceiverWakeUpCmd), (148 bytes).
    Removing stm32f10x_usart.o(i.USART_SendBreak), (124 bytes).
    Removing stm32f10x_usart.o(i.USART_SetAddress), (144 bytes).
    Removing stm32f10x_usart.o(i.USART_SetGuardTime), (112 bytes).
    Removing stm32f10x_usart.o(i.USART_SetPrescaler), (132 bytes).
    Removing stm32f10x_usart.o(i.USART_SmartCardCmd), (128 bytes).
    Removing stm32f10x_usart.o(i.USART_SmartCardNACKCmd), (128 bytes).
    Removing stm32f10x_usart.o(i.USART_StructInit), (22 bytes).
    Removing stm32f10x_usart.o(i.USART_WakeUpConfig), (148 bytes).
    Removing stm32f10x_nvic_1.o(i.NVIC_BASEPRICONFIG), (72 bytes).
    Removing stm32f10x_nvic_1.o(i.NVIC_ClearIRQChannelPendingBit), (324 bytes).
    Removing stm32f10x_nvic_1.o(i.NVIC_ClearSystemHandlerPendingBit), (104 bytes).
    Removing stm32f10x_nvic_1.o(i.NVIC_DeInit), (48 bytes).
    Removing stm32f10x_nvic_1.o(i.NVIC_GenerateCoreReset), (20 bytes).
    Removing stm32f10x_nvic_1.o(i.NVIC_GenerateSystemReset), (20 bytes).
    Removing stm32f10x_nvic_1.o(i.NVIC_GetBASEPRI), (4 bytes).
    Removing stm32f10x_nvic_1.o(i.NVIC_GetCPUID), (12 bytes).
    Removing stm32f10x_nvic_1.o(i.NVIC_GetCurrentActiveHandler), (16 bytes).
    Removing stm32f10x_nvic_1.o(i.NVIC_GetCurrentPendingIRQChannel), (16 bytes).
    Removing stm32f10x_nvic_1.o(i.NVIC_GetFaultAddress), (104 bytes).
    Removing stm32f10x_nvic_1.o(i.NVIC_GetFaultHandlerSources), (152 bytes).
    Removing stm32f10x_nvic_1.o(i.NVIC_GetIRQChannelActiveBitStatus), (336 bytes).
    Removing stm32f10x_nvic_1.o(i.NVIC_GetIRQChannelPendingBitStatus), (336 bytes).
    Removing stm32f10x_nvic_1.o(i.NVIC_GetSystemHandlerActiveBitStatus), (160 bytes).
    Removing stm32f10x_nvic_1.o(i.NVIC_GetSystemHandlerPendingBitStatus), (120 bytes).
    Removing stm32f10x_nvic_1.o(i.NVIC_Init), (472 bytes).
    Removing stm32f10x_nvic_1.o(i.NVIC_PriorityGroupConfig), (108 bytes).
    Removing stm32f10x_nvic_1.o(i.NVIC_RESETFAULTMASK), (4 bytes).
    Removing stm32f10x_nvic_1.o(i.NVIC_RESETPRIMASK), (4 bytes).
    Removing stm32f10x_nvic_1.o(i.NVIC_SCBDeInit), (60 bytes).
    Removing stm32f10x_nvic_1.o(i.NVIC_SETFAULTMASK), (4 bytes).
    Removing stm32f10x_nvic_1.o(i.NVIC_SetIRQChannelPendingBit), (308 bytes).
    Removing stm32f10x_nvic_1.o(i.NVIC_SetSystemHandlerPendingBit), (108 bytes).
    Removing stm32f10x_nvic_1.o(i.NVIC_SetVectorTable), (116 bytes).
    Removing stm32f10x_nvic_1.o(i.NVIC_StructInit), (12 bytes).
    Removing stm32f10x_nvic_1.o(i.NVIC_SystemHandlerConfig), (136 bytes).
    Removing stm32f10x_nvic_1.o(i.NVIC_SystemHandlerPriorityConfig), (236 bytes).
    Removing stm32f10x_nvic_1.o(i.NVIC_SystemLPConfig), (112 bytes).
    Removing core_cm3.o(.emb_text), (32 bytes).
    Removing startup_stm32f10x_hd.o(HEAP), (512 bytes).

120 unused section(s) (total 13122 bytes) removed from the image.

==============================================================================

Memory Map of the image

  Image Entry point : 0x00000000

  Load Region LR_IROM1 (Base: 0x08000000, Size: 0x000021d0, Max: 0x00040000, ABSOLUTE)

    Execution Region ER_IROM1 (Base: 0x08000000, Size: 0x00002178, Max: 0x00040000, ABSOLUTE)

    Base Addr    Size         Type   Attr      Idx    E Section Name        Object

    0x08000000   0x00000130   Data   RO         1521    RESET               startup_stm32f10x_hd.o
    0x08000130   0x00000000   Code   RO         1526  * .ARM.Collect$$$$00000000  mc_w.l(entry.o)
    0x08000130   0x00000004   Code   RO         1533    .ARM.Collect$$$$00000001  mc_w.l(entry2.o)
    0x08000134   0x00000004   Code   RO         1536    .ARM.Collect$$$$00000004  mc_w.l(entry5.o)
    0x08000138   0x00000000   Code   RO         1538    .ARM.Collect$$$$00000008  mc_w.l(entry7b.o)
    0x08000138   0x00000000   Code   RO         1540    .ARM.Collect$$$$0000000A  mc_w.l(entry8b.o)
    0x08000138   0x00000008   Code   RO         1541    .ARM.Collect$$$$0000000B  mc_w.l(entry9a.o)
    0x08000140   0x00000000   Code   RO         1543    .ARM.Collect$$$$0000000D  mc_w.l(entry10a.o)
    0x08000140   0x00000000   Code   RO         1545    .ARM.Collect$$$$0000000F  mc_w.l(entry11a.o)
    0x08000140   0x00000004   Code   RO         1534    .ARM.Collect$$$$00002712  mc_w.l(entry2.o)
    0x08000144   0x00000024   Code   RO         1522    .text               startup_stm32f10x_hd.o
    0x08000168   0x00000024   Code   RO         1529    .text               mc_w.l(memcpya.o)
    0x0800018c   0x00000024   Code   RO         1547    .text               mc_w.l(init.o)
    0x080001b0   0x00000002   Code   RO          177    i.ADC1_2_IRQHandler  stm32f10x_it.o
    0x080001b2   0x00000002   Code   RO          178    i.ADC3_IRQHandler   stm32f10x_it.o
    0x080001b4   0x00000002   Code   RO          182    i.DMA1_Channel1_IRQHandler  stm32f10x_it.o
    0x080001b6   0x00000002   Code   RO          183    i.DMA1_Channel2_IRQHandler  stm32f10x_it.o
    0x080001b8   0x00000002   Code   RO          184    i.DMA1_Channel3_IRQHandler  stm32f10x_it.o
    0x080001ba   0x00000002   Code   RO          185    i.DMA1_Channel4_IRQHandler  stm32f10x_it.o
    0x080001bc   0x00000002   Code   RO          186    i.DMA1_Channel5_IRQHandler  stm32f10x_it.o
    0x080001be   0x00000002   Code   RO          187    i.DMA1_Channel6_IRQHandler  stm32f10x_it.o
    0x080001c0   0x00000002   Code   RO          188    i.DMA1_Channel7_IRQHandler  stm32f10x_it.o
    0x080001c2   0x00000002   Code   RO          189    i.DMA2_Channel1_IRQHandler  stm32f10x_it.o
    0x080001c4   0x00000002   Code   RO          190    i.DMA2_Channel2_IRQHandler  stm32f10x_it.o
    0x080001c6   0x00000002   Code   RO          191    i.DMA2_Channel3_IRQHandler  stm32f10x_it.o
    0x080001c8   0x00000002   Code   RO          192    i.DMA2_Channel4_5_IRQHandler  stm32f10x_it.o
    0x080001ca   0x00000002   Code   RO          194    i.EXTI0_IRQHandler  stm32f10x_it.o
    0x080001cc   0x00000002   Code   RO          195    i.EXTI15_10_IRQHandler  stm32f10x_it.o
    0x080001ce   0x00000002   Code   RO          196    i.EXTI1_IRQHandler  stm32f10x_it.o
    0x080001d0   0x00000002   Code   RO          197    i.EXTI2_IRQHandler  stm32f10x_it.o
    0x080001d2   0x00000002   Code   RO          198    i.EXTI3_IRQHandler  stm32f10x_it.o
    0x080001d4   0x00000002   Code   RO          199    i.EXTI4_IRQHandler  stm32f10x_it.o
    0x080001d6   0x00000002   Code   RO          200    i.EXTI9_5_IRQHandler  stm32f10x_it.o
    0x080001d8   0x00000108   Code   RO            1    i.FLASH_DisableWriteProtectionPages  common.o
    0x080002e0   0x000000e8   Code   RO          682    i.FLASH_EnableWriteProtection  stm32f10x_flash.o
    0x080003c8   0x0000007c   Code   RO          684    i.FLASH_EraseOptionBytes  stm32f10x_flash.o
    0x08000444   0x0000008c   Code   RO          685    i.FLASH_ErasePage   stm32f10x_flash.o
    0x080004d0   0x00000028   Code   RO          689    i.FLASH_GetStatus   stm32f10x_flash.o
    0x080004f8   0x00000010   Code   RO          690    i.FLASH_GetUserOptionByte  stm32f10x_flash.o
    0x08000508   0x0000000c   Code   RO          691    i.FLASH_GetWriteProtectionOptionByte  stm32f10x_flash.o
    0x08000514   0x00000002   Code   RO          201    i.FLASH_IRQHandler  stm32f10x_it.o
    0x08000516   0x00000014   Code   RO            2    i.FLASH_PagesMask   common.o
    0x0800052a   0x00000002   PAD
    0x0800052c   0x0000005c   Code   RO          695    i.FLASH_PrefetchBufferCmd  stm32f10x_flash.o
    0x08000588   0x00000094   Code   RO          698    i.FLASH_ProgramWord  stm32f10x_flash.o
    0x0800061c   0x00000060   Code   RO          700    i.FLASH_SetLatency  stm32f10x_flash.o
    0x0800067c   0x0000001c   Code   RO          701    i.FLASH_Unlock      stm32f10x_flash.o
    0x08000698   0x000000c4   Code   RO          702    i.FLASH_UserOptionByteConfig  stm32f10x_flash.o
    0x0800075c   0x0000002e   Code   RO          703    i.FLASH_WaitForLastOperation  stm32f10x_flash.o
    0x0800078a   0x00000002   Code   RO          202    i.FSMC_IRQHandler   stm32f10x_it.o
    0x0800078c   0x00000170   Code   RO          830    i.GPIO_Init         stm32f10x_gpio.o
    0x080008fc   0x000000e8   Code   RO          834    i.GPIO_ReadInputDataBit  stm32f10x_gpio.o
    0x080009e4   0x00000018   Code   RO            5    i.GetKey            common.o
    0x080009fc   0x00000002   Code   RO          204    i.I2C1_ER_IRQHandler  stm32f10x_it.o
    0x080009fe   0x00000002   Code   RO          205    i.I2C1_EV_IRQHandler  stm32f10x_it.o
    0x08000a00   0x00000002   Code   RO          206    i.I2C2_ER_IRQHandler  stm32f10x_it.o
    0x08000a02   0x00000002   Code   RO          207    i.I2C2_EV_IRQHandler  stm32f10x_it.o
    0x08000a04   0x00000078   Code   RO          143    i.IAP_Init          main.o
    0x08000a7c   0x00000040   Code   RO            6    i.Int2Str           common.o
    0x08000abc   0x000002b0   Code   RO            7    i.Main_Menu         common.o
    0x08000d6c   0x00000004   Code   RO         1341    i.NVIC_SETPRIMASK   stm32f10x_nvic_1.o
    0x08000d70   0x00000002   Code   RO          210    i.PVD_IRQHandler    stm32f10x_it.o
    0x08000d72   0x00000002   PAD
    0x08000d74   0x00000070   Code   RO          953    i.RCC_APB1PeriphClockCmd  stm32f10x_rcc.o
    0x08000de4   0x00000070   Code   RO          955    i.RCC_APB2PeriphClockCmd  stm32f10x_rcc.o
    0x08000e54   0x00000078   Code   RO          144    i.RCC_Configuration  main.o
    0x08000ecc   0x00000040   Code   RO          962    i.RCC_DeInit        stm32f10x_rcc.o
    0x08000f0c   0x00000094   Code   RO          963    i.RCC_GetClocksFreq  stm32f10x_rcc.o
    0x08000fa0   0x00000098   Code   RO          964    i.RCC_GetFlagStatus  stm32f10x_rcc.o
    0x08001038   0x00000010   Code   RO          966    i.RCC_GetSYSCLKSource  stm32f10x_rcc.o
    0x08001048   0x00000070   Code   RO          967    i.RCC_HCLKConfig    stm32f10x_rcc.o
    0x080010b8   0x0000007c   Code   RO          968    i.RCC_HSEConfig     stm32f10x_rcc.o
    0x08001134   0x00000002   Code   RO          212    i.RCC_IRQHandler    stm32f10x_it.o
    0x08001136   0x00000002   PAD
    0x08001138   0x00000068   Code   RO          974    i.RCC_PCLK1Config   stm32f10x_rcc.o
    0x080011a0   0x0000006c   Code   RO          975    i.RCC_PCLK2Config   stm32f10x_rcc.o
    0x0800120c   0x0000004c   Code   RO          976    i.RCC_PLLCmd        stm32f10x_rcc.o
    0x08001258   0x000000c0   Code   RO          977    i.RCC_PLLConfig     stm32f10x_rcc.o
    0x08001318   0x00000058   Code   RO          980    i.RCC_SYSCLKConfig  stm32f10x_rcc.o
    0x08001370   0x0000002a   Code   RO          982    i.RCC_WaitForHSEStartUp  stm32f10x_rcc.o
    0x0800139a   0x00000002   Code   RO          213    i.RTCAlarm_IRQHandler  stm32f10x_it.o
    0x0800139c   0x00000002   Code   RO          214    i.RTC_IRQHandler    stm32f10x_it.o
    0x0800139e   0x00000020   Code   RO          600    i.Receive_Byte      ymodem.o
    0x080013be   0x00000098   Code   RO          601    i.Receive_Packet    ymodem.o
    0x08001456   0x00000002   Code   RO          215    i.SDIO_IRQHandler   stm32f10x_it.o
    0x08001458   0x00000002   Code   RO          216    i.SPI1_IRQHandler   stm32f10x_it.o
    0x0800145a   0x00000002   Code   RO          217    i.SPI2_IRQHandler   stm32f10x_it.o
    0x0800145c   0x00000002   Code   RO          218    i.SPI3_IRQHandler   stm32f10x_it.o
    0x0800145e   0x00000002   PAD
    0x08001460   0x0000017c   Code   RO          126    i.SerialDownload    download.o
    0x080015dc   0x00000020   Code   RO            8    i.SerialKeyPressed  common.o
    0x080015fc   0x00000020   Code   RO            9    i.SerialPutChar     common.o
    0x0800161c   0x00000016   Code   RO           10    i.Serial_PutString  common.o
    0x08001632   0x000000bc   Code   RO           11    i.Str2Int           common.o
    0x080016ee   0x00000002   Code   RO          221    i.TAMPER_IRQHandler  stm32f10x_it.o
    0x080016f0   0x00000002   Code   RO          222    i.TIM1_BRK_IRQHandler  stm32f10x_it.o
    0x080016f2   0x00000002   Code   RO          223    i.TIM1_CC_IRQHandler  stm32f10x_it.o
    0x080016f4   0x00000002   Code   RO          224    i.TIM1_TRG_COM_IRQHandler  stm32f10x_it.o
    0x080016f6   0x00000002   Code   RO          225    i.TIM1_UP_IRQHandler  stm32f10x_it.o
    0x080016f8   0x00000002   Code   RO          226    i.TIM2_IRQHandler   stm32f10x_it.o
    0x080016fa   0x00000002   Code   RO          227    i.TIM3_IRQHandler   stm32f10x_it.o
    0x080016fc   0x00000002   Code   RO          228    i.TIM4_IRQHandler   stm32f10x_it.o
    0x080016fe   0x00000002   Code   RO          229    i.TIM5_IRQHandler   stm32f10x_it.o
    0x08001700   0x00000002   Code   RO          230    i.TIM6_IRQHandler   stm32f10x_it.o
    0x08001702   0x00000002   Code   RO          231    i.TIM7_IRQHandler   stm32f10x_it.o
    0x08001704   0x00000002   Code   RO          232    i.TIM8_BRK_IRQHandler  stm32f10x_it.o
    0x08001706   0x00000002   Code   RO          233    i.TIM8_CC_IRQHandler  stm32f10x_it.o
    0x08001708   0x00000002   Code   RO          234    i.TIM8_TRG_COM_IRQHandler  stm32f10x_it.o
    0x0800170a   0x00000002   Code   RO          235    i.TIM8_UP_IRQHandler  stm32f10x_it.o
    0x0800170c   0x00000002   Code   RO          236    i.UART4_IRQHandler  stm32f10x_it.o
    0x0800170e   0x00000002   Code   RO          237    i.UART5_IRQHandler  stm32f10x_it.o
    0x08001710   0x00000002   Code   RO          238    i.USART1_IRQHandler  stm32f10x_it.o
    0x08001712   0x00000002   Code   RO          239    i.USART2_IRQHandler  stm32f10x_it.o
    0x08001714   0x00000002   Code   RO          240    i.USART3_IRQHandler  stm32f10x_it.o
    0x08001716   0x00000002   PAD
    0x08001718   0x00000094   Code   RO         1155    i.USART_Cmd         stm32f10x_usart.o
    0x080017ac   0x000000d4   Code   RO         1158    i.USART_GetFlagStatus  stm32f10x_usart.o
    0x08001880   0x00000198   Code   RO         1162    i.USART_Init        stm32f10x_usart.o
    0x08001a18   0x0000008c   Code   RO         1170    i.USART_SendData    stm32f10x_usart.o
    0x08001aa4   0x00000002   Code   RO          241    i.USBWakeUp_IRQHandler  stm32f10x_it.o
    0x08001aa6   0x00000002   PAD
    0x08001aa8   0x00000050   Code   RO          629    i.WWDG_Enable       stm32f10x_wwdg.o
    0x08001af8   0x00000002   Code   RO          245    i.WWDG_IRQHandler   stm32f10x_it.o
    0x08001afa   0x00000002   PAD
    0x08001afc   0x000001c4   Code   RO          602    i.Ymodem_Receive    ymodem.o
    0x08001cc0   0x00000002   Code   RO          145    i.assert_failed     main.o
    0x08001cc2   0x00000002   PAD
    0x08001cc4   0x00000060   Code   RO          933    i.debug             stm32f10x_lib.o
    0x08001d24   0x000000f4   Code   RO          146    i.main              main.o
    0x08001e18   0x00000014   Data   RO          983    .constdata          stm32f10x_rcc.o
    0x08001e2c   0x0000004a   Data   RO           12    .conststring        common.o
    0x08001e76   0x00000002   PAD
    0x08001e78   0x00000053   Data   RO          128    .conststring        download.o
    0x08001ecb   0x00000001   PAD
    0x08001ecc   0x000002a9   Data   RO          147    .conststring        main.o
    0x08002175   0x00000003   PAD
    0x08002178   0x00000000   Data   RO         1549    Region$$Table       anon$$obj.o


    Execution Region RW_IRAM1 (Base: 0x20000000, Size: 0x00000958, Max: 0x0000c000, ABSOLUTE)

    Base Addr    Size         Type   Attr      Idx    E Section Name        Object

    0x20000000   0x00000014   Data   RW           13    .data               common.o
    0x20000014   0x00000001   Data   RW          148    .data               main.o
    0x20000015   0x00000003   PAD
    0x20000018   0x00000014   Data   RW          604    .data               ymodem.o
    0x2000002c   0x0000002c   Data   RW          934    .data               stm32f10x_lib.o
    0x20000058   0x00000400   Zero   RW          127    .bss                download.o
    0x20000458   0x00000100   Zero   RW          603    .bss                ymodem.o
    0x20000558   0x00000400   Zero   RW         1519    STACK               startup_stm32f10x_hd.o

